******************************************************************************
                  TI ARM Linker PC v20.2.1                     
******************************************************************************
>> Linked Wed Sep  9 18:36:11 2020

OUTPUT FILE NAME:   <Lab2_EX3.1.out>
ENTRY POINT SYMBOL: "_c_int00_noargs"  address: 000032e1


MEMORY CONFIGURATION

         name            origin    length      used     unused   attr    fill
----------------------  --------  ---------  --------  --------  ----  --------
  MAIN                  00000000   00040000  0000375d  0003c8a3  R  X
  INFO                  00200000   00004000  00000000  00004000  R  X
  SRAM_CODE             01000000   00010000  000035c8  0000ca38  RW X
  SRAM_DATA             20000000   00010000  000035c8  0000ca38  RW  


SEGMENT ALLOCATION MAP

run origin  load origin   length   init length attrs members
----------  ----------- ---------- ----------- ----- -------
00000000    00000000    00003760   00003760    r-x
  00000000    00000000    000000e4   000000e4    r-- .intvecs
  000000e4    000000e4    000034e0   000034e0    r-x .text
  000035c4    000035c4    00000101   00000101    r-- .const
  000036c8    000036c8    00000098   00000098    r-- .cinit
20000000    20000000    000033cc   00000000    rw-
  20000000    20000000    000029dc   00000000    rw- .bss
  200029e0    200029e0    00000800   00000000    rw- .sysmem
  200031e0    200031e0    000001ec   00000000    rw- .data
2000fe00    2000fe00    00000200   00000000    rw-
  2000fe00    2000fe00    00000200   00000000    rw- .stack


SECTION ALLOCATION MAP

 output                                  attributes/
section   page    origin      length       input sections
--------  ----  ----------  ----------   ----------------
.intvecs   0    00000000    000000e4     
                  00000000    000000e4     startup_msp432p401r_ccs.obj (.intvecs:retain)

.text      0    000000e4    000034e0     
                  000000e4    00000a4e     rtsv7M4_T_le_v4SPD16_eabi.lib : _printfi.c.obj (.text:__TI_printfi)
                  00000b32    00000002     startup_msp432p401r_ccs.obj (.text:Default_Handler)
                  00000b34    00000598     crc32_32-bit_signature_calculation.obj (.text:main)
                  000010cc    00000270     rtsv7M4_T_le_v4SPD16_eabi.lib : _printfi.c.obj (.text:_pconv_a)
                  0000133c    000001d0                                   : _printfi.c.obj (.text:_pconv_g)
                  0000150c    000001b6                                   : fd_add_t2.asm.obj (.text)
                  000016c2    00000002                                   : _lock.c.obj (.text:_nop)
                  000016c4    0000013c                                   : _printfi.c.obj (.text:_pconv_e)
                  00001800    00000136                                   : fd_div_t2.asm.obj (.text)
                  00001936    00000002                                   : div0.asm.obj (.text)
                  00001938    00000124                                   : _printfi.c.obj (.text:fcvt)
                  00001a5c    00000114                                   : fputs.c.obj (.text:fputs)
                  00001b70    00000110                                   : s_scalbn.c.obj (.text:scalbn)
                  00001c80    00000108                                   : memory.c.obj (.text:aligned_alloc)
                  00001d88    00000104     msp432p4xx_driverlib.lib : cs.o (.text:_CSComputeCLKFrequency)
                  00001e8c    000000fc     rtsv7M4_T_le_v4SPD16_eabi.lib : fd_mul_t2.asm.obj (.text)
                  00001f88    000000f8     msp432p4xx_driverlib.lib : cs.o (.text:CS_getDCOFrequency)
                  00002080    000000e4     rtsv7M4_T_le_v4SPD16_eabi.lib : memory.c.obj (.text:free)
                  00002164    000000dc                                   : setvbuf.c.obj (.text:setvbuf)
                  00002240    000000b1                                   : _printfi.c.obj (.text:_ltostr)
                  000022f1    00000001     --HOLE-- [fill = 0]
                  000022f2    0000009c                                   : memcpy_t2.asm.obj (.text)
                  0000238e    00000096                                   : ull_div_t2.asm.obj (.text)
                  00002424    00000094     msp432p4xx_driverlib.lib : sysctl_a.o (.text:SysCtl_A_getTLVInfo)
                  000024b8    0000008c     rtsv7M4_T_le_v4SPD16_eabi.lib : fputc.c.obj (.text:fputc)
                  00002544    00000086                                   : fd_cmp_t2.asm.obj (.text:__aeabi_cdcmple)
                  000025ca    00000086                                   : fd_cmp_t2.asm.obj (.text:__aeabi_cdrcmple)
                  00002650    0000007c     msp432p4xx_driverlib.lib : cs.o (.text:_CSGetDOCFrequency)
                  000026cc    0000007a     rtsv7M4_T_le_v4SPD16_eabi.lib : memset_t2.asm.obj (.text)
                  00002746    00000002     --HOLE-- [fill = 0]
                  00002748    00000078     system_msp432p401r.obj (.text:SystemInit)
                  000027c0    00000074     rtsv7M4_T_le_v4SPD16_eabi.lib : fclose.c.obj (.text:__TI_closefile)
                  00002834    00000074     crc32_32-bit_signature_calculation.obj (.text:calculateCRC32)
                  000028a8    00000070     rtsv7M4_T_le_v4SPD16_eabi.lib : memory.c.obj (.text:split)
                  00002918    0000006e                                   : _printfi.c.obj (.text:_mcpy)
                  00002986    00000002     --HOLE-- [fill = 0]
                  00002988    0000006c                                   : hostrename.c.obj (.text:HOSTrename)
                  000029f4    00000068                                   : hostlseek.c.obj (.text:HOSTlseek)
                  00002a5c    00000068                                   : copy_decompress_lzss.c.obj (.text:decompress:lzss:__TI_decompress_lzss)
                  00002ac4    00000068                                   : printf.c.obj (.text:printf)
                  00002b2c    00000064                                   : s_frexp.c.obj (.text:frexp)
                  00002b90    00000064                                   : fseek.c.obj (.text:fseek)
                  00002bf4    00000062     msp432p4xx_driverlib.lib : cs.o (.text:_CSGetDividerValue)
                  00002c56    00000062     rtsv7M4_T_le_v4SPD16_eabi.lib : _io_perm.c.obj (.text:__TI_wrt_ok)
                  00002cb8    00000060                                   : hostopen.c.obj (.text:HOSTopen)
                  00002d18    0000005c                                   : close.c.obj (.text:close)
                  00002d74    00000058                                   : hostread.c.obj (.text:HOSTread)
                  00002dcc    00000058                                   : hostwrite.c.obj (.text:HOSTwrite)
                  00002e24    00000056                                   : _printfi.c.obj (.text:_pconv_f)
                  00002e7a    00000054                                   : _ltoa.c.obj (.text:__TI_ltoa)
                  00002ece    00000052                                   : _printfi.c.obj (.text:_ecpy)
                  00002f20    0000004c                                   : fflush.c.obj (.text:__TI_doflush)
                  00002f6c    0000004c                                   : atoi.c.obj (.text:atoi)
                  00002fb8    00000048                                   : exit.c.obj (.text:exit)
                  00003000    00000048                                   : fd_toi_t2.asm.obj (.text)
                  00003048    00000044                                   : hostclose.c.obj (.text:HOSTclose)
                  0000308c    00000044                                   : hostunlink.c.obj (.text:HOSTunlink)
                  000030d0    00000044                                   : autoinit.c.obj (.text:__TI_auto_init_nobinit_nopinit:__TI_auto_init_nobinit_nopinit)
                  00003114    00000044                                   : getdevice.c.obj (.text:getdevice)
                  00003158    0000003e                                   : _printfi.c.obj (.text:_fcpy)
                  00003196    0000003a     crc32_32-bit_signature_calculation.obj (.text:compute_simple_checksum)
                  000031d0    00000038     msp432p4xx_driverlib.lib : crc32.o (.text:CRC32_getResultReversed)
                  00003208    00000038     rtsv7M4_T_le_v4SPD16_eabi.lib : trgmsg.c.obj (.text:__TI_writemsg)
                  00003240    00000036                                   : strncpy.c.obj (.text:strncpy)
                  00003276    00000002     --HOLE-- [fill = 0]
                  00003278    00000034                                   : fopen.c.obj (.text:__TI_cleanup)
                  000032ac    00000034                                   : trgmsg.c.obj (.text:__TI_readmsg)
                  000032e0    00000034                                   : boot_cortex_m.c.obj (.text:_c_int00_noargs:_c_int00_noargs)
                  00003314    00000034                                   : rand.c.obj (.text:rand)
                  00003348    00000030     msp432p4xx_driverlib.lib : cs.o (.text:CS_clearInterruptFlag)
                  00003378    00000030     rtsv7M4_T_le_v4SPD16_eabi.lib : getdevice.c.obj (.text:finddevice)
                  000033a8    0000002e                                   : i_tofd_t2.asm.obj (.text)
                  000033d6    00000002     --HOLE-- [fill = 0]
                  000033d8    0000002c                                   : unlink.c.obj (.text:unlink)
                  00003404    00000028     msp432p4xx_driverlib.lib : cs.o (.text:CS_getMCLK)
                  0000342c    00000028     rtsv7M4_T_le_v4SPD16_eabi.lib : memory.c.obj (.text:free_list_insert)
                  00003454    00000028                                   : lseek.c.obj (.text:lseek)
                  0000347c    00000028                                   : write.c.obj (.text:write)
                  000034a4    00000020                                   : memchr.c.obj (.text:memchr)
                  000034c4    0000001c                                   : memory.c.obj (.text:free_list_remove)
                  000034e0    0000001c                                   : memccpy.c.obj (.text:memccpy)
                  000034fc    0000001a                                   : s_copysign.c.obj (.text:copysign)
                  00003516    00000018                                   : strcmp.c.obj (.text:strcmp)
                  0000352e    00000016                                   : strchr.c.obj (.text:strchr)
                  00003544    00000014                                   : strcpy.c.obj (.text:strcpy)
                  00003558    00000014                                   : strlen.c.obj (.text:strlen)
                  0000356c    00000012                                   : wcslen.c.obj (.text:wcslen)
                  0000357e    0000000e                                   : copy_decompress_none.c.obj (.text:decompress:none:__TI_decompress_none)
                  0000358c    0000000c     startup_msp432p401r_ccs.obj (.text:Reset_Handler)
                  00003598    0000000c     rtsv7M4_T_le_v4SPD16_eabi.lib : copy_zero_init.c.obj (.text:decompress:ZI:__TI_zero_init)
                  000035a4    00000008                                   : errno.c.obj (.text:__aeabi_errno_addr)
                  000035ac    00000008                                   : memory.c.obj (.text:malloc)
                  000035b4    00000004                                   : printf.c.obj (.text:_outc)
                  000035b8    00000004                                   : printf.c.obj (.text:_outs)
                  000035bc    00000004                                   : pre_init.c.obj (.text:_system_pre_init)
                  000035c0    00000004                                   : exit.c.obj (.text:abort:abort)

.const     0    000035c4    00000101     
                  000035c4    00000101     rtsv7M4_T_le_v4SPD16_eabi.lib : ctype.c.obj (.const:.string:_ctypes_)

.cinit     0    000036c8    00000098     
                  000036c8    0000006d     (.cinit..data.load) [load image, compression = lzss]
                  00003735    00000003     --HOLE-- [fill = 0]
                  00003738    0000000c     (__TI_handler_table)
                  00003744    00000004     --HOLE-- [fill = 0]
                  00003748    00000008     (.cinit..bss.load) [load image, compression = zero_init]
                  00003750    00000010     (__TI_cinit_table)

.init_array 
*          0    00000000    00000000     UNINITIALIZED

.binit     0    00000000    00000000     

.bss       0    20000000    000029dc     UNINITIALIZED
                  20000000    00002800     crc32_32-bit_signature_calculation.obj (.bss:myData)
                  20002800    00000120     rtsv7M4_T_le_v4SPD16_eabi.lib : trgmsg.c.obj (.bss:_CIOBUF_)
                  20002920    000000a0     (.common:__TI_tmpnams)
                  200029c0    00000008     msp432p4xx_driverlib.lib : cs.o (.bss)
                  200029c8    00000008     (.common:parmbuf)
                  200029d0    00000004     (.common:hwCalculatedCRC)
                  200029d4    00000004     (.common:myCalculatedCRC)
                  200029d8    00000004     (.common:swCalculatedCRC)

.sysmem    0    200029e0    00000800     UNINITIALIZED
                  200029e0    00000010     rtsv7M4_T_le_v4SPD16_eabi.lib : memory.c.obj (.sysmem)
                  200029f0    000007f0     --HOLE--

.data      0    200031e0    000001ec     UNINITIALIZED
                  200031e0    000000f0     rtsv7M4_T_le_v4SPD16_eabi.lib : defs.c.obj (.data:_ftable)
                  200032d0    00000078                                   : host_device.c.obj (.data:_device)
                  20003348    00000050                                   : host_device.c.obj (.data:_stream)
                  20003398    00000010                                   : defs.c.obj (.data)
                  200033a8    0000000c                                   : exit.c.obj (.data:$O1$$)
                  200033b4    00000008                                   : _lock.c.obj (.data:$O1$$)
                  200033bc    00000008                                   : memory.c.obj (.data:$O1$$)
                  200033c4    00000004                                   : errno.c.obj (.data)
                  200033c8    00000004                                   : rand.c.obj (.data)

.stack     0    2000fe00    00000200     UNINITIALIZED
                  2000fe00    00000004     rtsv7M4_T_le_v4SPD16_eabi.lib : boot_cortex_m.c.obj (.stack)
                  2000fe04    000001fc     --HOLE--

__llvm_prf_cnts 
*          0    20000000    00000000     UNINITIALIZED

MODULE SUMMARY

       Module                                   code    ro data   rw data
       ------                                   ----    -------   -------
    .\
       crc32_32-bit_signature_calculation.obj   1606    0         20504  
       system_msp432p401r.obj                   120     0         0      
    +--+----------------------------------------+-------+---------+---------+
       Total:                                   1726    0         20504  
                                                                         
    .\ccs\
       startup_msp432p401r_ccs.obj              14      228       0      
    +--+----------------------------------------+-------+---------+---------+
       Total:                                   14      228       0      
                                                                         
    C:/ti/simplelink_msp432p4_sdk_3_40_01_02/source/ti/devices/msp432p4xx/driverlib/ccs/msp432p4xx_driverlib.lib
       cs.o                                     818     0         16     
       sysctl_a.o                               148     0         0      
       crc32.o                                  56      0         0      
    +--+----------------------------------------+-------+---------+---------+
       Total:                                   1022    0         16     
                                                                         
    D:\ti\ccs1010\ccs\tools\compiler\ti-cgt-arm_20.2.1.LTS\lib\rtsv7M4_T_le_v4SPD16_eabi.lib
       _printfi.c.obj                           4851    0         0      
       defs.c.obj                               0       0         832    
       memory.c.obj                             680     0         16     
       trgmsg.c.obj                             108     0         576    
       fd_add_t2.asm.obj                        438     0         0      
       host_device.c.obj                        0       0         400    
       fd_div_t2.asm.obj                        310     0         0      
       fputs.c.obj                              276     0         0      
       s_scalbn.c.obj                           272     0         0      
       fd_cmp_t2.asm.obj                        268     0         0      
       ctype.c.obj                              0       257       0      
       fd_mul_t2.asm.obj                        252     0         0      
       setvbuf.c.obj                            220     0         0      
       memcpy_t2.asm.obj                        156     0         0      
       ull_div_t2.asm.obj                       150     0         0      
       fputc.c.obj                              140     0         0      
       memset_t2.asm.obj                        122     0         0      
       fclose.c.obj                             116     0         0      
       getdevice.c.obj                          116     0         0      
       hostopen.c.obj                           96      0         16     
       printf.c.obj                             112     0         0      
       hostrename.c.obj                         108     0         0      
       copy_decompress_lzss.c.obj               104     0         0      
       hostlseek.c.obj                          104     0         0      
       exit.c.obj                               76      0         24     
       fseek.c.obj                              100     0         0      
       s_frexp.c.obj                            100     0         0      
       _io_perm.c.obj                           98      0         0      
       close.c.obj                              92      0         0      
       hostread.c.obj                           88      0         0      
       hostwrite.c.obj                          88      0         0      
       _ltoa.c.obj                              84      0         0      
       atoi.c.obj                               76      0         0      
       fflush.c.obj                             76      0         0      
       fd_toi_t2.asm.obj                        72      0         0      
       autoinit.c.obj                           68      0         0      
       hostclose.c.obj                          68      0         0      
       hostunlink.c.obj                         68      0         0      
       rand.c.obj                               52      0         8      
       strncpy.c.obj                            54      0         0      
       boot_cortex_m.c.obj                      52      0         0      
       fopen.c.obj                              52      0         0      
       i_tofd_t2.asm.obj                        46      0         0      
       unlink.c.obj                             44      0         0      
       lseek.c.obj                              40      0         0      
       write.c.obj                              40      0         0      
       memchr.c.obj                             32      0         0      
       memccpy.c.obj                            28      0         0      
       s_copysign.c.obj                         26      0         0      
       strcmp.c.obj                             24      0         0      
       strchr.c.obj                             22      0         0      
       strcpy.c.obj                             20      0         0      
       strlen.c.obj                             20      0         0      
       _lock.c.obj                              2       0         16     
       wcslen.c.obj                             18      0         0      
       errno.c.obj                              8       0         8      
       copy_decompress_none.c.obj               14      0         0      
       copy_zero_init.c.obj                     12      0         0      
       pre_init.c.obj                           4       0         0      
       div0.asm.obj                             2       0         0      
    +--+----------------------------------------+-------+---------+---------+
       Total:                                   10765   257       1896   
                                                                         
       Heap:                                    0       0         4096   
       Stack:                                   0       0         1024   
       Linker Generated:                        0       145       0      
    +--+----------------------------------------+-------+---------+---------+
       Grand Total:                             13527   630       27536  


LINKER GENERATED COPY TABLES

__TI_cinit_table @ 00003750 records: 2, size/record: 8, table size: 16
	.data: load addr=000036c8, load size=0000006d bytes, run addr=200031e0, run size=000001ec bytes, compression=lzss
	.bss: load addr=00003748, load size=00000008 bytes, run addr=20000000, run size=000029dc bytes, compression=zero_init


LINKER GENERATED HANDLER TABLE

__TI_handler_table @ 00003738 records: 3, size/record: 4, table size: 12
	index: 0, handler: __TI_decompress_lzss
	index: 1, handler: __TI_decompress_none
	index: 2, handler: __TI_zero_init


GLOBAL SYMBOLS: SORTED ALPHABETICALLY BY Name 

address   name                           
-------   ----                           
00000b33  ADC14_IRQHandler               
00000b33  AES256_IRQHandler              
00000b33  BusFault_Handler               
000035c1  C$$EXIT                        
00003237  C$$IO$$                        
00000b33  COMP_E0_IRQHandler             
00000b33  COMP_E1_IRQHandler             
000031d1  CRC32_getResultReversed        
00000b33  CS_IRQHandler                  
00003349  CS_clearInterruptFlag          
00001f89  CS_getDCOFrequency             
00003405  CS_getMCLK                     
00000b33  DMA_ERR_IRQHandler             
00000b33  DMA_INT0_IRQHandler            
00000b33  DMA_INT1_IRQHandler            
00000b33  DMA_INT2_IRQHandler            
00000b33  DMA_INT3_IRQHandler            
00000b33  DebugMon_Handler               
00000b33  Default_Handler                
00000b33  EUSCIA0_IRQHandler             
00000b33  EUSCIA1_IRQHandler             
00000b33  EUSCIA2_IRQHandler             
00000b33  EUSCIA3_IRQHandler             
00000b33  EUSCIB0_IRQHandler             
00000b33  EUSCIB1_IRQHandler             
00000b33  EUSCIB2_IRQHandler             
00000b33  EUSCIB3_IRQHandler             
00000b33  FLCTL_IRQHandler               
00000b33  FPU_IRQHandler                 
00003049  HOSTclose                      
000029f5  HOSTlseek                      
00002cb9  HOSTopen                       
00002d75  HOSTread                       
00002989  HOSTrename                     
0000308d  HOSTunlink                     
00002dcd  HOSTwrite                      
00000b33  HardFault_Handler              
00000b33  MemManage_Handler              
00000b33  NMI_Handler                    
00000b33  PCM_IRQHandler                 
00000b33  PORT1_IRQHandler               
00000b33  PORT2_IRQHandler               
00000b33  PORT3_IRQHandler               
00000b33  PORT4_IRQHandler               
00000b33  PORT5_IRQHandler               
00000b33  PORT6_IRQHandler               
00000b33  PSS_IRQHandler                 
00000b33  PendSV_Handler                 
00000b33  RTC_C_IRQHandler               
0000358d  Reset_Handler                  
00000b33  SVC_Handler                    
00002425  SysCtl_A_getTLVInfo            
00000b33  SysTick_Handler                
00002749  SystemInit                     
00000b33  T32_INT1_IRQHandler            
00000b33  T32_INT2_IRQHandler            
00000b33  T32_INTC_IRQHandler            
00000b33  TA0_0_IRQHandler               
00000b33  TA0_N_IRQHandler               
00000b33  TA1_0_IRQHandler               
00000b33  TA1_N_IRQHandler               
00000b33  TA2_0_IRQHandler               
00000b33  TA2_N_IRQHandler               
00000b33  TA3_0_IRQHandler               
00000b33  TA3_N_IRQHandler               
00000b33  UsageFault_Handler             
4000480c  WDTCTL_SYM                     
00000b33  WDT_A_IRQHandler               
20002800  __CIOBUF_                      
20010000  __STACK_END                    
00000200  __STACK_SIZE                   
00000800  __SYSMEM_SIZE                  
00003750  __TI_CINIT_Base                
00003760  __TI_CINIT_Limit               
00003738  __TI_Handler_Table_Base        
00003744  __TI_Handler_Table_Limit       
000030d1  __TI_auto_init_nobinit_nopinit 
00003279  __TI_cleanup                   
200033a8  __TI_cleanup_ptr               
000027c1  __TI_closefile                 
00002a5d  __TI_decompress_lzss           
0000357f  __TI_decompress_none           
00002f21  __TI_doflush                   
200033ac  __TI_dtors_ptr                 
200033b0  __TI_enable_exit_profile_output
20003398  __TI_ft_end                    
00002e7b  __TI_ltoa                      
ffffffff  __TI_pprof_out_hndl            
000000e5  __TI_printfi                   
ffffffff  __TI_prof_data_size            
ffffffff  __TI_prof_data_start           
000032ad  __TI_readmsg                   
00000000  __TI_static_base__             
20002920  __TI_tmpnams                   
00003209  __TI_writemsg                  
00002c57  __TI_wrt_ok                    
00003599  __TI_zero_init                 
00002545  __aeabi_cdcmpeq                
00002545  __aeabi_cdcmple                
000025cb  __aeabi_cdrcmple               
00003001  __aeabi_d2iz                   
00001517  __aeabi_dadd                   
00001801  __aeabi_ddiv                   
00001e8d  __aeabi_dmul                   
0000150d  __aeabi_dsub                   
000035a5  __aeabi_errno_addr             
000033a9  __aeabi_i2d                    
00001937  __aeabi_idiv0                  
00001937  __aeabi_ldiv0                  
000026cd  __aeabi_memclr                 
000026cd  __aeabi_memclr4                
000026cd  __aeabi_memclr8                
000022f3  __aeabi_memcpy                 
000022f3  __aeabi_memcpy4                
000022f3  __aeabi_memcpy8                
000026cf  __aeabi_memset                 
000026cf  __aeabi_memset4                
000026cf  __aeabi_memset8                
200033a4  __aeabi_stderr                 
2000339c  __aeabi_stdin                  
200033a0  __aeabi_stdout                 
0000238f  __aeabi_uldivmod               
ffffffff  __binit__                      
ffffffff  __c_args__                     
UNDEFED   __mpu_init                     
2000fe00  __stack                        
20000000  __start___llvm_prf_cnts        
20000000  __stop___llvm_prf_cnts         
000032e1  _c_int00_noargs                
000035c4  _ctypes_                       
200032d0  _device                        
200031e0  _ftable                        
200033b4  _lock                          
000016c3  _nop                           
20003348  _stream                        
200029e0  _sys_memory                    
UNDEFED   _system_post_cinit             
000035bd  _system_pre_init               
200033b8  _unlock                        
000035c1  abort                          
00001c81  aligned_alloc                  
00002f6d  atoi                           
ffffffff  binit                          
00002d19  close                          
000034fd  copysign                       
000034fd  copysignl                      
200033c4  errno                          
00002fb9  exit                           
00003379  finddevice                     
000024b9  fputc                          
00001a5d  fputs                          
00002081  free                           
00002b2d  frexp                          
00002b2d  frexpl                         
00002b91  fseek                          
00003115  getdevice                      
200029d0  hwCalculatedCRC                
00000000  interruptVectors               
00001b71  ldexp                          
00001b71  ldexpl                         
00003455  lseek                          
00000b35  main                           
000035ad  malloc                         
00001c81  memalign                       
000034e1  memccpy                        
000034a5  memchr                         
000022f3  memcpy                         
000026d5  memset                         
200029d4  myCalculatedCRC                
200029c8  parmbuf                        
00002ac5  printf                         
000024b9  putc                           
00003315  rand                           
000033d9  remove                         
00001b71  scalbn                         
00001b71  scalbnl                        
00002165  setvbuf                        
0000352f  strchr                         
00003517  strcmp                         
00003545  strcpy                         
00003559  strlen                         
00003241  strncpy                        
200029d8  swCalculatedCRC                
000033d9  unlink                         
0000356d  wcslen                         
0000347d  write                          


GLOBAL SYMBOLS: SORTED BY Symbol Address 

address   name                           
-------   ----                           
00000000  __TI_static_base__             
00000000  interruptVectors               
000000e5  __TI_printfi                   
00000200  __STACK_SIZE                   
00000800  __SYSMEM_SIZE                  
00000b33  ADC14_IRQHandler               
00000b33  AES256_IRQHandler              
00000b33  BusFault_Handler               
00000b33  COMP_E0_IRQHandler             
00000b33  COMP_E1_IRQHandler             
00000b33  CS_IRQHandler                  
00000b33  DMA_ERR_IRQHandler             
00000b33  DMA_INT0_IRQHandler            
00000b33  DMA_INT1_IRQHandler            
00000b33  DMA_INT2_IRQHandler            
00000b33  DMA_INT3_IRQHandler            
00000b33  DebugMon_Handler               
00000b33  Default_Handler                
00000b33  EUSCIA0_IRQHandler             
00000b33  EUSCIA1_IRQHandler             
00000b33  EUSCIA2_IRQHandler             
00000b33  EUSCIA3_IRQHandler             
00000b33  EUSCIB0_IRQHandler             
00000b33  EUSCIB1_IRQHandler             
00000b33  EUSCIB2_IRQHandler             
00000b33  EUSCIB3_IRQHandler             
00000b33  FLCTL_IRQHandler               
00000b33  FPU_IRQHandler                 
00000b33  HardFault_Handler              
00000b33  MemManage_Handler              
00000b33  NMI_Handler                    
00000b33  PCM_IRQHandler                 
00000b33  PORT1_IRQHandler               
00000b33  PORT2_IRQHandler               
00000b33  PORT3_IRQHandler               
00000b33  PORT4_IRQHandler               
00000b33  PORT5_IRQHandler               
00000b33  PORT6_IRQHandler               
00000b33  PSS_IRQHandler                 
00000b33  PendSV_Handler                 
00000b33  RTC_C_IRQHandler               
00000b33  SVC_Handler                    
00000b33  SysTick_Handler                
00000b33  T32_INT1_IRQHandler            
00000b33  T32_INT2_IRQHandler            
00000b33  T32_INTC_IRQHandler            
00000b33  TA0_0_IRQHandler               
00000b33  TA0_N_IRQHandler               
00000b33  TA1_0_IRQHandler               
00000b33  TA1_N_IRQHandler               
00000b33  TA2_0_IRQHandler               
00000b33  TA2_N_IRQHandler               
00000b33  TA3_0_IRQHandler               
00000b33  TA3_N_IRQHandler               
00000b33  UsageFault_Handler             
00000b33  WDT_A_IRQHandler               
00000b35  main                           
0000150d  __aeabi_dsub                   
00001517  __aeabi_dadd                   
000016c3  _nop                           
00001801  __aeabi_ddiv                   
00001937  __aeabi_idiv0                  
00001937  __aeabi_ldiv0                  
00001a5d  fputs                          
00001b71  ldexp                          
00001b71  ldexpl                         
00001b71  scalbn                         
00001b71  scalbnl                        
00001c81  aligned_alloc                  
00001c81  memalign                       
00001e8d  __aeabi_dmul                   
00001f89  CS_getDCOFrequency             
00002081  free                           
00002165  setvbuf                        
000022f3  __aeabi_memcpy                 
000022f3  __aeabi_memcpy4                
000022f3  __aeabi_memcpy8                
000022f3  memcpy                         
0000238f  __aeabi_uldivmod               
00002425  SysCtl_A_getTLVInfo            
000024b9  fputc                          
000024b9  putc                           
00002545  __aeabi_cdcmpeq                
00002545  __aeabi_cdcmple                
000025cb  __aeabi_cdrcmple               
000026cd  __aeabi_memclr                 
000026cd  __aeabi_memclr4                
000026cd  __aeabi_memclr8                
000026cf  __aeabi_memset                 
000026cf  __aeabi_memset4                
000026cf  __aeabi_memset8                
000026d5  memset                         
00002749  SystemInit                     
000027c1  __TI_closefile                 
00002989  HOSTrename                     
000029f5  HOSTlseek                      
00002a5d  __TI_decompress_lzss           
00002ac5  printf                         
00002b2d  frexp                          
00002b2d  frexpl                         
00002b91  fseek                          
00002c57  __TI_wrt_ok                    
00002cb9  HOSTopen                       
00002d19  close                          
00002d75  HOSTread                       
00002dcd  HOSTwrite                      
00002e7b  __TI_ltoa                      
00002f21  __TI_doflush                   
00002f6d  atoi                           
00002fb9  exit                           
00003001  __aeabi_d2iz                   
00003049  HOSTclose                      
0000308d  HOSTunlink                     
000030d1  __TI_auto_init_nobinit_nopinit 
00003115  getdevice                      
000031d1  CRC32_getResultReversed        
00003209  __TI_writemsg                  
00003237  C$$IO$$                        
00003241  strncpy                        
00003279  __TI_cleanup                   
000032ad  __TI_readmsg                   
000032e1  _c_int00_noargs                
00003315  rand                           
00003349  CS_clearInterruptFlag          
00003379  finddevice                     
000033a9  __aeabi_i2d                    
000033d9  remove                         
000033d9  unlink                         
00003405  CS_getMCLK                     
00003455  lseek                          
0000347d  write                          
000034a5  memchr                         
000034e1  memccpy                        
000034fd  copysign                       
000034fd  copysignl                      
00003517  strcmp                         
0000352f  strchr                         
00003545  strcpy                         
00003559  strlen                         
0000356d  wcslen                         
0000357f  __TI_decompress_none           
0000358d  Reset_Handler                  
00003599  __TI_zero_init                 
000035a5  __aeabi_errno_addr             
000035ad  malloc                         
000035bd  _system_pre_init               
000035c1  C$$EXIT                        
000035c1  abort                          
000035c4  _ctypes_                       
00003738  __TI_Handler_Table_Base        
00003744  __TI_Handler_Table_Limit       
00003750  __TI_CINIT_Base                
00003760  __TI_CINIT_Limit               
20000000  __start___llvm_prf_cnts        
20000000  __stop___llvm_prf_cnts         
20002800  __CIOBUF_                      
20002920  __TI_tmpnams                   
200029c8  parmbuf                        
200029d0  hwCalculatedCRC                
200029d4  myCalculatedCRC                
200029d8  swCalculatedCRC                
200029e0  _sys_memory                    
200031e0  _ftable                        
200032d0  _device                        
20003348  _stream                        
20003398  __TI_ft_end                    
2000339c  __aeabi_stdin                  
200033a0  __aeabi_stdout                 
200033a4  __aeabi_stderr                 
200033a8  __TI_cleanup_ptr               
200033ac  __TI_dtors_ptr                 
200033b0  __TI_enable_exit_profile_output
200033b4  _lock                          
200033b8  _unlock                        
200033c4  errno                          
2000fe00  __stack                        
20010000  __STACK_END                    
4000480c  WDTCTL_SYM                     
ffffffff  __TI_pprof_out_hndl            
ffffffff  __TI_prof_data_size            
ffffffff  __TI_prof_data_start           
ffffffff  __binit__                      
ffffffff  __c_args__                     
ffffffff  binit                          
UNDEFED   __mpu_init                     
UNDEFED   _system_post_cinit             

[186 symbols]
