******************************************************************************
                  TI ARM Linker PC v20.2.1                     
******************************************************************************
>> Linked Wed Sep  2 14:41:17 2020

OUTPUT FILE NAME:   <Lab2_EX1.3.out>
ENTRY POINT SYMBOL: "_c_int00_noinit_noargs"  address: 00000229


MEMORY CONFIGURATION

         name            origin    length      used     unused   attr    fill
----------------------  --------  ---------  --------  --------  ----  --------
  MAIN                  00000000   00040000  000002c2  0003fd3e  R  X
  INFO                  00200000   00004000  00000000  00004000  R  X
  SRAM_CODE             01000000   00010000  00000200  0000fe00  RW X
  SRAM_DATA             20000000   00010000  00000200  0000fe00  RW  


SEGMENT ALLOCATION MAP

run origin  load origin   length   init length attrs members
----------  ----------- ---------- ----------- ----- -------
00000000    00000000    000002c4   000002c4    r-x
  00000000    00000000    000000e4   000000e4    r-- .intvecs
  000000e4    000000e4    000001ae   000001ae    r-x .text
  00000294    00000294    00000030   00000030    r-- .const
2000fe00    2000fe00    00000200   00000000    rw-
  2000fe00    2000fe00    00000200   00000000    rw- .stack


SECTION ALLOCATION MAP

 output                                  attributes/
section   page    origin      length       input sections
--------  ----  ----------  ----------   ----------------
.intvecs   0    00000000    000000e4     
                  00000000    000000e4     startup_msp432p401r_ccs.obj (.intvecs:retain)

.text      0    000000e4    000001ae     
                  000000e4    000000cc     gpio_toggle_output.obj (.text:main)
                  000001b0    00000078     system_msp432p401r.obj (.text:SystemInit)
                  00000228    0000002c     rtsv7M4_T_le_v4SPD16_eabi.lib : boot_cortex_m.c.obj (.text:_c_int00_noinit_noargs:_c_int00_noinit_noargs)
                  00000254    00000028     msp432p4xx_driverlib.lib : gpio.o (.text:GPIO_setOutputLowOnPin)
                  0000027c    0000000c     startup_msp432p401r_ccs.obj (.text:Reset_Handler)
                  00000288    00000004     rtsv7M4_T_le_v4SPD16_eabi.lib : pre_init.c.obj (.text:_system_pre_init)
                  0000028c    00000004                                   : exit.c.obj (.text:abort:abort)
                  00000290    00000002     startup_msp432p401r_ccs.obj (.text:Default_Handler)

.const     0    00000294    00000030     
                  00000294    00000030     msp432p4xx_driverlib.lib : gpio.o (.const:GPIO_PORT_TO_BASE)

.cinit     0    00000000    00000000     UNINITIALIZED

.init_array 
*          0    00000000    00000000     UNINITIALIZED

.binit     0    00000000    00000000     

.stack     0    2000fe00    00000200     UNINITIALIZED
                  2000fe00    00000004     rtsv7M4_T_le_v4SPD16_eabi.lib : boot_cortex_m.c.obj (.stack)
                  2000fe04    000001fc     --HOLE--

__llvm_prf_cnts 
*          0    20000000    00000000     UNINITIALIZED

MODULE SUMMARY

       Module                        code   ro data   rw data
       ------                        ----   -------   -------
    .\
       gpio_toggle_output.obj        204    0         0      
       system_msp432p401r.obj        120    0         0      
    +--+-----------------------------+------+---------+---------+
       Total:                        324    0         0      
                                                             
    .\ccs\
       startup_msp432p401r_ccs.obj   14     228       0      
    +--+-----------------------------+------+---------+---------+
       Total:                        14     228       0      
                                                             
    C:/ti/simplelink_msp432p4_sdk_3_40_01_02/source/ti/devices/msp432p4xx/driverlib/ccs/msp432p4xx_driverlib.lib
       gpio.o                        40     48        0      
    +--+-----------------------------+------+---------+---------+
       Total:                        40     48        0      
                                                             
    D:\ti\ccs1010\ccs\tools\compiler\ti-cgt-arm_20.2.1.LTS\lib\rtsv7M4_T_le_v4SPD16_eabi.lib
       boot_cortex_m.c.obj           44     0         0      
       exit.c.obj                    4      0         0      
       pre_init.c.obj                4      0         0      
    +--+-----------------------------+------+---------+---------+
       Total:                        52     0         0      
                                                             
       Stack:                        0      0         1024   
    +--+-----------------------------+------+---------+---------+
       Grand Total:                  430    276       1024   


GLOBAL SYMBOLS: SORTED ALPHABETICALLY BY Name 

address   name                   
-------   ----                   
00000291  ADC14_IRQHandler       
00000291  AES256_IRQHandler      
00000291  BusFault_Handler       
0000028d  C$$EXIT                
00000291  COMP_E0_IRQHandler     
00000291  COMP_E1_IRQHandler     
00000291  CS_IRQHandler          
00000291  DMA_ERR_IRQHandler     
00000291  DMA_INT0_IRQHandler    
00000291  DMA_INT1_IRQHandler    
00000291  DMA_INT2_IRQHandler    
00000291  DMA_INT3_IRQHandler    
00000291  DebugMon_Handler       
00000291  Default_Handler        
00000291  EUSCIA0_IRQHandler     
00000291  EUSCIA1_IRQHandler     
00000291  EUSCIA2_IRQHandler     
00000291  EUSCIA3_IRQHandler     
00000291  EUSCIB0_IRQHandler     
00000291  EUSCIB1_IRQHandler     
00000291  EUSCIB2_IRQHandler     
00000291  EUSCIB3_IRQHandler     
00000291  FLCTL_IRQHandler       
00000291  FPU_IRQHandler         
00000255  GPIO_setOutputLowOnPin 
00000291  HardFault_Handler      
00000291  MemManage_Handler      
00000291  NMI_Handler            
00000291  PCM_IRQHandler         
00000291  PORT1_IRQHandler       
00000291  PORT2_IRQHandler       
00000291  PORT3_IRQHandler       
00000291  PORT4_IRQHandler       
00000291  PORT5_IRQHandler       
00000291  PORT6_IRQHandler       
00000291  PSS_IRQHandler         
00000291  PendSV_Handler         
00000291  RTC_C_IRQHandler       
0000027d  Reset_Handler          
00000291  SVC_Handler            
00000291  SysTick_Handler        
000001b1  SystemInit             
00000291  T32_INT1_IRQHandler    
00000291  T32_INT2_IRQHandler    
00000291  T32_INTC_IRQHandler    
00000291  TA0_0_IRQHandler       
00000291  TA0_N_IRQHandler       
00000291  TA1_0_IRQHandler       
00000291  TA1_N_IRQHandler       
00000291  TA2_0_IRQHandler       
00000291  TA2_N_IRQHandler       
00000291  TA3_0_IRQHandler       
00000291  TA3_N_IRQHandler       
00000291  UsageFault_Handler     
4000480c  WDTCTL_SYM             
00000291  WDT_A_IRQHandler       
20010000  __STACK_END            
00000200  __STACK_SIZE           
ffffffff  __TI_pprof_out_hndl    
ffffffff  __TI_prof_data_size    
ffffffff  __TI_prof_data_start   
00000000  __TI_static_base__     
ffffffff  __binit__              
ffffffff  __c_args__             
UNDEFED   __mpu_init             
2000fe00  __stack                
20000000  __start___llvm_prf_cnts
20000000  __stop___llvm_prf_cnts 
00000229  _c_int00_noinit_noargs 
00000289  _system_pre_init       
0000028d  abort                  
ffffffff  binit                  
00000000  interruptVectors       
000000e5  main                   


GLOBAL SYMBOLS: SORTED BY Symbol Address 

address   name                   
-------   ----                   
00000000  __TI_static_base__     
00000000  interruptVectors       
000000e5  main                   
000001b1  SystemInit             
00000200  __STACK_SIZE           
00000229  _c_int00_noinit_noargs 
00000255  GPIO_setOutputLowOnPin 
0000027d  Reset_Handler          
00000289  _system_pre_init       
0000028d  C$$EXIT                
0000028d  abort                  
00000291  ADC14_IRQHandler       
00000291  AES256_IRQHandler      
00000291  BusFault_Handler       
00000291  COMP_E0_IRQHandler     
00000291  COMP_E1_IRQHandler     
00000291  CS_IRQHandler          
00000291  DMA_ERR_IRQHandler     
00000291  DMA_INT0_IRQHandler    
00000291  DMA_INT1_IRQHandler    
00000291  DMA_INT2_IRQHandler    
00000291  DMA_INT3_IRQHandler    
00000291  DebugMon_Handler       
00000291  Default_Handler        
00000291  EUSCIA0_IRQHandler     
00000291  EUSCIA1_IRQHandler     
00000291  EUSCIA2_IRQHandler     
00000291  EUSCIA3_IRQHandler     
00000291  EUSCIB0_IRQHandler     
00000291  EUSCIB1_IRQHandler     
00000291  EUSCIB2_IRQHandler     
00000291  EUSCIB3_IRQHandler     
00000291  FLCTL_IRQHandler       
00000291  FPU_IRQHandler         
00000291  HardFault_Handler      
00000291  MemManage_Handler      
00000291  NMI_Handler            
00000291  PCM_IRQHandler         
00000291  PORT1_IRQHandler       
00000291  PORT2_IRQHandler       
00000291  PORT3_IRQHandler       
00000291  PORT4_IRQHandler       
00000291  PORT5_IRQHandler       
00000291  PORT6_IRQHandler       
00000291  PSS_IRQHandler         
00000291  PendSV_Handler         
00000291  RTC_C_IRQHandler       
00000291  SVC_Handler            
00000291  SysTick_Handler        
00000291  T32_INT1_IRQHandler    
00000291  T32_INT2_IRQHandler    
00000291  T32_INTC_IRQHandler    
00000291  TA0_0_IRQHandler       
00000291  TA0_N_IRQHandler       
00000291  TA1_0_IRQHandler       
00000291  TA1_N_IRQHandler       
00000291  TA2_0_IRQHandler       
00000291  TA2_N_IRQHandler       
00000291  TA3_0_IRQHandler       
00000291  TA3_N_IRQHandler       
00000291  UsageFault_Handler     
00000291  WDT_A_IRQHandler       
20000000  __start___llvm_prf_cnts
20000000  __stop___llvm_prf_cnts 
2000fe00  __stack                
20010000  __STACK_END            
4000480c  WDTCTL_SYM             
ffffffff  __TI_pprof_out_hndl    
ffffffff  __TI_prof_data_size    
ffffffff  __TI_prof_data_start   
ffffffff  __binit__              
ffffffff  __c_args__             
ffffffff  binit                  
UNDEFED   __mpu_init             

[74 symbols]
