******************************************************************************
                  TI ARM Linker PC v20.2.1                     
******************************************************************************
>> Linked Sun Nov 22 20:22:05 2020

OUTPUT FILE NAME:   <Lab7_Ex2.3.out>
ENTRY POINT SYMBOL: "_c_int00"  address: 00006649


MEMORY CONFIGURATION

         name            origin    length      used     unused   attr    fill
----------------------  --------  ---------  --------  --------  ----  --------
  MAIN                  00000000   00040000  0000b121  00034edf  R  X
  INFO                  00200000   00004000  00000000  00004000  R  X
  SRAM_CODE             01000000   00010000  0000a505  00005afb  RW X
  SRAM_DATA             20000000   00010000  0000a505  00005afb  RW  


SEGMENT ALLOCATION MAP

run origin  load origin   length   init length attrs members
----------  ----------- ---------- ----------- ----- -------
00000000    00000000    0000b128   0000b128    r-x
  00000000    00000000    0000003c   0000003c    r-- .resetVecs
  00000040    00000040    00008eb2   00008eb2    r-x .text
  00008ef4    00008ef4    00001fbb   00001fbb    r-- .const
  0000aeb0    0000aeb0    00000278   00000278    r-- .cinit
20000140    20000140    00008000   00000000    r--
  20000140    20000140    00008000   00000000    r-- .priheap
20008140    20008140    00001fc5   00000000    rw-
  20008140    20008140    0000187c   00000000    rw- .bss
  200099bc    200099bc    00000749   00000000    rw- .data
2000fc00    2000fc00    00000400   00000000    rw-
  2000fc00    2000fc00    00000400   00000000    rw- .stack


SECTION ALLOCATION MAP

 output                                  attributes/
section   page    origin      length       input sections
--------  ----  ----------  ----------   ----------------
.text      0    00000040    00008eb2     
                  00000040    00000a4e     rtsv7M4_T_le_v4SPD16_eabi.lib : _printfi.c.obj (.text:__TI_printfi)
                  00000a8e    00000002     ti_drivers_config.obj (.text:Board_initHook)
                  00000a90    00000430     sysbios.aem4f : BIOS.obj (.text:ti_sysbios_family_arm_m3_Hwi_excDumpRegs__I)
                  00000ec0    00000340     ti.targets.arm.rtsarm.aem4f : System.oem4f (.text:xdc_runtime_System_doPrint__I)
                  00001200    000002f8     drivers_msp432p401x.aem4f : PowerMSP432.oem4f (.text:Power_sleep)
                  000014f8    000002d0                               : UARTMSP432.oem4f (.text:UARTMSP432_open)
                  000017c8    0000028a     msp432p4xx_driverlib.lib : pcm.o (.text:__PCM_setPowerStateAdvanced)
                  00001a52    00000002     dpl_msp432p401x.aem4f : PowerMSP432_tirtos.oem4f (.text:PowerMSP432_initPolicy)
                  00001a54    00000288     drivers_msp432p401x.aem4f : PowerMSP432.oem4f (.text:initPerfControl)
                  00001cdc    00000270     rtsv7M4_T_le_v4SPD16_eabi.lib : _printfi.c.obj (.text:_pconv_a)
                  00001f4c    000001d0                                   : _printfi.c.obj (.text:_pconv_g)
                  0000211c    000001b6                                   : fd_add_t2.asm.obj (.text)
                  000022d2    00000006     ti.targets.arm.rtsarm.aem4f : System.oem4f (.text:xdc_runtime_System_Module_startup__E)
                  000022d8    00000174     sysbios.aem4f : BIOS.obj (.text:ti_sysbios_family_arm_m3_Hwi_excBusFault__I)
                  0000244c    00000004     msp432p4xx_driverlib.lib : cpu.o (.text:CPU_wfi)
                  00002450    00000164     sysbios.aem4f : BIOS.obj (.text:ti_sysbios_family_arm_m3_Hwi_excUsageFault__I)
                  000025b4    0000015c     msp432p4xx_driverlib.lib : pcm.o (.text:__PCM_setPowerModeAdvanced)
                  00002710    00000148     sysbios.aem4f : BIOS.obj (.text:ti_sysbios_family_arm_m3_Hwi_excMemFault__I)
                  00002858    0000013c     rtsv7M4_T_le_v4SPD16_eabi.lib : _printfi.c.obj (.text:_pconv_e)
                  00002994    00000004     dpl_msp432p401x.aem4f : ClockP_tirtos.oem4f (.text:ClockP_setTimeout)
                  00002998    00000138     sysbios.aem4f : BIOS.obj (.text:ti_sysbios_knl_Semaphore_pend__E)
                  00002ad0    00000136     rtsv7M4_T_le_v4SPD16_eabi.lib : fd_div_t2.asm.obj (.text)
                  00002c06    00000002     drivers_msp432p401x.aem4f : UARTMSP432.oem4f (.text:UARTMSP432_init)
                  00002c08    00000124     rtsv7M4_T_le_v4SPD16_eabi.lib : _printfi.c.obj (.text:fcvt)
                  00002d2c    0000011c     msp432p4xx_driverlib.lib : uart.o (.text:UART_initModule)
                  00002e48    00000114     rtsv7M4_T_le_v4SPD16_eabi.lib : fputs.c.obj (.text:fputs)
                  00002f5c    00000110                                   : s_scalbn.c.obj (.text:scalbn)
                  0000306c    00000108     msp432p4xx_driverlib.lib : pcm.o (.text:__PCM_setCoreVoltageLevelAdvanced)
                  00003174    00000004     dpl_msp432p401x.aem4f : ClockP_tirtos.oem4f (.text:ClockP_start)
                  00003178    00000108     sysbios.aem4f : BIOS.obj (.text:ti_sysbios_family_arm_m3_Hwi_excFillContext__I)
                  00003280    00000108                   : BIOS.obj (.text:ti_sysbios_family_arm_m3_Hwi_excHandlerMax__I)
                  00003388    00000106     hello_pem4f.oem4f (.text:xdc_runtime_System_printfExtend__I)
                  0000348e    000000fc     rtsv7M4_T_le_v4SPD16_eabi.lib : fd_mul_t2.asm.obj (.text)
                  0000358a    00000002                                   : _lock.c.obj (.text:_nop)
                  0000358c    000000fc     ti.targets.arm.rtsarm.aem4f : Startup.oem4f (.text:xdc_runtime_Startup_startMods__I)
                  00003688    000000f0     sysbios.aem4f : m3_Hwi_asm.obj (.text:ti_sysbios_family_arm_m3_Hwi_dispatch__I)
                  00003778    000000e8     ti.targets.arm.rtsarm.aem4f : Core-mem.oem4f (.text:xdc_runtime_Core_createObject__I)
                  00003860    000000e8                                 : Error.oem4f (.text:xdc_runtime_Error_policyDefault__E)
                  00003948    000000e4     msp432p4xx_driverlib.lib : cs.o (.text:CS_startHFXTWithTimeout)
                  00003a2c    000000e0                              : cs.o (.text:CS_startLFXTWithTimeout)
                  00003b0c    000000dc     drivers_msp432p401x.aem4f : UARTMSP432.oem4f (.text:UARTMSP432_readPolling)
                  00003be8    000000dc     msp432p4xx_driverlib.lib : cs.o (.text:_CSGetHFXTFrequency)
                  00003cc4    000000dc     rtsv7M4_T_le_v4SPD16_eabi.lib : setvbuf.c.obj (.text:setvbuf)
                  00003da0    000000cc     ti.targets.arm.rtsarm.aem4f : Core-smem.oem4f (.text:xdc_runtime_Core_constructObject__I)
                  00003e6c    000000ca     drivers_msp432p401x.aem4f : UARTMSP432.oem4f (.text:UARTMSP432_hwiIntFxn)
                  00003f36    00000002     rtsv7M4_T_le_v4SPD16_eabi.lib : div0.asm.obj (.text)
                  00003f38    000000c8     sysbios.aem4f : BIOS.obj (.text:ti_sysbios_family_arm_msp432_init_Boot_setupCS)
                  00004000    000000c8                   : BIOS.obj (.text:ti_sysbios_knl_Task_sleep__E)
                  000040c8    000000c4                   : BIOS.obj (.text:ti_sysbios_knl_Task_Instance_init__E)
                  0000418c    00000004     dpl_msp432p401x.aem4f : ClockP_tirtos.oem4f (.text:ClockP_stop)
                  00004190    000000bc     sysbios.aem4f : BIOS.obj (.text:ti_sysbios_family_arm_m3_Hwi_excDebugMon__I)
                  0000424c    00000004     dpl_msp432p401x.aem4f : HwiP_tirtos.oem4f (.text:HwiP_disable)
                  00004250    000000bc     sysbios.aem4f : BIOS.obj (.text:ti_sysbios_family_arm_m3_Hwi_excHardFault__I)
                  0000430c    00000004     dpl_msp432p401x.aem4f : SemaphoreP_tirtos.oem4f (.text:SemaphoreP_post)
                  00004310    000000bc     sysbios.aem4f : BIOS.obj (.text:ti_sysbios_knl_Task_Instance_finalize__E)
                  000043cc    000000b8     drivers_msp432p401x.aem4f : UARTMSP432.oem4f (.text:initHw)
                  00004484    000000b8                               : UARTMSP432.oem4f (.text:readTaskCallback)
                  0000453c    000000b4                               : UARTMSP432.oem4f (.text:UARTMSP432_control)
                  000045f0    000000b4                               : UARTMSP432.oem4f (.text:UARTMSP432_writePolling)
                  000046a4    00000004     rtsv7M4_T_le_v4SPD16_eabi.lib : printf.c.obj (.text:_outc)
                  000046a8    000000b4     sysbios.aem4f : BIOS.obj (.text:ti_sysbios_knl_Task_checkStacks__E)
                  0000475c    000000b1     rtsv7M4_T_le_v4SPD16_eabi.lib : _printfi.c.obj (.text:_ltostr)
                  0000480d    00000001     --HOLE-- [fill = 0]
                  0000480e    00000002     hello_pem4f.oem4f (.text:ti_sysbios_BIOS_nullFunc__I)
                  00004810    000000ac     sysbios.aem4f : BIOS.obj (.text:ti_sysbios_family_arm_m3_Hwi_Instance_init__E)
                  000048bc    000000a8     drivers_msp432p401x.aem4f : UARTMSP432.oem4f (.text:UARTMSP432_write)
                  00004964    000000a8     ex2_3.obj (.text:main)
                  00004a0c    000000a8     drivers_msp432p401x.aem4f : UARTMSP432.oem4f (.text:readTaskBlocking)
                  00004ab4    00000004     rtsv7M4_T_le_v4SPD16_eabi.lib : printf.c.obj (.text:_outs)
                  00004ab8    000000a8     sysbios.aem4f : BIOS.obj (.text:ti_sysbios_family_arm_msp432_Timer_periodicStub__E)
                  00004b60    000000a2     ti.targets.arm.rtsarm.aem4f : Text.oem4f (.text:xdc_runtime_Text_putSite__E)
                  00004c02    00000002     --HOLE-- [fill = 0]
                  00004c04    000000a0     auto_init.aem4f : auto_init.oem4f (.text)
                  00004ca4    000000a0     drivers_msp432p401x.aem4f : UARTMSP432.oem4f (.text:readIsrTextCallback)
                  00004d44    0000009c                               : PowerMSP432.oem4f (.text:Power_init)
                  00004de0    0000009c     rtsv7M4_T_le_v4SPD16_eabi.lib : memcpy_t2.asm.obj (.text)
                  00004e7c    00000096                                   : ull_div_t2.asm.obj (.text)
                  00004f12    00000004                                   : exit.c.obj (.text:abort:abort)
                  00004f16    00000002     --HOLE-- [fill = 0]
                  00004f18    00000094     sysbios.aem4f : BIOS.obj (.text:ti_sysbios_family_arm_m3_Hwi_initNVIC__E)
                  00004fac    00000092     drivers_msp432p401x.aem4f : UARTMSP432.oem4f (.text:UARTMSP432_close)
                  0000503e    00000092                               : UARTMSP432.oem4f (.text:writeData)
                  000050d0    0000008c     rtsv7M4_T_le_v4SPD16_eabi.lib : fputc.c.obj (.text:fputc)
                  0000515c    0000008c     drivers_msp432p401x.aem4f : UARTMSP432.oem4f (.text:readIsrTextBlocking)
                  000051e8    0000008c     sysbios.aem4f : m3_TaskSupport_asm.obj (.text:ti_sysbios_family_arm_m3_TaskSupport_buildTaskStack)
                  00005274    00000004     hello_pem4f.oem4f (.text:ti_sysbios_BIOS_RtsGateProxy_enter__E)
                  00005278    0000008c     sysbios.aem4f : BIOS.obj (.text:ti_sysbios_knl_Task_postInit__I)
                  00005304    00000086     rtsv7M4_T_le_v4SPD16_eabi.lib : fd_cmp_t2.asm.obj (.text:__aeabi_cdcmple)
                  0000538a    00000086                                   : fd_cmp_t2.asm.obj (.text:__aeabi_cdrcmple)
                  00005410    00000084     msp432p4xx_driverlib.lib : pcm.o (.text:PCM_gotoLPM3)
                  00005494    00000084     drivers_msp432p401x.aem4f : PowerMSP432.oem4f (.text:restartHFXT)
                  00005518    00000084     sysbios.aem4f : BIOS.obj (.text:ti_sysbios_family_arm_m3_Hwi_postInit__I)
                  0000559c    00000004     hello_pem4f.oem4f (.text:ti_sysbios_BIOS_RtsGateProxy_leave__E)
                  000055a0    00000084     sysbios.aem4f : BIOS.obj (.text:ti_sysbios_heaps_HeapMem_free__E)
                  00005624    00000080     ex2_3.obj (.text:task1)
                  000056a4    00000080     ex2_3.obj (.text:task2)
                  00005724    00000004     hello_pem4f.oem4f (.text:ti_sysbios_family_arm_m3_Hwi_delete)
                  00005728    00000080     sysbios.aem4f : BIOS.obj (.text:ti_sysbios_knl_Clock_workFunc__E)
                  000057a8    0000007a     rtsv7M4_T_le_v4SPD16_eabi.lib : memset_t2.asm.obj (.text)
                  00005822    00000004     hello_pem4f.oem4f (.text:ti_sysbios_family_arm_m3_TaskSupport_Module__startupDone__S)
                  00005826    00000002     --HOLE-- [fill = 0]
                  00005828    0000007a     sysbios.aem4f : BIOS.obj (.text:ti_sysbios_heaps_HeapMem_allocUnprotected__E)
                  000058a2    00000004     hello_pem4f.oem4f (.text:ti_sysbios_heaps_HeapMem_Module_GateProxy_enter__E)
                  000058a6    00000002     --HOLE-- [fill = 0]
                  000058a8    00000078     sysbios.aem4f : BIOS.obj (.text:ti_sysbios_heaps_HeapMem_initPrimary__I)
                  00005920    00000074     rtsv7M4_T_le_v4SPD16_eabi.lib : fclose.c.obj (.text:__TI_closefile)
                  00005994    00000074     ti.targets.arm.rtsarm.aem4f : Error.oem4f (.text:xdc_runtime_Error_print__E)
                  00005a08    00000074                                 : Text.oem4f (.text:xdc_runtime_Text_putMod__E)
                  00005a7c    00000070     drivers_msp432p401x.aem4f : UARTMSP432.oem4f (.text:UARTMSP432_writeCancel)
                  00005aec    00000004     hello_pem4f.oem4f (.text:ti_sysbios_heaps_HeapMem_Module_GateProxy_leave__E)
                  00005af0    00000070     sysbios.aem4f : BIOS.obj (.text:ti_sysbios_knl_Task_exit__E)
                  00005b60    00000070     ti.targets.arm.rtsarm.aem4f : Memory.oem4f (.text:xdc_runtime_Memory_alloc__E)
                  00005bd0    0000006e     rtsv7M4_T_le_v4SPD16_eabi.lib : _printfi.c.obj (.text:_mcpy)
                  00005c3e    00000002     --HOLE-- [fill = 0]
                  00005c40    0000006d     ti.targets.arm.rtsarm.aem4f : System.oem4f (.text:xdc_runtime_System_formatNum__I)
                  00005cad    00000003     --HOLE-- [fill = 0]
                  00005cb0    0000006c     rtsv7M4_T_le_v4SPD16_eabi.lib : hostrename.c.obj (.text:HOSTrename)
                  00005d1c    00000004     hello_pem4f.oem4f (.text:ti_sysbios_knl_Clock_TimerProxy_getMaxTicks__E)
                  00005d20    0000006c     sysbios.aem4f : BIOS.obj (.text:ti_sysbios_knl_Swi_restoreHwi__E)
                  00005d8c    00000068     rtsv7M4_T_le_v4SPD16_eabi.lib : hostlseek.c.obj (.text:HOSTlseek)
                  00005df4    00000068     drivers_msp432p401x.aem4f : PowerMSP432.oem4f (.text:PowerMSP432_getFreqs)
                  00005e5c    00000068     rtsv7M4_T_le_v4SPD16_eabi.lib : copy_decompress_lzss.c.obj (.text:decompress:lzss:__TI_decompress_lzss)
                  00005ec4    00000068                                   : printf.c.obj (.text:printf)
                  00005f2c    00000066     ti.targets.arm.rtsarm.aem4f : Core-mem.oem4f (.text:xdc_runtime_Core_deleteObject__I)
                  00005f92    00000002     --HOLE-- [fill = 0]
                  00005f94    00000064     rtsv7M4_T_le_v4SPD16_eabi.lib : s_frexp.c.obj (.text:frexp)
                  00005ff8    00000064                                   : fseek.c.obj (.text:fseek)
                  0000605c    00000004     hello_pem4f.oem4f (.text:ti_sysbios_knl_Clock_delete)
                  00006060    00000064     sysbios.aem4f : BIOS.obj (.text:ti_sysbios_family_arm_m3_Hwi_dispatchC__I)
                  000060c4    00000062     rtsv7M4_T_le_v4SPD16_eabi.lib : _io_perm.c.obj (.text:__TI_wrt_ok)
                  00006126    00000002     --HOLE-- [fill = 0]
                  00006128    00000060                                   : hostopen.c.obj (.text:HOSTopen)
                  00006188    00000060     sysbios.aem4f : BIOS.obj (.text:ti_sysbios_knl_Semaphore_post__E)
                  000061e8    00000060                   : BIOS.obj (.text:ti_sysbios_knl_Task_schedule__I)
                  00006248    0000005f     ti.targets.arm.rtsarm.aem4f : Text.oem4f (.text:xdc_runtime_Text_putLab__E)
                  000062a7    00000001     --HOLE-- [fill = 0]
                  000062a8    0000005e     msp432p4xx_driverlib.lib : pcm.o (.text:PCM_getCoreVoltageLevel)
                  00006306    00000002     --HOLE-- [fill = 0]
                  00006308    0000005c     rtsv7M4_T_le_v4SPD16_eabi.lib : close.c.obj (.text:close)
                  00006364    00000004     hello_pem4f.oem4f (.text:ti_sysbios_knl_Semaphore_delete)
                  00006368    0000005c     sysbios.aem4f : BIOS.obj (.text:ti_sysbios_knl_Swi_run__I)
                  000063c4    00000004     ti.targets.arm.rtsarm.aem4f : Error.oem4f (.text:xdc_runtime_Error_getSite__E)
                  000063c8    0000005c     sysbios.aem4f : BIOS.obj (.text:ti_sysbios_knl_Swi_schedule__I)
                  00006424    00000004     hello_pem4f.oem4f (.text:xdc_runtime_System_Module_GateProxy_enter__E)
                  00006428    0000005c     sysbios.aem4f : BIOS.obj (.text:ti_sysbios_knl_Task_Module_startup__E)
                  00006484    00000004     hello_pem4f.oem4f (.text:xdc_runtime_System_Module_GateProxy_leave__E)
                  00006488    0000005c     sysbios.aem4f : BIOS.obj (.text:ti_sysbios_knl_Task_startCore__E)
                  000064e4    0000005a     msp432p4xx_driverlib.lib : pcm.o (.text:PCM_getPowerMode)
                  0000653e    00000002     --HOLE-- [fill = 0]
                  00006540    00000058                              : gpio.o (.text:GPIO_setAsInputPinWithPullUpResistor)
                  00006598    00000058     rtsv7M4_T_le_v4SPD16_eabi.lib : hostread.c.obj (.text:HOSTread)
                  000065f0    00000058                                   : hostwrite.c.obj (.text:HOSTwrite)
                  00006648    00000058     boot.aem4f : boot.oem4f (.text)
                  000066a0    00000058     drivers_msp432p401x.aem4f : UARTMSP432.oem4f (.text:readIsrBinaryBlocking)
                  000066f8    00000058     sysbios.aem4f : m3_Hwi_asm_switch.obj (.text:ti_sysbios_family_arm_m3_Hwi_initStacks__E)
                  00006750    00000058                   : BIOS.obj (.text:ti_sysbios_heaps_HeapMem_alloc__E)
                  000067a8    00000056     rtsv7M4_T_le_v4SPD16_eabi.lib : _printfi.c.obj (.text:_pconv_f)
                  000067fe    00000002     --HOLE-- [fill = 0]
                  00006800    00000054     msp432p4xx_driverlib.lib : pcm.o (.text:PCM_shutdownDevice)
                  00006854    00000054     rtsv7M4_T_le_v4SPD16_eabi.lib : _ltoa.c.obj (.text:__TI_ltoa)
                  000068a8    00000054     hello_pem4f.oem4f (.text:ti_sysbios_family_arm_m3_Hwi_create)
                  000068fc    00000004     ti.targets.arm.rtsarm.aem4f : System.oem4f (.text:xdc_runtime_System_aprintf_va__F)
                  00006900    00000054     sysbios.aem4f : BIOS.obj (.text:ti_sysbios_family_arm_msp432_Timer_initDevice__I)
                  00006954    00000052     rtsv7M4_T_le_v4SPD16_eabi.lib : _printfi.c.obj (.text:_ecpy)
                  000069a6    00000002     --HOLE-- [fill = 0]
                  000069a8    00000050     dpl_msp432p401x.aem4f : ClockP_tirtos.oem4f (.text:ClockP_create)
                  000069f8    00000050     sysbios.aem4f : BIOS.obj (.text:ti_sysbios_family_arm_m3_Hwi_Module_startup__E)
                  00006a48    00000050     ti.targets.arm.rtsarm.aem4f : Startup.oem4f (.text:xdc_runtime_Startup_exec__E)
                  00006a98    00000050                                 : Text.oem4f (.text:xdc_runtime_Text_visitRope2__I)
                  00006ae8    0000004c     dpl_msp432p401x.aem4f : PowerMSP432_tirtos.oem4f (.text:PowerMSP432_sleepPolicy)
                  00006b34    0000004c     rtsv7M4_T_le_v4SPD16_eabi.lib : fflush.c.obj (.text:__TI_doflush)
                  00006b80    0000004c                                   : atoi.c.obj (.text:atoi)
                  00006bcc    0000004c                                   : cpy_tbl.c.obj (.text:copy_in)
                  00006c18    0000004c     drivers_msp432p401x.aem4f : UARTMSP432.oem4f (.text:readIsrBinaryCallback)
                  00006c64    00000004     ti.targets.arm.rtsarm.aem4f : System.oem4f (.text:xdc_runtime_System_printf_va__F)
                  00006c68    0000004c     sysbios.aem4f : BIOS.obj (.text:ti_sysbios_family_arm_msp432_Timer_start__E)
                  00006cb4    00000004     --HOLE-- [fill = 0]
                  00006cb8    0000004c                   : BIOS.obj (.text:ti_sysbios_heaps_HeapMem_getStats__E)
                  00006d04    00000004     --HOLE-- [fill = 0]
                  00006d08    0000004c                   : BIOS.obj (.text:ti_sysbios_knl_Swi_runLoop__I)
                  00006d54    00000004     --HOLE-- [fill = 0]
                  00006d58    0000004c                   : BIOS.obj (.text:ti_sysbios_knl_Task_allBlockedFunction__I)
                  00006da4    0000004c     hello_pem4f.oem4f (.text:ti_sysbios_knl_Task_construct)
                  00006df0    0000004c     ti.targets.arm.rtsarm.aem4f : Assert.oem4f (.text:xdc_runtime_Assert_raise__I)
                  00006e3c    00000048     drivers_msp432p401x.aem4f : PowerMSP432.oem4f (.text:Power_releaseConstraint)
                  00006e84    00000048     rtsv7M4_T_le_v4SPD16_eabi.lib : exit.c.obj (.text:exit)
                  00006ecc    00000048                                   : fd_toi_t2.asm.obj (.text)
                  00006f14    00000004     --HOLE-- [fill = 0]
                  00006f18    00000048     sysbios.aem4f : BIOS.obj (.text:ti_sysbios_family_arm_m3_Hwi_disableInterrupt__E)
                  00006f60    00000048                   : BIOS.obj (.text:ti_sysbios_family_arm_m3_Hwi_enableInterrupt__E)
                  00006fa8    00000048                   : BIOS.obj (.text:ti_sysbios_family_arm_m3_Hwi_excReserved__I)
                  00006ff0    00000048     ti.targets.arm.rtsarm.aem4f : Core-params.oem4f (.text:xdc_runtime_Core_assignParams__I)
                  00007038    00000046     drivers_msp432p401x.aem4f : RingBuf.oem4f (.text:RingBuf_put)
                  0000707e    00000002     --HOLE-- [fill = 0]
                  00007080    00000044     rtsv7M4_T_le_v4SPD16_eabi.lib : hostclose.c.obj (.text:HOSTclose)
                  000070c4    00000044                                   : hostunlink.c.obj (.text:HOSTunlink)
                  00007108    00000044     drivers_msp432p401x.aem4f : UART.oem4f (.text:UART_init)
                  0000714c    00000044     rtsv7M4_T_le_v4SPD16_eabi.lib : getdevice.c.obj (.text:getdevice)
                  00007190    00000044     sysbios.aem4f : BIOS.obj (.text:ti_sysbios_family_arm_m3_Hwi_getStackInfo__E)
                  000071d4    00000004     --HOLE-- [fill = 0]
                  000071d8    00000044                   : BIOS.obj (.text:ti_sysbios_knl_Swi_post__E)
                  0000721c    00000044     ti.targets.arm.rtsarm.aem4f : Error.oem4f (.text:xdc_runtime_Error_setX__E)
                  00007260    00000044                                 : SysMin.oem4f (.text:xdc_runtime_SysMin_flush__E)
                  000072a4    00000044                                 : Text.oem4f (.text:xdc_runtime_Text_xprintf__I)
                  000072e8    00000040     dpl_msp432p401x.aem4f : HwiP_tirtos.oem4f (.text:HwiP_create)
                  00007328    00000040     drivers_msp432p401x.aem4f : RingBuf.oem4f (.text:RingBuf_get)
                  00007368    00000040                               : UARTMSP432.oem4f (.text:UARTMSP432_read)
                  000073a8    00000040                               : UART.oem4f (.text:UART_open)
                  000073e8    00000040                               : UARTMSP432.oem4f (.text:perfChangeNotifyFxn)
                  00007428    00000040     rtsv7M4_T_le_v4SPD16_eabi.lib : u_divt2.asm.obj (.text)
                  00007468    00000040                                   : sprintf.c.obj (.text:sprintf)
                  000074a8    00000040     sysbios.aem4f : BIOS.obj (.text:ti_sysbios_family_arm_msp432_Timer_Module_startup__E)
                  000074e8    00000040                   : BIOS.obj (.text:ti_sysbios_family_arm_msp432_Timer_startup__E)
                  00007528    00000040                   : BIOS.obj (.text:ti_sysbios_heaps_HeapMem_Instance_init__E)
                  00007568    0000003e     rtsv7M4_T_le_v4SPD16_eabi.lib : _printfi.c.obj (.text:_fcpy)
                  000075a6    00000002     --HOLE-- [fill = 0]
                  000075a8    0000003c     dpl_msp432p401x.aem4f : SemaphoreP_tirtos.oem4f (.text:SemaphoreP_create)
                  000075e4    00000004     --HOLE-- [fill = 0]
                  000075e8    0000003c     sysbios.aem4f : BIOS.obj (.text:ti_sysbios_family_arm_m3_Hwi_Instance_finalize__E)
                  00007624    00000004     --HOLE-- [fill = 0]
                  00007628    0000003c                   : BIOS.obj (.text:ti_sysbios_family_arm_m3_Hwi_excSvCall__I)
                  00007664    00000004     --HOLE-- [fill = 0]
                  00007668    0000003c                   : BIOS.obj (.text:ti_sysbios_knl_Clock_Instance_init__E)
                  000076a4    0000003c     hello_pem4f.oem4f (.text:ti_sysbios_knl_Clock_create)
                  000076e0    0000003c     sysbios.aem4f : BIOS.obj (.text:ti_sysbios_knl_Swi_restore__E)
                  0000771c    00000038     drivers_msp432p401x.aem4f : PowerMSP432.oem4f (.text:Power_setConstraint)
                  00007754    00000038     rtsv7M4_T_le_v4SPD16_eabi.lib : trgmsg.c.obj (.text:__TI_writemsg)
                  0000778c    00000038     drivers_msp432p401x.aem4f : PowerMSP432.oem4f (.text:notify)
                  000077c4    00000004     --HOLE-- [fill = 0]
                  000077c8    00000038     sysbios.aem4f : BIOS.obj (.text:ti_sysbios_family_arm_m3_Hwi_excNoIsr__I)
                  00007800    00000038     ti.targets.arm.rtsarm.aem4f : System.oem4f (.text:xdc_runtime_System_atexit__E)
                  00007838    00000036     drivers_msp432p401x.aem4f : UARTMSP432.oem4f (.text:UARTMSP432_readCancel)
                  0000786e    00000036     rtsv7M4_T_le_v4SPD16_eabi.lib : strncpy.c.obj (.text:strncpy)
                  000078a4    00000034                                   : fopen.c.obj (.text:__TI_cleanup)
                  000078d8    00000034                                   : trgmsg.c.obj (.text:__TI_readmsg)
                  0000790c    00000004     --HOLE-- [fill = 0]
                  00007910    00000034     sysbios.aem4f : BIOS.obj (.text:ti_sysbios_family_arm_m3_Hwi_excNmi__I)
                  00007944    00000004     --HOLE-- [fill = 0]
                  00007948    00000034                   : BIOS.obj (.text:ti_sysbios_family_arm_msp432_init_Boot_configureClocksHigh)
                  0000797c    00000004     --HOLE-- [fill = 0]
                  00007980    00000034                   : BIOS.obj (.text:ti_sysbios_hal_Hwi_checkStack)
                  000079b4    00000034     hello_pem4f.oem4f (.text:ti_sysbios_knl_Semaphore_create)
                  000079e8    00000034     ti.targets.arm.rtsarm.aem4f : SysMin.oem4f (.text:xdc_runtime_SysMin_abort__E)
                  00007a1c    00000034                                 : SysMin.oem4f (.text:xdc_runtime_SysMin_putch__E)
                  00007a50    00000032     sysbios.aem4f : BIOS.obj (.text:ti_sysbios_hal_Hwi_initStack)
                  00007a82    00000002     --HOLE-- [fill = 0]
                  00007a84    00000030     msp432p4xx_driverlib.lib : gpio.o (.text:GPIO_getInputPinValue)
                  00007ab4    00000030     rtsv7M4_T_le_v4SPD16_eabi.lib : getdevice.c.obj (.text:finddevice)
                  00007ae4    00000030     drivers_msp432p401x.aem4f : UARTMSP432.oem4f (.text:mapPin)
                  00007b14    00000030     hello_pem4f.oem4f (.text:ti_sysbios_BIOS_atExitFunc__I)
                  00007b44    00000030     hello_pem4f.oem4f (.text:ti_sysbios_BIOS_startFunc__I)
                  00007b74    00000004     --HOLE-- [fill = 0]
                  00007b78    00000030     sysbios.aem4f : BIOS.obj (.text:ti_sysbios_family_arm_m3_TaskSupport_start__E)
                  00007ba8    00000030                   : BIOS.obj (.text:ti_sysbios_family_arm_msp432_Timer_setPeriod__E)
                  00007bd8    00000030     hello_pem4f.oem4f (.text:ti_sysbios_gates_GateHwi_Object__create__S)
                  00007c08    00000030     hello_pem4f.oem4f (.text:ti_sysbios_gates_GateMutex_Object__create__S)
                  00007c38    00000030     sysbios.aem4f : BIOS.obj (.text:ti_sysbios_gates_GateMutex_enter__E)
                  00007c68    00000030     hello_pem4f.oem4f (.text:ti_sysbios_heaps_HeapMem_Object__create__S)
                  00007c98    00000030     hello_pem4f.oem4f (.text:ti_sysbios_knl_Semaphore_construct)
                  00007cc8    00000030     sysbios.aem4f : BIOS.obj (.text:ti_sysbios_knl_Semaphore_pendTimeout__I)
                  00007cf8    00000030                   : BIOS.obj (.text:ti_sysbios_knl_Task_processVitalTaskFlag__I)
                  00007d28    00000030                   : BIOS.obj (.text:ti_sysbios_knl_Task_restore__E)
                  00007d58    00000030                   : BIOS.obj (.text:ti_sysbios_knl_Task_unblockI__E)
                  00007d88    00000030     hello_pem4f.oem4f (.text:xdc_runtime_Error_policyLog__I)
                  00007db8    00000030     ti.targets.arm.rtsarm.aem4f : System.oem4f (.text:xdc_runtime_System_processAtExit__E)
                  00007de8    0000002f                                 : Text.oem4f (.text:xdc_runtime_Text_printVisFxn__I)
                  00007e17    00000001     --HOLE-- [fill = 0]
                  00007e18    0000002e     rtsv7M4_T_le_v4SPD16_eabi.lib : i_tofd_t2.asm.obj (.text)
                  00007e46    0000002e     hello_pem4f.oem4f (.text:ti_sysbios_rts_MemAlloc_alloc)
                  00007e74    0000002c     dpl_msp432p401x.aem4f : PowerMSP432_tirtos.oem4f (.text:PowerMSP432_updateFreqs)
                  00007ea0    0000002c     msp432p4xx_driverlib.lib : rtc_c.o (.text:RTC_C_holdClock)
                  00007ecc    0000002c     hello_pem4f.oem4f (.text:ti_sysbios_family_arm_m3_Hwi_Handle__label__S)
                  00007ef8    0000002c     hello_pem4f.oem4f (.text:ti_sysbios_gates_GateHwi_Handle__label__S)
                  00007f24    0000002c     hello_pem4f.oem4f (.text:ti_sysbios_gates_GateMutex_Handle__label__S)
                  00007f50    0000002c     hello_pem4f.oem4f (.text:ti_sysbios_heaps_HeapMem_Handle__label__S)
                  00007f7c    0000002c     hello_pem4f.oem4f (.text:ti_sysbios_knl_Clock_doTick__I)
                  00007fa8    0000002c     hello_pem4f.oem4f (.text:ti_sysbios_knl_Queue_construct)
                  00007fd4    0000002c     hello_pem4f.oem4f (.text:ti_sysbios_knl_Swi_Handle__label__S)
                  00008000    0000002c     hello_pem4f.oem4f (.text:ti_sysbios_knl_Task_Handle__label__S)
                  0000802c    0000002c     rtsv7M4_T_le_v4SPD16_eabi.lib : unlink.c.obj (.text:unlink)
                  00008058    0000002c     ti.targets.arm.rtsarm.aem4f : System.oem4f (.text:xdc_runtime_System_putchar__I)
                  00008084    00000028     msp432p4xx_driverlib.lib : pcm.o (.text:PCM_gotoLPM0)
                  000080ac    00000028     drivers_msp432p401x.aem4f : PowerMSP432.oem4f (.text:Power_registerNotify)
                  000080d4    00000028                               : PowerMSP432.oem4f (.text:disableFaultCounter)
                  000080fc    00000028                               : PowerMSP432.oem4f (.text:disableHFXT)
                  00008124    00000028                               : UARTMSP432.oem4f (.text:findBaudDividerIndex)
                  0000814c    00000028     rtsv7M4_T_le_v4SPD16_eabi.lib : lseek.c.obj (.text:lseek)
                  00008174    00000028     sysbios.aem4f : m3_Hwi_asm.obj (.text:ti_sysbios_family_arm_m3_Hwi_excHandlerAsm__I)
                  0000819c    00000004     --HOLE-- [fill = 0]
                  000081a0    00000028                   : BIOS.obj (.text:ti_sysbios_knl_Clock_addI__E)
                  000081c8    00000028                   : BIOS.obj (.text:ti_sysbios_knl_Swi_Module_startup__E)
                  000081f0    00000028     rtsv7M4_T_le_v4SPD16_eabi.lib : write.c.obj (.text:write)
                  00008218    00000028     ti.targets.arm.rtsarm.aem4f : System.oem4f (.text:xdc_runtime_System_avprintf__E)
                  00008240    00000026     drivers_msp432p401x.aem4f : List.oem4f (.text:List_put)
                  00008266    00000026                               : List.oem4f (.text:List_remove)
                  0000828c    00000026     sysbios.aem4f : m3_Hwi_asm.obj (.text:ti_sysbios_family_arm_m3_Hwi_pendSV__I)
                  000082b2    00000026     ti.targets.arm.rtsarm.aem4f : System.oem4f (.text:xdc_runtime_System_vprintf__E)
                  000082d8    00000024     msp432p4xx_driverlib.lib : wdt_a.o (.text:WDT_A_holdTimer)
                  000082fc    00000024     hello_pem4f.oem4f (.text:ti_sysbios_BIOS_errorRaiseHook__I)
                  00008320    00000024     hello_pem4f.oem4f (.text:ti_sysbios_BIOS_registerRTSLock__I)
                  00008344    00000024     hello_pem4f.oem4f (.text:ti_sysbios_BIOS_removeRTSLock__I)
                  00008368    00000024     sysbios.aem4f : BIOS.obj (.text:ti_sysbios_family_arm_msp432_ClockFreqs_setFrequency__E)
                  0000838c    00000004     --HOLE-- [fill = 0]
                  00008390    00000024                   : BIOS.obj (.text:ti_sysbios_family_arm_msp432_Timer_postInit__I)
                  000083b4    00000024     hello_pem4f.oem4f (.text:ti_sysbios_gates_GateMutex_Object__delete__S)
                  000083d8    00000024     sysbios.aem4f : BIOS.obj (.text:ti_sysbios_knl_Clock_Module_startup__E)
                  000083fc    00000024     hello_pem4f.oem4f (.text:ti_sysbios_knl_Clock_Object__delete__S)
                  00008420    00000024     sysbios.aem4f : BIOS.obj (.text:ti_sysbios_knl_Clock_start__E)
                  00008444    00000004     --HOLE-- [fill = 0]
                  00008448    00000024                   : BIOS.obj (.text:ti_sysbios_knl_Semaphore_Instance_init__E)
                  0000846c    00000024     hello_pem4f.oem4f (.text:ti_sysbios_knl_Semaphore_Object__delete__S)
                  00008490    00000024     sysbios.aem4f : BIOS.obj (.text:ti_sysbios_knl_Task_restoreHwi__E)
                  000084b4    00000022     hello_pem4f.oem4f (.text:xdc_runtime_SysMin_output__I)
                  000084d6    00000002     --HOLE-- [fill = 0]
                  000084d8    00000020     msp432p4xx_driverlib.lib : cs.o (.text:CS_setExternalClockSourceFrequency)
                  000084f8    00000020     drivers_msp432p401x.aem4f : PowerMSP432.oem4f (.text:Power_unregisterNotify)
                  00008518    00000020                               : RingBuf.oem4f (.text:RingBuf_peek)
                  00008538    00000020     rtsv7M4_T_le_v4SPD16_eabi.lib : memchr.c.obj (.text:memchr)
                  00008558    00000020     hello_pem4f.oem4f (.text:ti_sysbios_BIOS_rtsLock__I)
                  00008578    00000020     hello_pem4f.oem4f (.text:ti_sysbios_family_arm_m3_Hwi_Object__delete__S)
                  00008598    00000020     hello_pem4f.oem4f (.text:ti_sysbios_gates_GateHwi_Object__delete__S)
                  000085b8    00000020     hello_pem4f.oem4f (.text:ti_sysbios_heaps_HeapMem_Object__delete__S)
                  000085d8    00000020     sysbios.aem4f : BIOS.obj (.text:ti_sysbios_knl_Idle_run__E)
                  000085f8    00000020     hello_pem4f.oem4f (.text:ti_sysbios_knl_Semaphore_destruct)
                  00008618    00000020     ti.targets.arm.rtsarm.aem4f : SysMin.oem4f (.text:xdc_runtime_SysMin_Module_startup__E)
                  00008638    0000001e     sysbios.aem4f : m3_Hwi_asm_switch.obj (.text:ti_sysbios_family_xxx_Hwi_switchAndRunFunc)
                  00008656    0000001c     rtsv7M4_T_le_v4SPD16_eabi.lib : memccpy.c.obj (.text:memccpy)
                  00008672    00000006     --HOLE-- [fill = 0]
                  00008678    0000001c     sysbios.aem4f : BIOS.obj (.text:ti_sysbios_family_arm_m3_Hwi_excHandler__I)
                  00008694    00000004     --HOLE-- [fill = 0]
                  00008698    0000001c                   : BIOS.obj (.text:ti_sysbios_gates_GateMutex_Instance_init__E)
                  000086b4    00000004     --HOLE-- [fill = 0]
                  000086b8    0000001c                   : BIOS.obj (.text:ti_sysbios_knl_Clock_Instance_finalize__E)
                  000086d4    0000001c     hello_pem4f.oem4f (.text:ti_sysbios_knl_Queue_destruct)
                  000086f0    0000001c     sysbios.aem4f : BIOS.obj (.text:ti_sysbios_knl_Queue_put__E)
                  0000870c    00000004     --HOLE-- [fill = 0]
                  00008710    0000001c                   : BIOS.obj (.text:ti_sysbios_knl_Task_enter__I)
                  0000872c    0000001c     ti.targets.arm.rtsarm.aem4f : Error.oem4f (.text:xdc_runtime_Error_check__E)
                  00008748    0000001c                                 : Error.oem4f (.text:xdc_runtime_Error_raiseX__E)
                  00008764    0000001c                                 : Memory.oem4f (.text:xdc_runtime_Memory_valloc__E)
                  00008780    0000001c                                 : Registry.oem4f (.text:xdc_runtime_Registry_findById__E)
                  0000879c    0000001c                                 : SysMin.oem4f (.text:xdc_runtime_SysMin_exit__E)
                  000087b8    0000001c                                 : System.oem4f (.text:xdc_runtime_System_abort__E)
                  000087d4    0000001c                                 : Text.oem4f (.text:xdc_runtime_Text_ropeText__E)
                  000087f0    0000001a     rtsv7M4_T_le_v4SPD16_eabi.lib : s_copysign.c.obj (.text:copysign)
                  0000880a    0000001a     hello_pem4f.oem4f (.text:free)
                  00008824    0000001a     hello_pem4f.oem4f (.text:xdc_runtime_System_aprintf__E)
                  0000883e    0000001a     hello_pem4f.oem4f (.text:xdc_runtime_System_printf__E)
                  00008858    00000018     hello_pem4f.oem4f (.text:.bootCodeSection:ti_sysbios_family_arm_msp432_init_Boot_init__I)
                  00008870    00000018     msp432p4xx_driverlib.lib : sysctl_a.o (.text:SysCtl_A_disableNMISource)
                  00008888    00000018                              : sysctl_a.o (.text:SysCtl_A_enableNMISource)
                  000088a0    00000018     drivers_msp432p401x.aem4f : UART.oem4f (.text:UART_Params_init)
                  000088b8    00000018     rtsv7M4_T_le_v4SPD16_eabi.lib : args_main.c.obj (.text:_args_main)
                  000088d0    00000018                                   : sprintf.c.obj (.text:_outs)
                  000088e8    00000018                                   : strcmp.c.obj (.text:strcmp)
                  00008900    00000018     hello_pem4f.oem4f (.text:ti_sysbios_BIOS_rtsUnlock__I)
                  00008918    00000018     hello_pem4f.oem4f (.text:ti_sysbios_family_arm_m3_Hwi_Module__startupDone__F)
                  00008930    00000018     sysbios.aem4f : m3_TaskSupport_asm.obj (.text:ti_sysbios_family_arm_m3_TaskSupport_swap__E)
                  00008948    00000018     hello_pem4f.oem4f (.text:ti_sysbios_family_arm_msp432_Timer_Module__startupDone__F)
                  00008960    00000018     sysbios.aem4f : BIOS.obj (.text:ti_sysbios_gates_GateMutex_leave__E)
                  00008978    00000018                   : BIOS.obj (.text:ti_sysbios_knl_Task_sleepTimeout__I)
                  00008990    00000018     ti.targets.arm.rtsarm.aem4f : Error.oem4f (.text:xdc_runtime_Error_init__E)
                  000089a8    00000018                                 : System.oem4f (.text:xdc_runtime_System_exit__E)
                  000089c0    00000016     rtsv7M4_T_le_v4SPD16_eabi.lib : strchr.c.obj (.text:strchr)
                  000089d6    00000016     hello_pem4f.oem4f (.text:ti_sysbios_BIOS_exitFunc__I)
                  000089ec    00000016     ex2_3.obj (.text:ti_sysbios_knl_Task_Params_init)
                  00008a02    00000006     --HOLE-- [fill = 0]
                  00008a08    00000016     sysbios.aem4f : BIOS.obj (.text:ti_sysbios_knl_Task_unblock__E)
                  00008a1e    00000002     --HOLE-- [fill = 0]
                  00008a20    00000014     msp432p4xx_driverlib.lib : pcm.o (.text:PCM_getPowerState)
                  00008a34    00000014     drivers_msp432p401x.aem4f : PowerMSP432.oem4f (.text:Power_idleFunc)
                  00008a48    00000014                               : UARTMSP432.oem4f (.text:clearTXCPTIFG)
                  00008a5c    00000014     rtsv7M4_T_le_v4SPD16_eabi.lib : strcpy.c.obj (.text:strcpy)
                  00008a70    00000014                                   : strlen.c.obj (.text:strlen)
                  00008a84    00000014     hello_pem4f.oem4f (.text:ti_sysbios_family_arm_m3_Hwi_Object__get__S)
                  00008a98    00000014     sysbios.aem4f : BIOS.obj (.text:ti_sysbios_family_arm_m3_Hwi_switchFromBootStack__E)
                  00008aac    00000014     hello_pem4f.oem4f (.text:ti_sysbios_heaps_HeapMem_Object__get__S)
                  00008ac0    00000014     hello_pem4f.oem4f (.text:ti_sysbios_knl_Swi_Object__get__S)
                  00008ad4    00000012     drivers_msp432p401x.aem4f : RingBuf.oem4f (.text:RingBuf_construct)
                  00008ae6    00000012     dpl_msp432p401x.aem4f : SemaphoreP_tirtos.oem4f (.text:SemaphoreP_pend)
                  00008af8    00000012     sysbios.aem4f : BIOS.obj (.text:ti_sysbios_hal_Hwi_Module_startup__E)
                  00008b0a    00000012     rtsv7M4_T_le_v4SPD16_eabi.lib : wcslen.c.obj (.text:wcslen)
                  00008b1c    00000012     hello_pem4f.oem4f (.text:xdc_runtime_Startup_exec__I)
                  00008b2e    00000010     dpl_msp432p401x.aem4f : HwiP_tirtos.oem4f (.text:HwiP_Params_init)
                  00008b3e    00000010     msp432p4xx_driverlib.lib : pcm.o (.text:PCM_gotoLPM4)
                  00008b4e    00000010                              : pcm.o (.text:PCM_setPowerMode)
                  00008b5e    00000010                              : pcm.o (.text:PCM_setPowerState)
                  00008b6e    00000002     --HOLE-- [fill = 0]
                  00008b70    00000010     drivers_msp432p401x.aem4f : PowerMSP432.oem4f (.text:PowerMSP432_getNumPerfLevels)
                  00008b80    00000010     msp432p4xx_driverlib.lib : sysctl_a.o (.text:SysCtl_A_getNMISourceStatus)
                  00008b90    00000010                              : sysctl.o (.text:SysCtl_getNMISourceStatus)
                  00008ba0    00000010     drivers_msp432p401x.aem4f : UARTMSP432.oem4f (.text:readBlockingTimeout)
                  00008bb0    00000010     sysbios.aem4f : BIOS.obj (.text:ti_sysbios_BIOS_exit__E)
                  00008bc0    00000010                   : BIOS.obj (.text:ti_sysbios_BIOS_setCpuFreq__E)
                  00008bd0    00000010                   : BIOS.obj (.text:ti_sysbios_BIOS_setThreadType__E)
                  00008be0    00000010                   : BIOS.obj (.text:ti_sysbios_BIOS_start__E)
                  00008bf0    00000010                   : m3_TaskSupport_asm.obj (.text:ti_sysbios_family_arm_m3_TaskSupport_glue)
                  00008c00    00000010                   : BIOS.obj (.text:ti_sysbios_family_arm_msp432_init_Boot_disableWatchdog)
                  00008c10    00000010                   : BIOS.obj (.text:ti_sysbios_gates_GateMutex_Instance_finalize__E)
                  00008c20    00000010                   : BIOS.obj (.text:ti_sysbios_knl_Semaphore_Instance_finalize__E)
                  00008c30    00000010                   : BIOS.obj (.text:ti_sysbios_knl_Swi_disable__E)
                  00008c40    00000010     hello_pem4f.oem4f (.text:ti_sysbios_knl_Task_Object__get__S)
                  00008c50    00000010     sysbios.aem4f : BIOS.obj (.text:ti_sysbios_knl_Task_disable__E)
                  00008c60    00000010     ti.targets.arm.rtsarm.aem4f : Gate.oem4f (.text:xdc_runtime_Gate_leaveSystem__E)
                  00008c70    00000010                                 : Memory.oem4f (.text:xdc_runtime_Memory_free__E)
                  00008c80    00000010                                 : SysMin.oem4f (.text:xdc_runtime_SysMin_ready__E)
                  00008c90    00000010                                 : System.oem4f (.text:xdc_runtime_System_vsnprintf__E)
                  00008ca0    00000010     hello_pem4f.oem4f (.text:xdc_runtime_Text_visitRope__I)
                  00008cb0    0000000e     rtsv7M4_T_le_v4SPD16_eabi.lib : copy_decompress_none.c.obj (.text:decompress:none:__TI_decompress_none)
                  00008cbe    00000002     --HOLE-- [fill = 0]
                  00008cc0    0000000e     sysbios.aem4f : BIOS.obj (.text:ti_sysbios_knl_Idle_loop__E)
                  00008cce    00000002     --HOLE-- [fill = 0]
                  00008cd0    0000000e                   : BIOS.obj (.text:ti_sysbios_knl_Queue_empty__E)
                  00008cde    0000000c     ti_drivers_config.obj (.text:Board_init)
                  00008cea    0000000c     msp432p4xx_driverlib.lib : cpu.o (.text:CPU_cpsid)
                  00008cf6    0000000c                              : cpu.o (.text:CPU_cpsie)
                  00008d02    0000000c     dpl_msp432p401x.aem4f : ClockP_tirtos.oem4f (.text:ClockP_delete)
                  00008d0e    0000000c                           : HwiP_tirtos.oem4f (.text:HwiP_delete)
                  00008d1a    00000002     --HOLE-- [fill = 0]
                  00008d1c    0000000c     drivers_msp432p401x.aem4f : PowerMSP432.oem4f (.text:Power_getConstraintMask)
                  00008d28    0000000c                               : PowerMSP432.oem4f (.text:Power_getPerformanceLevel)
                  00008d34    0000000c     dpl_msp432p401x.aem4f : SemaphoreP_tirtos.oem4f (.text:SemaphoreP_delete)
                  00008d40    0000000c     rtsv7M4_T_le_v4SPD16_eabi.lib : _lock.c.obj (.text:_register_lock)
                  00008d4c    0000000c                                   : _lock.c.obj (.text:_register_unlock)
                  00008d58    0000000c                                   : copy_zero_init.c.obj (.text:decompress:ZI:__TI_zero_init)
                  00008d64    0000000c     hello_pem4f.oem4f (.text:ti_sysbios_family_arm_m3_Hwi_Params__init__S)
                  00008d70    0000000c     sysbios.aem4f : BIOS.obj (.text:ti_sysbios_family_arm_m3_Hwi_disableFxn__E)
                  00008d7c    00000004     --HOLE-- [fill = 0]
                  00008d80    0000000c                   : BIOS.obj (.text:ti_sysbios_family_arm_m3_TaskSupport_checkStack__E)
                  00008d8c    00000004     --HOLE-- [fill = 0]
                  00008d90    0000000c                   : BIOS.obj (.text:ti_sysbios_family_arm_m3_TaskSupport_getStackAlignment__E)
                  00008d9c    00000004     --HOLE-- [fill = 0]
                  00008da0    0000000c                   : BIOS.obj (.text:ti_sysbios_family_arm_msp432_Timer_getMaxTicks__E)
                  00008dac    00000004     --HOLE-- [fill = 0]
                  00008db0    0000000c                   : BIOS.obj (.text:ti_sysbios_gates_GateHwi_enter__E)
                  00008dbc    0000000c     hello_pem4f.oem4f (.text:ti_sysbios_knl_Clock_Params__init__S)
                  00008dc8    0000000c     hello_pem4f.oem4f (.text:ti_sysbios_knl_Queue_Object__get__S)
                  00008dd4    0000000c     hello_pem4f.oem4f (.text:ti_sysbios_knl_Semaphore_Params__init__S)
                  00008de0    0000000c     hello_pem4f.oem4f (.text:ti_sysbios_knl_Task_Params__init__S)
                  00008dec    0000000c     ti.targets.arm.rtsarm.aem4f : Gate.oem4f (.text:xdc_runtime_Gate_enterSystem__E)
                  00008df8    0000000c                                 : Memory.oem4f (.text:xdc_runtime_Memory_calloc__E)
                  00008e04    0000000c                                 : Memory.oem4f (.text:xdc_runtime_Memory_getMaxDefaultTypeAlign__E)
                  00008e10    0000000c                                 : Startup.oem4f (.text:xdc_runtime_Startup_rtsDone__E)
                  00008e1c    0000000a     dpl_msp432p401x.aem4f : ClockP_tirtos.oem4f (.text:ClockP_Params_init)
                  00008e26    0000000a     drivers_msp432p401x.aem4f : UART.oem4f (.text:UART_write)
                  00008e30    0000000a     rtsv7M4_T_le_v4SPD16_eabi.lib : sprintf.c.obj (.text:_outc)
                  00008e3a    0000000a     hello_pem4f.oem4f (.text:xdc_runtime_IHeap_alloc)
                  00008e44    0000000a     hello_pem4f.oem4f (.text:xdc_runtime_IHeap_free)
                  00008e4e    00000008     dpl_msp432p401x.aem4f : SemaphoreP_tirtos.oem4f (.text:SemaphoreP_Params_init)
                  00008e56    00000002     --HOLE-- [fill = 0]
                  00008e58    00000008     rtsv7M4_T_le_v4SPD16_eabi.lib : errno.c.obj (.text:__aeabi_errno_addr)
                  00008e60    00000008     drivers_msp432p401x.aem4f : UARTMSP432.oem4f (.text:readSemCallback)
                  00008e68    00000008     sysbios.aem4f : BIOS.obj (.text:ti_sysbios_family_arm_m3_Hwi_doSwiRestore__I)
                  00008e70    00000008                   : BIOS.obj (.text:ti_sysbios_family_arm_m3_Hwi_startup__E)
                  00008e78    00000008     drivers_msp432p401x.aem4f : UARTMSP432.oem4f (.text:txcptEnabledStatus)
                  00008e80    00000008                               : UARTMSP432.oem4f (.text:writeSemCallback)
                  00008e88    00000006     sysbios.aem4f : BIOS.obj (.text:ti_sysbios_family_arm_m3_Hwi_doTaskRestore__I)
                  00008e8e    00000002     --HOLE-- [fill = 0]
                  00008e90    00000006                   : BIOS.obj (.text:ti_sysbios_family_arm_m3_Hwi_restoreFxn__E)
                  00008e96    00000002     --HOLE-- [fill = 0]
                  00008e98    00000006                   : BIOS.obj (.text:ti_sysbios_gates_GateHwi_leave__E)
                  00008e9e    00000002     --HOLE-- [fill = 0]
                  00008ea0    00000006                   : BIOS.obj (.text:ti_sysbios_heaps_HeapMem_isBlocking__E)
                  00008ea6    00000002     --HOLE-- [fill = 0]
                  00008ea8    00000006                   : BIOS.obj (.text:ti_sysbios_knl_Clock_stop__E)
                  00008eae    00000002     --HOLE-- [fill = 0]
                  00008eb0    00000006                   : BIOS.obj (.text:ti_sysbios_knl_Queue_Instance_init__E)
                  00008eb6    00000002     --HOLE-- [fill = 0]
                  00008eb8    00000006                   : BIOS.obj (.text:ti_sysbios_knl_Swi_startup__E)
                  00008ebe    00000002     --HOLE-- [fill = 0]
                  00008ec0    00000004                   : BIOS.obj (.text:ti_sysbios_gates_GateHwi_query__E)
                  00008ec4    00000004     --HOLE-- [fill = 0]
                  00008ec8    00000004                   : BIOS.obj (.text:ti_sysbios_gates_GateMutex_query__E)
                  00008ecc    00000004     --HOLE-- [fill = 0]
                  00008ed0    00000004                   : BIOS.obj (.text:ti_sysbios_knl_Clock_setTimeout__E)
                  00008ed4    00000004     --HOLE-- [fill = 0]
                  00008ed8    00000004                   : BIOS.obj (.text:ti_sysbios_knl_Task_startup__E)
                  00008edc    00000004     --HOLE-- [fill = 0]
                  00008ee0    00000002                   : BIOS.obj (.text:ti_sysbios_BIOS_linkedWithIncorrectBootLibrary__E)
                  00008ee2    00000006     --HOLE-- [fill = 0]
                  00008ee8    00000002                   : BIOS.obj (.text:ti_sysbios_gates_GateHwi_Instance_init__E)
                  00008eea    00000006     --HOLE-- [fill = 0]
                  00008ef0    00000002                   : BIOS.obj (.text:ti_sysbios_knl_Clock_logTick__E)

.const     0    00008ef4    00001fbb     
                  00008ef4    00001887     hello_pem4f.oem4f (.const:xdc_runtime_Text_charTab__A)
                  0000a77b    00000101     rtsv7M4_T_le_v4SPD16_eabi.lib : ctype.c.obj (.const:.string:_ctypes_)
                  0000a87c    000000b4     hello_pem4f.oem4f (.const:xdc_runtime_Text_nodeTab__A)
                  0000a930    00000040     ti_drivers_config.obj (.const:uartMSP432Baudrates)
                  0000a970    0000003c     hello_pem4f.oem4f (.const:ti_sysbios_knl_Task_Object__PARAMS__C)
                  0000a9ac    00000038     ti_drivers_config.obj (.const:PowerMSP432_config)
                  0000a9e4    00000030     msp432p4xx_driverlib.lib : gpio.o (.const:GPIO_PORT_TO_BASE)
                  0000aa14    00000030     hello_pem4f.oem4f (.const:ti_sysbios_family_arm_m3_Hwi_Object__PARAMS__C)
                  0000aa44    0000002c     ti_drivers_config.obj (.const:uartMSP432HWAttrs)
                  0000aa70    00000028     drivers_msp432p401x.aem4f : UARTMSP432.oem4f (.const:UARTMSP432_fxnTable)
                  0000aa98    00000028     hello_pem4f.oem4f (.const:ti_sysbios_heaps_HeapMem_Module__FXNS__C)
                  0000aac0    00000024     drivers_msp432p401x.aem4f : UART.oem4f (.const:UART_defaultParams)
                  0000aae4    00000024     hello_pem4f.oem4f (.const:ti_sysbios_gates_GateHwi_Module__FXNS__C)
                  0000ab08    00000024     hello_pem4f.oem4f (.const:ti_sysbios_gates_GateMutex_Module__FXNS__C)
                  0000ab2c    00000024     hello_pem4f.oem4f (.const:ti_sysbios_heaps_HeapMem_Object__PARAMS__C)
                  0000ab50    00000024     hello_pem4f.oem4f (.const:ti_sysbios_knl_Clock_Object__PARAMS__C)
                  0000ab74    00000024     hello_pem4f.oem4f (.const:ti_sysbios_knl_Semaphore_Object__PARAMS__C)
                  0000ab98    00000020     drivers_msp432p401x.aem4f : UARTMSP432.oem4f (.const:staticFxnTable)
                  0000abb8    00000020     hello_pem4f.oem4f (.const:ti_sysbios_family_arm_m3_Hwi_Object__DESC__C)
                  0000abd8    00000020     hello_pem4f.oem4f (.const:ti_sysbios_gates_GateHwi_Object__DESC__C)
                  0000abf8    00000020     hello_pem4f.oem4f (.const:ti_sysbios_gates_GateMutex_Object__DESC__C)
                  0000ac18    00000020     hello_pem4f.oem4f (.const:ti_sysbios_heaps_HeapMem_Object__DESC__C)
                  0000ac38    00000020     hello_pem4f.oem4f (.const:ti_sysbios_knl_Clock_Object__DESC__C)
                  0000ac58    00000020     hello_pem4f.oem4f (.const:ti_sysbios_knl_Queue_Object__DESC__C)
                  0000ac78    00000020     hello_pem4f.oem4f (.const:ti_sysbios_knl_Semaphore_Object__DESC__C)
                  0000ac98    00000020     hello_pem4f.oem4f (.const:ti_sysbios_knl_Task_Object__DESC__C)
                  0000acb8    00000020     hello_pem4f.oem4f (.const:xdc_runtime_Startup_sfxnTab__A)
                  0000acd8    00000018     hello_pem4f.oem4f (.const:ti_sysbios_gates_GateHwi_Object__PARAMS__C)
                  0000acf0    00000018     hello_pem4f.oem4f (.const:ti_sysbios_gates_GateMutex_Object__PARAMS__C)
                  0000ad08    00000018     hello_pem4f.oem4f (.const:ti_sysbios_knl_Queue_Object__PARAMS__C)
                  0000ad20    00000010     hello_pem4f.oem4f (.const:xdc_runtime_Startup_sfxnRts__A)
                  0000ad30    0000000c     ti_drivers_config.obj (.const:UART_config)
                  0000ad3c    0000000c     hello_pem4f.oem4f (.const:xdc_runtime_Startup_firstFxns__A)
                  0000ad48    00000008     hello_pem4f.oem4f (.const:ti_sysbios_family_arm_m3_Hwi_excHookFuncs__A)
                  0000ad50    00000008     hello_pem4f.oem4f (.const:ti_sysbios_knl_Idle_funcList__A)
                  0000ad58    00000008     hello_pem4f.oem4f (.const:ti_sysbios_knl_Idle_funcList__C)
                  0000ad60    00000008     hello_pem4f.oem4f (.const:xdc_runtime_Startup_firstFxns__C)
                  0000ad68    00000008     hello_pem4f.oem4f (.const:xdc_runtime_Startup_lastFxns__C)
                  0000ad70    00000005     drivers_msp432p401x.aem4f : UARTMSP432.oem4f (.const:.string:parityTypes)
                  0000ad75    00000001     ti_drivers_config.obj (.const)
                  0000ad76    00000004     drivers_msp432p401x.aem4f : UARTMSP432.oem4f (.const:stopBits)
                  0000ad7a    00000002     hello_pem4f.oem4f (.const:ti_sysbios_family_arm_m3_Hwi_Module__id__C)
                  0000ad7c    00000004     hello_pem4f.oem4f (.const:ti_sysbios_family_arm_m3_Hwi_E_NMI__C)
                  0000ad80    00000004     hello_pem4f.oem4f (.const:ti_sysbios_family_arm_m3_Hwi_E_alreadyDefined__C)
                  0000ad84    00000004     hello_pem4f.oem4f (.const:ti_sysbios_family_arm_m3_Hwi_E_badIntNum__C)
                  0000ad88    00000004     hello_pem4f.oem4f (.const:ti_sysbios_family_arm_m3_Hwi_E_busFault__C)
                  0000ad8c    00000004     hello_pem4f.oem4f (.const:ti_sysbios_family_arm_m3_Hwi_E_debugMon__C)
                  0000ad90    00000004     hello_pem4f.oem4f (.const:ti_sysbios_family_arm_m3_Hwi_E_hardFault__C)
                  0000ad94    00000004     hello_pem4f.oem4f (.const:ti_sysbios_family_arm_m3_Hwi_E_memFault__C)
                  0000ad98    00000004     hello_pem4f.oem4f (.const:ti_sysbios_family_arm_m3_Hwi_E_noIsr__C)
                  0000ad9c    00000004     hello_pem4f.oem4f (.const:ti_sysbios_family_arm_m3_Hwi_E_reserved__C)
                  0000ada0    00000004     hello_pem4f.oem4f (.const:ti_sysbios_family_arm_m3_Hwi_E_svCall__C)
                  0000ada4    00000004     hello_pem4f.oem4f (.const:ti_sysbios_family_arm_m3_Hwi_E_usageFault__C)
                  0000ada8    00000004     hello_pem4f.oem4f (.const:ti_sysbios_family_arm_m3_Hwi_NUM_INTERRUPTS__C)
                  0000adac    00000004     hello_pem4f.oem4f (.const:ti_sysbios_family_arm_m3_Hwi_Object__count__C)
                  0000adb0    00000004     hello_pem4f.oem4f (.const:ti_sysbios_family_arm_m3_Hwi_ccr__C)
                  0000adb4    00000004     hello_pem4f.oem4f (.const:ti_sysbios_family_arm_m3_Hwi_excHandlerFunc__C)
                  0000adb8    00000004     hello_pem4f.oem4f (.const:ti_sysbios_family_arm_m3_Hwi_excHookFuncs__C)
                  0000adbc    00000004     hello_pem4f.oem4f (.const:ti_sysbios_family_arm_m3_Hwi_nullIsrFunc__C)
                  0000adc0    00000004     hello_pem4f.oem4f (.const:ti_sysbios_family_arm_m3_Hwi_priGroup__C)
                  0000adc4    00000004     hello_pem4f.oem4f (.const:ti_sysbios_family_arm_m3_Hwi_swiDisable__C)
                  0000adc8    00000004     hello_pem4f.oem4f (.const:ti_sysbios_family_arm_m3_Hwi_swiRestore__C)
                  0000adcc    00000004     hello_pem4f.oem4f (.const:ti_sysbios_family_arm_m3_TaskSupport_stackAlignment__C)
                  0000add0    00000004     hello_pem4f.oem4f (.const:ti_sysbios_family_arm_msp432_Timer_numTimerDevices__C)
                  0000add4    00000004     hello_pem4f.oem4f (.const:ti_sysbios_family_arm_msp432_Timer_startupNeeded__C)
                  0000add8    00000004     hello_pem4f.oem4f (.const:ti_sysbios_gates_GateMutex_Instance_State_sem__O)
                  0000addc    00000004     hello_pem4f.oem4f (.const:ti_sysbios_hal_Hwi_E_stackOverflow__C)
                  0000ade0    00000004     hello_pem4f.oem4f (.const:ti_sysbios_heaps_HeapMem_E_memory__C)
                  0000ade4    00000004     hello_pem4f.oem4f (.const:ti_sysbios_heaps_HeapMem_Module__gateObj__C)
                  0000ade8    00000004     hello_pem4f.oem4f (.const:ti_sysbios_heaps_HeapMem_Object__count__C)
                  0000adec    00000004     hello_pem4f.oem4f (.const:ti_sysbios_heaps_HeapMem_primaryHeapBaseAddr__C)
                  0000adf0    00000004     hello_pem4f.oem4f (.const:ti_sysbios_heaps_HeapMem_primaryHeapEndAddr__C)
                  0000adf4    00000004     hello_pem4f.oem4f (.const:ti_sysbios_heaps_HeapMem_reqAlign__C)
                  0000adf8    00000004     hello_pem4f.oem4f (.const:ti_sysbios_knl_Clock_Module_State_clockQ__O)
                  0000adfc    00000004     hello_pem4f.oem4f (.const:ti_sysbios_knl_Clock_tickPeriod__C)
                  0000ae00    00000004     hello_pem4f.oem4f (.const:ti_sysbios_knl_Semaphore_Instance_State_pendQ__O)
                  0000ae04    00000004     hello_pem4f.oem4f (.const:ti_sysbios_knl_Swi_Object__count__C)
                  0000ae08    00000004     hello_pem4f.oem4f (.const:ti_sysbios_knl_Task_E_spOutOfBounds__C)
                  0000ae0c    00000004     hello_pem4f.oem4f (.const:ti_sysbios_knl_Task_E_stackOverflow__C)
                  0000ae10    00000004     hello_pem4f.oem4f (.const:ti_sysbios_knl_Task_Module_State_inactiveQ__O)
                  0000ae14    00000004     hello_pem4f.oem4f (.const:ti_sysbios_knl_Task_Object__count__C)
                  0000ae18    00000004     hello_pem4f.oem4f (.const:ti_sysbios_knl_Task_allBlockedFunc__C)
                  0000ae1c    00000004     hello_pem4f.oem4f (.const:ti_sysbios_knl_Task_defaultStackHeap__C)
                  0000ae20    00000004     hello_pem4f.oem4f (.const:ti_sysbios_knl_Task_defaultStackSize__C)
                  0000ae24    00000004     hello_pem4f.oem4f (.const:ti_sysbios_knl_Task_numConstructedTasks__C)
                  0000ae28    00000004     hello_pem4f.oem4f (.const:xdc_runtime_Assert_E_assertFailed__C)
                  0000ae2c    00000004     hello_pem4f.oem4f (.const:xdc_runtime_Core_A_initializedParams__C)
                  0000ae30    00000004     hello_pem4f.oem4f (.const:xdc_runtime_Core_Module__diagsEnabled__C)
                  0000ae34    00000004     hello_pem4f.oem4f (.const:xdc_runtime_Core_Module__diagsIncluded__C)
                  0000ae38    00000004     hello_pem4f.oem4f (.const:xdc_runtime_Core_Module__diagsMask__C)
                  0000ae3c    00000004     hello_pem4f.oem4f (.const:xdc_runtime_Error_E_memory__C)
                  0000ae40    00000004     hello_pem4f.oem4f (.const:xdc_runtime_Error_policyFxn__C)
                  0000ae44    00000004     hello_pem4f.oem4f (.const:xdc_runtime_Error_raiseHook__C)
                  0000ae48    00000004     hello_pem4f.oem4f (.const:xdc_runtime_IGateProvider_Interface__BASE__C)
                  0000ae4c    00000004     hello_pem4f.oem4f (.const:xdc_runtime_IHeap_Interface__BASE__C)
                  0000ae50    00000004     hello_pem4f.oem4f (.const:xdc_runtime_IModule_Interface__BASE__C)
                  0000ae54    00000004     hello_pem4f.oem4f (.const:xdc_runtime_Memory_defaultHeapInstance__C)
                  0000ae58    00000004     hello_pem4f.oem4f (.const:xdc_runtime_Startup_execImpl__C)
                  0000ae5c    00000004     hello_pem4f.oem4f (.const:xdc_runtime_Startup_maxPasses__C)
                  0000ae60    00000004     hello_pem4f.oem4f (.const:xdc_runtime_Startup_sfxnRts__C)
                  0000ae64    00000004     hello_pem4f.oem4f (.const:xdc_runtime_Startup_sfxnTab__C)
                  0000ae68    00000004     hello_pem4f.oem4f (.const:xdc_runtime_SysMin_bufSize__C)
                  0000ae6c    00000004     hello_pem4f.oem4f (.const:xdc_runtime_SysMin_outputFunc__C)
                  0000ae70    00000004     hello_pem4f.oem4f (.const:xdc_runtime_System_Module__gateObj__C)
                  0000ae74    00000004     hello_pem4f.oem4f (.const:xdc_runtime_System_abortFxn__C)
                  0000ae78    00000004     hello_pem4f.oem4f (.const:xdc_runtime_System_exitFxn__C)
                  0000ae7c    00000004     hello_pem4f.oem4f (.const:xdc_runtime_System_extendFxn__C)
                  0000ae80    00000004     hello_pem4f.oem4f (.const:xdc_runtime_System_maxAtexitHandlers__C)
                  0000ae84    00000004     hello_pem4f.oem4f (.const:xdc_runtime_Text_charTab__C)
                  0000ae88    00000004     hello_pem4f.oem4f (.const:xdc_runtime_Text_nodeTab__C)
                  0000ae8c    00000004     hello_pem4f.oem4f (.const:xdc_runtime_Text_visitRopeFxn__C)
                  0000ae90    00000002     hello_pem4f.oem4f (.const:ti_sysbios_family_arm_msp432_init_Boot_bypassHFXT__C)
                  0000ae92    00000002     hello_pem4f.oem4f (.const:ti_sysbios_family_arm_msp432_init_Boot_bypassLFXT__C)
                  0000ae94    00000002     hello_pem4f.oem4f (.const:ti_sysbios_family_arm_msp432_init_Boot_enableHFXT__C)
                  0000ae96    00000002     hello_pem4f.oem4f (.const:ti_sysbios_family_arm_msp432_init_Boot_enableLFXT__C)
                  0000ae98    00000002     hello_pem4f.oem4f (.const:ti_sysbios_hal_Hwi_Module__id__C)
                  0000ae9a    00000002     hello_pem4f.oem4f (.const:ti_sysbios_heaps_HeapMem_Module__id__C)
                  0000ae9c    00000002     hello_pem4f.oem4f (.const:ti_sysbios_knl_Task_Module__id__C)
                  0000ae9e    00000002     hello_pem4f.oem4f (.const:xdc_runtime_Core_Module__id__C)
                  0000aea0    00000002     hello_pem4f.oem4f (.const:xdc_runtime_Error_Module__loggerDefined__C)
                  0000aea2    00000002     hello_pem4f.oem4f (.const:xdc_runtime_Error_maxDepth__C)
                  0000aea4    00000002     hello_pem4f.oem4f (.const:xdc_runtime_Memory_Module__id__C)
                  0000aea6    00000002     hello_pem4f.oem4f (.const:xdc_runtime_SysMin_flushAtExit__C)
                  0000aea8    00000002     hello_pem4f.oem4f (.const:xdc_runtime_Text_isLoaded__C)
                  0000aeaa    00000002     hello_pem4f.oem4f (.const:xdc_runtime_Text_registryModsLastId__C)
                  0000aeac    00000002     hello_pem4f.oem4f (.const:xdc_runtime_Text_unnamedModsLastId__C)
                  0000aeae    00000001     hello_pem4f.oem4f (.const:xdc_runtime_Error_policy__C)

.cinit     0    0000aeb0    00000278     
                  0000aeb0    0000024f     (.cinit..data.load) [load image, compression = lzss]
                  0000b0ff    00000001     --HOLE-- [fill = 0]
                  0000b100    0000000c     (__TI_handler_table)
                  0000b10c    00000004     --HOLE-- [fill = 0]
                  0000b110    00000008     (.cinit..bss.load) [load image, compression = zero_init]
                  0000b118    00000010     (__TI_cinit_table)

.init_array 
*          0    00000000    00000000     UNINITIALIZED

.bss       0    20008140    0000187c     UNINITIALIZED
                  20008140    00000800     (.common:task1Stack)
                  20008940    00000800     (.common:task2Stack)
                  20009140    00000200     hello_pem4f.oem4f (.bss:taskStackSection)
                  20009340    00000200     (.common:xdc_runtime_SysMin_Module_State_0_outbuf__A)
                  20009540    00000140     (.common:ti_sysbios_family_arm_m3_Hwi_dispatchTable)
                  20009680    00000120     rtsv7M4_T_le_v4SPD16_eabi.lib : trgmsg.c.obj (.bss:_CIOBUF_)
                  200097a0    000000a0     (.common:__TI_tmpnams)
                  20009840    00000080     (.common:uartMSP432Objects)
                  200098c0    00000050     (.common:task1Struct)
                  20009910    00000050     (.common:task2Struct)
                  20009960    00000024     (.common:uartParams)
                  20009984    00000020     ti_drivers_config.obj (.bss:uartMSP432RingBuffer0)
                  200099a4    00000008     msp432p4xx_driverlib.lib : cs.o (.bss)
                  200099ac    00000008     (.common:parmbuf)
                  200099b4    00000004     (.common:ClockP_tickPeriod)
                  200099b8    00000004     (.common:uart)

.data      0    200099bc    00000749     UNINITIALIZED
                  200099bc    00000140     drivers_msp432p401x.aem4f : PowerMSP432.oem4f (.data:PowerMSP432_perfLevels)
                  20009afc    000000f0     rtsv7M4_T_le_v4SPD16_eabi.lib : defs.c.obj (.data:_ftable)
                  20009bec    00000080     hello_pem4f.oem4f (.data:ti_sysbios_knl_Swi_Module_State_0_readyQ__A)
                  20009c6c    00000080     hello_pem4f.oem4f (.data:ti_sysbios_knl_Task_Module_State_0_readyQ__A)
                  20009cec    00000078     rtsv7M4_T_le_v4SPD16_eabi.lib : host_device.c.obj (.data:_device)
                  20009d64    00000050                                   : host_device.c.obj (.data:_stream)
                  20009db4    0000004c     hello_pem4f.oem4f (.data:ti_sysbios_knl_Task_Object__table__V)
                  20009e00    00000044     hello_pem4f.oem4f (.data:ti_sysbios_family_arm_msp432_Timer_Object__table__V)
                  20009e44    00000044     hello_pem4f.oem4f (.data:ti_sysbios_knl_Task_Module__state__V)
                  20009e88    00000038     hello_pem4f.oem4f (.data:ti_sysbios_gates_GateMutex_Object__table__V)
                  20009ec0    00000034     hello_pem4f.oem4f (.data:ti_sysbios_family_arm_m3_Hwi_Module__state__V)
                  20009ef4    00000030     hello_pem4f.oem4f (.data:ti_sysbios_knl_Swi_Object__table__V)
                  20009f24    0000002c     drivers_msp432p401x.aem4f : PowerMSP432.oem4f (.data:PowerMSP432_module)
                  20009f50    0000002c     hello_pem4f.oem4f (.data:ti_sysbios_knl_Clock_Module__state__V)
                  20009f7c    00000024     hello_pem4f.oem4f (.data:ti_sysbios_BIOS_Module__state__V)
                  20009fa0    00000020     hello_pem4f.oem4f (.data:ti_sysbios_family_arm_msp432_Timer_Module_State_0_device__A)
                  20009fc0    00000020     hello_pem4f.oem4f (.data:xdc_runtime_Error_IgnoreBlock)
                  20009fe0    0000001c     hello_pem4f.oem4f (.data:ti_sysbios_knl_Swi_Module__state__V)
                  20009ffc    00000018     hello_pem4f.oem4f (.data:ti_sysbios_family_arm_m3_Hwi_Object__table__V)
                  2000a014    00000018     hello_pem4f.oem4f (.data:ti_sysbios_heaps_HeapMem_Object__table__V)
                  2000a02c    00000010     rtsv7M4_T_le_v4SPD16_eabi.lib : defs.c.obj (.data)
                  2000a03c    00000010     hello_pem4f.oem4f (.data:ti_sysbios_family_arm_msp432_Timer_Module_State_0_handles__A)
                  2000a04c    0000000c     rtsv7M4_T_le_v4SPD16_eabi.lib : exit.c.obj (.data:$O1$$)
                  2000a058    0000000c     hello_pem4f.oem4f (.data:ti_sysbios_family_arm_msp432_ClockFreqs_Module__state__V)
                  2000a064    0000000c     hello_pem4f.oem4f (.data:ti_sysbios_family_arm_msp432_Timer_Module__state__V)
                  2000a070    0000000c     hello_pem4f.oem4f (.data:xdc_runtime_SysMin_Module__state__V)
                  2000a07c    00000008     rtsv7M4_T_le_v4SPD16_eabi.lib : _lock.c.obj (.data:$O1$$)
                  2000a084    00000008     hello_pem4f.oem4f (.data:ti_sysbios_family_arm_m3_Hwi_Module__root__V)
                  2000a08c    00000008     hello_pem4f.oem4f (.data:ti_sysbios_gates_GateHwi_Module__root__V)
                  2000a094    00000008     hello_pem4f.oem4f (.data:ti_sysbios_gates_GateMutex_Module__root__V)
                  2000a09c    00000008     hello_pem4f.oem4f (.data:ti_sysbios_heaps_HeapMem_Module__root__V)
                  2000a0a4    00000008     hello_pem4f.oem4f (.data:ti_sysbios_knl_Clock_Module__root__V)
                  2000a0ac    00000008     hello_pem4f.oem4f (.data:ti_sysbios_knl_Queue_Module__root__V)
                  2000a0b4    00000008     hello_pem4f.oem4f (.data:ti_sysbios_knl_Semaphore_Module__root__V)
                  2000a0bc    00000008     hello_pem4f.oem4f (.data:ti_sysbios_knl_Task_Module__root__V)
                  2000a0c4    00000008     hello_pem4f.oem4f (.data:xdc_runtime_Registry_Module__state__V)
                  2000a0cc    00000008     hello_pem4f.oem4f (.data:xdc_runtime_Startup_Module__state__V)
                  2000a0d4    00000008     hello_pem4f.oem4f (.data:xdc_runtime_System_Module_State_0_atexitHandlers__A)
                  2000a0dc    00000008     hello_pem4f.oem4f (.data:xdc_runtime_System_Module__state__V)
                  2000a0e4    00000004     rtsv7M4_T_le_v4SPD16_eabi.lib : errno.c.obj (.data)
                  2000a0e8    00000004                                   : stkdepth_vars.c.obj (.data)
                  2000a0ec    00000004     hello_pem4f.oem4f (.data:ti_sysbios_family_arm_m3_Hwi_Module_State_0_excContext__A)
                  2000a0f0    00000004     hello_pem4f.oem4f (.data:ti_sysbios_family_arm_m3_Hwi_Module_State_0_excStack__A)
                  2000a0f4    00000004     hello_pem4f.oem4f (.data:ti_sysbios_gates_GateHwi_Object__table__V)
                  2000a0f8    00000004     hello_pem4f.oem4f (.data:ti_sysbios_knl_Task_Module_State_0_idleTask__A)
                  2000a0fc    00000004     hello_pem4f.oem4f (.data:xdc_runtime_Memory_Module__state__V)
                  2000a100    00000002     hello_pem4f.oem4f (.data:ti_sysbios_family_arm_m3_Hwi_Module_State_0_excActive__A)
                  2000a102    00000002     hello_pem4f.oem4f (.data:xdc_runtime_Error_Module__state__V)
                  2000a104    00000001     drivers_msp432p401x.aem4f : UART.oem4f (.data)

.priheap   0    20000140    00008000     UNINITIALIZED
                  20000140    00008000     --HOLE--

.stack     0    2000fc00    00000400     UNINITIALIZED
                  2000fc00    00000400     --HOLE--

.bootVecs 
*          0    00000000    00000008     DSECT
                  00000000    00000008     boot.aem4f : boot.oem4f (.bootVecs)

.resetVecs 
*          0    00000000    0000003c     
                  00000000    0000003c     hello_pem4f.oem4f (.resetVecs)

.vecs      0    20000000    00000140     NOLOAD SECTION
                  20000000    00000140     hello_pem4f.oem4f (.vecs)

xdc.meta   0    00000000    000000dc     COPY SECTION
                  00000000    000000dc     hello_pem4f.oem4f (xdc.meta)

__llvm_prf_cnts 
*          0    20000000    00000000     UNINITIALIZED

.binit     0    00000000    00000000     

MODULE SUMMARY

       Module                       code    ro data   rw data
       ------                       ----    -------   -------
    .\
       ex2_3.obj                    446     0         8592   
    +--+----------------------------+-------+---------+---------+
       Total:                       446     0         8592   
                                                             
    .\syscfg\
       ti_drivers_config.obj        14      177       320    
    +--+----------------------------+-------+---------+---------+
       Total:                       14      177       320    
                                                             
    D:\ti\ccs1010\workspace_v10\Lab7_Ex2.3\Debug\configPkg\package\cfg\
       hello_pem4f.oem4f            2138    7584      5360   
    +--+----------------------------+-------+---------+---------+
       Total:                       2138    7584      5360   
                                                             
    C:/ti/simplelink_msp432p4_sdk_3_40_01_02/kernel/tirtos/packages/ti/dpl/lib/dpl_msp432p401x.aem4f
       ClockP_tirtos.oem4f          114     0         8      
       PowerMSP432_tirtos.oem4f     122     0         0      
       SemaphoreP_tirtos.oem4f      102     0         0      
       HwiP_tirtos.oem4f            96      0         0      
    +--+----------------------------+-------+---------+---------+
       Total:                       434     0         8      
                                                             
    C:/ti/simplelink_msp432p4_sdk_3_40_01_02/source/ti/devices/msp432p4xx/driverlib/ccs/msp432p4xx_driverlib.lib
       pcm.o                        1770    0         0      
       cs.o                         704     0         16     
       uart.o                       284     0         0      
       gpio.o                       136     48        0      
       sysctl_a.o                   64      0         0      
       rtc_c.o                      44      0         0      
       wdt_a.o                      36      0         0      
       cpu.o                        28      0         0      
       sysctl.o                     16      0         0      
    +--+----------------------------+-------+---------+---------+
       Total:                       3082    48        16     
                                                             
    C:/ti/simplelink_msp432p4_sdk_3_40_01_02/source/ti/drivers/lib/drivers_msp432p401x.aem4f
       UARTMSP432.oem4f             3406    81        0      
       PowerMSP432.oem4f            2196    0         728    
       UART.oem4f                   166     36        2      
       RingBuf.oem4f                184     0         0      
       List.oem4f                   76      0         0      
    +--+----------------------------+-------+---------+---------+
       Total:                       6028    117       730    
                                                             
    C:\ti\simplelink_msp432p4_sdk_3_40_01_02\kernel\tirtos\packages\ti\targets\arm\rtsarm\lib\auto_init.aem4f
       auto_init.oem4f              160     0         0      
    +--+----------------------------+-------+---------+---------+
       Total:                       160     0         0      
                                                             
    C:\ti\simplelink_msp432p4_sdk_3_40_01_02\kernel\tirtos\packages\ti\targets\arm\rtsarm\lib\boot.aem4f
       boot.oem4f                   88      0         0      
    +--+----------------------------+-------+---------+---------+
       Total:                       88      0         0      
                                                             
    C:\ti\simplelink_msp432p4_sdk_3_40_01_02\kernel\tirtos\packages\ti\targets\arm\rtsarm\lib\ti.targets.arm.rtsarm.aem4f
       System.oem4f                 1249    0         0      
       Text.oem4f                   596     0         0      
       Error.oem4f                  500     0         0      
       Startup.oem4f                344     0         0      
       Core-mem.oem4f               334     0         0      
       SysMin.oem4f                 248     0         0      
       Core-smem.oem4f              204     0         0      
       Memory.oem4f                 180     0         0      
       Assert.oem4f                 76      0         0      
       Core-params.oem4f            72      0         0      
       Gate.oem4f                   28      0         0      
       Registry.oem4f               28      0         0      
    +--+----------------------------+-------+---------+---------+
       Total:                       3859    0         0      
                                                             
    D:\ti\ccs1010\ccs\tools\compiler\ti-cgt-arm_20.2.1.LTS\lib\rtsv7M4_T_le_v4SPD16_eabi.lib
       _printfi.c.obj               4851    0         0      
       defs.c.obj                   0       0         832    
       trgmsg.c.obj                 108     0         576    
       fd_add_t2.asm.obj            438     0         0      
       host_device.c.obj            0       0         400    
       fd_div_t2.asm.obj            310     0         0      
[...]
00008d0f  HwiP_delete                                                     
00008d1d  Power_getConstraintMask                                         
00008d29  Power_getPerformanceLevel                                       
00008d35  SemaphoreP_delete                                               
00008d41  _register_lock                                                  
00008d4d  _register_unlock                                                
00008d59  __TI_zero_init                                                  
00008d65  ti_sysbios_family_arm_m3_Hwi_Params__init__S                    
00008d65  ti_sysbios_hal_Hwi_HwiProxy_Params__init__S                     
00008d71  ti_sysbios_family_arm_m3_Hwi_disableFxn__E                      
00008d71  ti_sysbios_hal_Hwi_HwiProxy_disable__E                          
00008d81  ti_sysbios_family_arm_m3_TaskSupport_checkStack__E              
00008d81  ti_sysbios_knl_Task_SupportProxy_checkStack__E                  
00008d91  ti_sysbios_family_arm_m3_TaskSupport_getStackAlignment__E       
00008d91  ti_sysbios_knl_Task_SupportProxy_getStackAlignment__E           
00008da1  ti_sysbios_family_arm_msp432_Timer_getMaxTicks__E               
00008db1  ti_sysbios_gates_GateHwi_enter__E                               
00008dbd  ti_sysbios_knl_Clock_Params__init__S                            
00008dc9  ti_sysbios_knl_Queue_Object__get__S                             
00008dd5  ti_sysbios_knl_Semaphore_Params__init__S                        
00008de1  ti_sysbios_knl_Task_Params__init__S                             
00008ded  xdc_runtime_Gate_enterSystem__E                                 
00008df9  xdc_runtime_Memory_calloc__E                                    
00008e05  xdc_runtime_Memory_getMaxDefaultTypeAlign__E                    
00008e11  xdc_runtime_Startup_rtsDone__E                                  
00008e1d  ClockP_Params_init                                              
00008e27  UART_write                                                      
00008e3b  xdc_runtime_Memory_HeapProxy_alloc__E                           
00008e45  xdc_runtime_Memory_HeapProxy_free__E                            
00008e4f  SemaphoreP_Params_init                                          
00008e59  __aeabi_errno_addr                                              
00008e69  ti_sysbios_family_arm_m3_Hwi_doSwiRestore__I                    
00008e71  ti_sysbios_family_arm_m3_Hwi_startup__E                         
00008e71  ti_sysbios_hal_Hwi_HwiProxy_startup__E                          
00008e71  ti_sysbios_hal_Hwi_startup__E                                   
00008e89  ti_sysbios_family_arm_m3_Hwi_doTaskRestore__I                   
00008e91  HwiP_restore                                                    
00008e91  ti_sysbios_family_arm_m3_Hwi_restoreFxn__E                      
00008e91  ti_sysbios_hal_Hwi_HwiProxy_restore__E                          
00008e99  ti_sysbios_gates_GateHwi_leave__E                               
00008ea1  ti_sysbios_heaps_HeapMem_isBlocking__E                          
00008ea9  ti_sysbios_knl_Clock_stop__E                                    
00008eb1  ti_sysbios_knl_Queue_Instance_init__E                           
00008eb9  ti_sysbios_knl_Swi_startup__E                                   
00008ec1  ti_sysbios_gates_GateHwi_query__E                               
00008ec1  xdc_runtime_Main_Module_GateProxy_query__E                      
00008ec1  xdc_runtime_System_Module_GateProxy_query__E                    
00008ec9  ti_sysbios_BIOS_RtsGateProxy_query__E                           
00008ec9  ti_sysbios_gates_GateMutex_query__E                             
00008ec9  ti_sysbios_heaps_HeapMem_Module_GateProxy_query__E              
00008ed1  ti_sysbios_knl_Clock_setTimeout__E                              
00008ed9  ti_sysbios_knl_Task_startup__E                                  
00008ee1  ti_sysbios_BIOS_linkedWithIncorrectBootLibrary__E               
00008ee9  ti_sysbios_gates_GateHwi_Instance_init__E                       
00008ef1  ti_sysbios_knl_Clock_logTick__E                                 
00008ef4  xdc_runtime_Text_charTab__A                                     
0000a77b  _ctypes_                                                        
0000a87c  xdc_runtime_Text_nodeTab__A                                     
0000a970  ti_sysbios_knl_Task_Object__PARAMS__C                           
0000a9ac  PowerMSP432_config                                              
0000aa14  ti_sysbios_family_arm_m3_Hwi_Object__PARAMS__C                  
0000aa70  UARTMSP432_fxnTable                                             
0000aa98  ti_sysbios_heaps_HeapMem_Module__FXNS__C                        
0000aac0  UART_defaultParams                                              
0000aae4  ti_sysbios_gates_GateHwi_Module__FXNS__C                        
0000ab08  ti_sysbios_gates_GateMutex_Module__FXNS__C                      
0000ab2c  ti_sysbios_heaps_HeapMem_Object__PARAMS__C                      
0000ab50  ti_sysbios_knl_Clock_Object__PARAMS__C                          
0000ab74  ti_sysbios_knl_Semaphore_Object__PARAMS__C                      
0000abb8  ti_sysbios_family_arm_m3_Hwi_Object__DESC__C                    
0000abd8  ti_sysbios_gates_GateHwi_Object__DESC__C                        
0000abf8  ti_sysbios_gates_GateMutex_Object__DESC__C                      
0000ac18  ti_sysbios_heaps_HeapMem_Object__DESC__C                        
0000ac38  ti_sysbios_knl_Clock_Object__DESC__C                            
0000ac58  ti_sysbios_knl_Queue_Object__DESC__C                            
0000ac78  ti_sysbios_knl_Semaphore_Object__DESC__C                        
0000ac98  ti_sysbios_knl_Task_Object__DESC__C                             
0000acb8  xdc_runtime_Startup_sfxnTab__A                                  
0000acd8  ti_sysbios_gates_GateHwi_Object__PARAMS__C                      
0000acf0  ti_sysbios_gates_GateMutex_Object__PARAMS__C                    
0000ad08  ti_sysbios_knl_Queue_Object__PARAMS__C                          
0000ad20  xdc_runtime_Startup_sfxnRts__A                                  
0000ad30  UART_config                                                     
0000ad3c  xdc_runtime_Startup_firstFxns__A                                
0000ad48  ti_sysbios_family_arm_m3_Hwi_excHookFuncs__A                    
0000ad50  ti_sysbios_knl_Idle_funcList__A                                 
0000ad58  ti_sysbios_knl_Idle_funcList__C                                 
0000ad60  xdc_runtime_Startup_firstFxns__C                                
0000ad68  xdc_runtime_Startup_lastFxns__C                                 
0000ad75  UART_count                                                      
0000ad7a  ti_sysbios_family_arm_m3_Hwi_Module__id__C                      
0000ad7c  ti_sysbios_family_arm_m3_Hwi_E_NMI__C                           
0000ad80  ti_sysbios_family_arm_m3_Hwi_E_alreadyDefined__C                
0000ad84  ti_sysbios_family_arm_m3_Hwi_E_badIntNum__C                     
0000ad88  ti_sysbios_family_arm_m3_Hwi_E_busFault__C                      
0000ad8c  ti_sysbios_family_arm_m3_Hwi_E_debugMon__C                      
0000ad90  ti_sysbios_family_arm_m3_Hwi_E_hardFault__C                     
0000ad94  ti_sysbios_family_arm_m3_Hwi_E_memFault__C                      
0000ad98  ti_sysbios_family_arm_m3_Hwi_E_noIsr__C                         
0000ad9c  ti_sysbios_family_arm_m3_Hwi_E_reserved__C                      
0000ada0  ti_sysbios_family_arm_m3_Hwi_E_svCall__C                        
0000ada4  ti_sysbios_family_arm_m3_Hwi_E_usageFault__C                    
0000ada8  ti_sysbios_family_arm_m3_Hwi_NUM_INTERRUPTS__C                  
0000adac  ti_sysbios_family_arm_m3_Hwi_Object__count__C                   
0000adb0  ti_sysbios_family_arm_m3_Hwi_ccr__C                             
0000adb4  ti_sysbios_family_arm_m3_Hwi_excHandlerFunc__C                  
0000adb8  ti_sysbios_family_arm_m3_Hwi_excHookFuncs__C                    
0000adbc  ti_sysbios_family_arm_m3_Hwi_nullIsrFunc__C                     
0000adc0  ti_sysbios_family_arm_m3_Hwi_priGroup__C                        
0000adc4  ti_sysbios_family_arm_m3_Hwi_swiDisable__C                      
0000adc8  ti_sysbios_family_arm_m3_Hwi_swiRestore__C                      
0000adcc  ti_sysbios_family_arm_m3_TaskSupport_stackAlignment__C          
0000add0  ti_sysbios_family_arm_msp432_Timer_numTimerDevices__C           
0000add4  ti_sysbios_family_arm_msp432_Timer_startupNeeded__C             
0000add8  ti_sysbios_gates_GateMutex_Instance_State_sem__O                
0000addc  ti_sysbios_hal_Hwi_E_stackOverflow__C                           
0000ade0  ti_sysbios_heaps_HeapMem_E_memory__C                            
0000ade4  ti_sysbios_heaps_HeapMem_Module__gateObj__C                     
0000ade8  ti_sysbios_heaps_HeapMem_Object__count__C                       
0000adec  ti_sysbios_heaps_HeapMem_primaryHeapBaseAddr__C                 
0000adf0  ti_sysbios_heaps_HeapMem_primaryHeapEndAddr__C                  
0000adf4  ti_sysbios_heaps_HeapMem_reqAlign__C                            
0000adf8  ti_sysbios_knl_Clock_Module_State_clockQ__O                     
0000adfc  ti_sysbios_knl_Clock_tickPeriod__C                              
0000ae00  ti_sysbios_knl_Semaphore_Instance_State_pendQ__O                
0000ae04  ti_sysbios_knl_Swi_Object__count__C                             
0000ae08  ti_sysbios_knl_Task_E_spOutOfBounds__C                          
0000ae0c  ti_sysbios_knl_Task_E_stackOverflow__C                          
0000ae10  ti_sysbios_knl_Task_Module_State_inactiveQ__O                   
0000ae14  ti_sysbios_knl_Task_Object__count__C                            
0000ae18  ti_sysbios_knl_Task_allBlockedFunc__C                           
0000ae1c  ti_sysbios_knl_Task_defaultStackHeap__C                         
0000ae20  ti_sysbios_knl_Task_defaultStackSize__C                         
0000ae24  ti_sysbios_knl_Task_numConstructedTasks__C                      
0000ae28  xdc_runtime_Assert_E_assertFailed__C                            
0000ae2c  xdc_runtime_Core_A_initializedParams__C                         
0000ae30  xdc_runtime_Core_Module__diagsEnabled__C                        
0000ae34  xdc_runtime_Core_Module__diagsIncluded__C                       
0000ae38  xdc_runtime_Core_Module__diagsMask__C                           
0000ae3c  xdc_runtime_Error_E_memory__C                                   
0000ae40  xdc_runtime_Error_policyFxn__C                                  
0000ae44  xdc_runtime_Error_raiseHook__C                                  
0000ae48  xdc_runtime_IGateProvider_Interface__BASE__C                    
0000ae4c  xdc_runtime_IHeap_Interface__BASE__C                            
0000ae50  xdc_runtime_IModule_Interface__BASE__C                          
0000ae54  xdc_runtime_Memory_defaultHeapInstance__C                       
0000ae58  xdc_runtime_Startup_execImpl__C                                 
0000ae5c  xdc_runtime_Startup_maxPasses__C                                
0000ae60  xdc_runtime_Startup_sfxnRts__C                                  
0000ae64  xdc_runtime_Startup_sfxnTab__C                                  
0000ae68  xdc_runtime_SysMin_bufSize__C                                   
0000ae6c  xdc_runtime_SysMin_outputFunc__C                                
0000ae70  xdc_runtime_System_Module__gateObj__C                           
0000ae74  xdc_runtime_System_abortFxn__C                                  
0000ae78  xdc_runtime_System_exitFxn__C                                   
0000ae7c  xdc_runtime_System_extendFxn__C                                 
0000ae80  xdc_runtime_System_maxAtexitHandlers__C                         
0000ae84  xdc_runtime_Text_charTab__C                                     
0000ae88  xdc_runtime_Text_nodeTab__C                                     
0000ae8c  xdc_runtime_Text_visitRopeFxn__C                                
0000ae90  ti_sysbios_family_arm_msp432_init_Boot_bypassHFXT__C            
0000ae92  ti_sysbios_family_arm_msp432_init_Boot_bypassLFXT__C            
0000ae94  ti_sysbios_family_arm_msp432_init_Boot_enableHFXT__C            
0000ae96  ti_sysbios_family_arm_msp432_init_Boot_enableLFXT__C            
0000ae98  ti_sysbios_hal_Hwi_Module__id__C                                
0000ae9a  ti_sysbios_heaps_HeapMem_Module__id__C                          
0000ae9c  ti_sysbios_knl_Task_Module__id__C                               
0000ae9e  xdc_runtime_Core_Module__id__C                                  
0000aea0  xdc_runtime_Error_Module__loggerDefined__C                      
0000aea2  xdc_runtime_Error_maxDepth__C                                   
0000aea4  xdc_runtime_Memory_Module__id__C                                
0000aea6  xdc_runtime_SysMin_flushAtExit__C                               
0000aea8  xdc_runtime_Text_isLoaded__C                                    
0000aeaa  xdc_runtime_Text_registryModsLastId__C                          
0000aeac  xdc_runtime_Text_unnamedModsLastId__C                           
0000aeae  xdc_runtime_Error_policy__C                                     
0000aeb0  __TI_static_base__                                              
0000b100  __TI_Handler_Table_Base                                         
0000b10c  __TI_Handler_Table_Limit                                        
0000b118  __TI_CINIT_Base                                                 
0000b128  __TI_CINIT_Limit                                                
20000000  __start___llvm_prf_cnts                                         
20000000  __stop___llvm_prf_cnts                                          
20000000  ti_sysbios_family_arm_m3_Hwi_ramVectors                         
20000140  __primary_heap_start__                                          
20008140  __primary_heap_end__                                            
20008140  task1Stack                                                      
20008940  task2Stack                                                      
20009140  ti_sysbios_knl_Task_Instance_State_0_stack__A                   
20009340  xdc_runtime_SysMin_Module_State_0_outbuf__A                     
20009540  ti_sysbios_family_arm_m3_Hwi_dispatchTable                      
20009680  __CIOBUF_                                                       
200097a0  __TI_tmpnams                                                    
20009840  uartMSP432Objects                                               
200098c0  task1Struct                                                     
20009910  task2Struct                                                     
20009960  uartParams                                                      
200099ac  parmbuf                                                         
200099b4  ClockP_tickPeriod                                               
200099b8  uart                                                            
200099bc  PowerMSP432_perfLevels                                          
20009afc  _ftable                                                         
20009bec  ti_sysbios_knl_Swi_Module_State_0_readyQ__A                     
20009c6c  ti_sysbios_knl_Task_Module_State_0_readyQ__A                    
20009cec  _device                                                         
20009d64  _stream                                                         
20009db4  ti_sysbios_knl_Task_Object__table__V                            
20009e00  ti_sysbios_family_arm_msp432_Timer_Object__table__V             
20009e44  ti_sysbios_knl_Task_Module__state__V                            
20009e88  ti_sysbios_gates_GateMutex_Object__table__V                     
20009ec0  ti_sysbios_family_arm_m3_Hwi_Module__state__V                   
20009ef4  ti_sysbios_knl_Swi_Object__table__V                             
20009f24  PowerMSP432_module                                              
20009f50  ti_sysbios_knl_Clock_Module__state__V                           
20009f7c  ti_sysbios_BIOS_Module__state__V                                
20009fa0  ti_sysbios_family_arm_msp432_Timer_Module_State_0_device__A     
20009fc0  xdc_runtime_Error_IgnoreBlock                                   
20009fe0  ti_sysbios_knl_Swi_Module__state__V                             
20009ffc  ti_sysbios_family_arm_m3_Hwi_Object__table__V                   
2000a014  ti_sysbios_heaps_HeapMem_Object__table__V                       
2000a02c  __TI_ft_end                                                     
2000a030  __aeabi_stdin                                                   
2000a034  __aeabi_stdout                                                  
2000a038  __aeabi_stderr                                                  
2000a03c  ti_sysbios_family_arm_msp432_Timer_Module_State_0_handles__A    
2000a04c  __TI_cleanup_ptr                                                
2000a050  __TI_dtors_ptr                                                  
2000a054  __TI_enable_exit_profile_output                                 
2000a058  ti_sysbios_family_arm_msp432_ClockFreqs_Module__state__V        
2000a064  ti_sysbios_family_arm_msp432_Timer_Module__state__V             
2000a070  xdc_runtime_SysMin_Module__state__V                             
2000a07c  _lock                                                           
2000a080  _unlock                                                         
2000a084  ti_sysbios_family_arm_m3_Hwi_Module__root__V                    
2000a08c  ti_sysbios_gates_GateHwi_Module__root__V                        
2000a094  ti_sysbios_gates_GateMutex_Module__root__V                      
2000a09c  ti_sysbios_heaps_HeapMem_Module__root__V                        
2000a0a4  ti_sysbios_knl_Clock_Module__root__V                            
2000a0ac  ti_sysbios_knl_Queue_Module__root__V                            
2000a0b4  ti_sysbios_knl_Semaphore_Module__root__V                        
2000a0bc  ti_sysbios_knl_Task_Module__root__V                             
2000a0c4  xdc_runtime_Registry_Module__state__V                           
2000a0cc  xdc_runtime_Startup_Module__state__V                            
2000a0d4  xdc_runtime_System_Module_State_0_atexitHandlers__A             
2000a0dc  xdc_runtime_System_Module__state__V                             
2000a0e4  errno                                                           
2000a0e8  main_func_sp                                                    
2000a0ec  ti_sysbios_family_arm_m3_Hwi_Module_State_0_excContext__A       
2000a0f0  ti_sysbios_family_arm_m3_Hwi_Module_State_0_excStack__A         
2000a0f4  ti_sysbios_gates_GateHwi_Object__table__V                       
2000a0f8  ti_sysbios_knl_Task_Module_State_0_idleTask__A                  
2000a0fc  xdc_runtime_Memory_Module__state__V                             
2000a100  ti_sysbios_family_arm_m3_Hwi_Module_State_0_excActive__A        
2000a102  xdc_runtime_Error_Module__state__V                              
2000fc00  __stack                                                         
20010000  __STACK_END                                                     
4000480c  WDTCTL_SYM                                                      
e000e000  ti_sysbios_family_arm_m3_Hwi_nvic                               
ffffffff  __TI_pprof_out_hndl                                             
ffffffff  __TI_prof_data_size                                             
ffffffff  __TI_prof_data_start                                            
ffffffff  __binit__                                                       
ffffffff  __c_args__                                                      
ffffffff  binit                                                           
UNDEFED   SHT$$INIT_ARRAY$$Base                                           
UNDEFED   SHT$$INIT_ARRAY$$Limit                                          

[672 symbols]
