******************************************************************************
                  TI ARM Linker PC v20.2.1                     
******************************************************************************
>> Linked Tue Dec  1 00:04:51 2020

OUTPUT FILE NAME:   <Lab8_Ex1.out>
ENTRY POINT SYMBOL: "_c_int00"  address: 00005849


MEMORY CONFIGURATION

         name            origin    length      used     unused   attr    fill
----------------------  --------  ---------  --------  --------  ----  --------
  MAIN                  00000000   00040000  00009b13  000364ed  R  X
  INFO                  00200000   00004000  00000000  00004000  R  X
  SRAM_CODE             01000000   00010000  0000a454  00005bac  RW X
  SRAM_DATA             20000000   00010000  0000a454  00005bac  RW  


SEGMENT ALLOCATION MAP

run origin  load origin   length   init length attrs members
----------  ----------- ---------- ----------- ----- -------
00000000    00000000    00009b20   00009b20    r-x
  00000000    00000000    0000003c   0000003c    r-- .resetVecs
  00000040    00000040    00007a0a   00007a0a    r-x .text
  00007a4c    00007a4c    00001e55   00001e55    r-- .const
  000098a8    000098a8    00000278   00000278    r-- .cinit
20000140    20000140    00008000   00000000    r--
  20000140    20000140    00008000   00000000    r-- .priheap
20008140    20008140    00001f14   00000000    rw-
  20008140    20008140    000017cc   00000000    rw- .bss
  2000990c    2000990c    00000748   00000000    rw- .data
2000fc00    2000fc00    00000400   00000000    rw-
  2000fc00    2000fc00    00000400   00000000    rw- .stack


SECTION ALLOCATION MAP

 output                                  attributes/
section   page    origin      length       input sections
--------  ----  ----------  ----------   ----------------
.text      0    00000040    00007a0a     
                  00000040    00000a4e     rtsv7M4_T_le_v4SPD16_eabi.lib : _printfi.c.obj (.text:__TI_printfi)
                  00000a8e    00000002     ti_drivers_config.obj (.text:Board_initHook)
                  00000a90    00000430     sysbios.aem4f : BIOS.obj (.text:ti_sysbios_family_arm_m3_Hwi_excDumpRegs__I)
                  00000ec0    00000340     ti.targets.arm.rtsarm.aem4f : System.oem4f (.text:xdc_runtime_System_doPrint__I)
                  00001200    000002f8     drivers_msp432p401x.aem4f : PowerMSP432.oem4f (.text:Power_sleep)
                  000014f8    0000028a     msp432p4xx_driverlib.lib : pcm.o (.text:__PCM_setPowerStateAdvanced)
                  00001782    00000002     dpl_msp432p401x.aem4f : PowerMSP432_tirtos.oem4f (.text:PowerMSP432_initPolicy)
                  00001784    00000288     drivers_msp432p401x.aem4f : PowerMSP432.oem4f (.text:initPerfControl)
                  00001a0c    00000270     rtsv7M4_T_le_v4SPD16_eabi.lib : _printfi.c.obj (.text:_pconv_a)
                  00001c7c    000001d0                                   : _printfi.c.obj (.text:_pconv_g)
                  00001e4c    000001b6                                   : fd_add_t2.asm.obj (.text)
                  00002002    00000006     ti.targets.arm.rtsarm.aem4f : System.oem4f (.text:xdc_runtime_System_Module_startup__E)
                  00002008    00000174     sysbios.aem4f : BIOS.obj (.text:ti_sysbios_family_arm_m3_Hwi_excBusFault__I)
                  0000217c    00000004     msp432p4xx_driverlib.lib : cpu.o (.text:CPU_wfi)
                  00002180    00000164     sysbios.aem4f : BIOS.obj (.text:ti_sysbios_family_arm_m3_Hwi_excUsageFault__I)
                  000022e4    0000015c     msp432p4xx_driverlib.lib : pcm.o (.text:__PCM_setPowerModeAdvanced)
                  00002440    00000148     sysbios.aem4f : BIOS.obj (.text:ti_sysbios_family_arm_m3_Hwi_excMemFault__I)
                  00002588    0000013c     rtsv7M4_T_le_v4SPD16_eabi.lib : _printfi.c.obj (.text:_pconv_e)
                  000026c4    00000004                                   : printf.c.obj (.text:_outc)
                  000026c8    00000138     sysbios.aem4f : BIOS.obj (.text:ti_sysbios_knl_Semaphore_pend__E)
                  00002800    00000136     rtsv7M4_T_le_v4SPD16_eabi.lib : fd_div_t2.asm.obj (.text)
                  00002936    00000002                                   : _lock.c.obj (.text:_nop)
                  00002938    00000124                                   : _printfi.c.obj (.text:fcvt)
                  00002a5c    00000114                                   : fputs.c.obj (.text:fputs)
                  00002b70    00000110                                   : s_scalbn.c.obj (.text:scalbn)
                  00002c80    00000108     msp432p4xx_driverlib.lib : pcm.o (.text:__PCM_setCoreVoltageLevelAdvanced)
                  00002d88    00000108     sysbios.aem4f : BIOS.obj (.text:ti_sysbios_family_arm_m3_Hwi_excFillContext__I)
                  00002e90    00000108                   : BIOS.obj (.text:ti_sysbios_family_arm_m3_Hwi_excHandlerMax__I)
                  00002f98    00000106     hello_pem4f.oem4f (.text:xdc_runtime_System_printfExtend__I)
                  0000309e    000000fc     rtsv7M4_T_le_v4SPD16_eabi.lib : fd_mul_t2.asm.obj (.text)
                  0000319a    00000002                                   : div0.asm.obj (.text)
                  0000319c    000000fc     ti.targets.arm.rtsarm.aem4f : Startup.oem4f (.text:xdc_runtime_Startup_startMods__I)
                  00003298    000000f0     sysbios.aem4f : m3_Hwi_asm.obj (.text:ti_sysbios_family_arm_m3_Hwi_dispatch__I)
                  00003388    000000e8     ti.targets.arm.rtsarm.aem4f : Core-mem.oem4f (.text:xdc_runtime_Core_createObject__I)
                  00003470    000000e8                                 : Error.oem4f (.text:xdc_runtime_Error_policyDefault__E)
                  00003558    000000e4     msp432p4xx_driverlib.lib : cs.o (.text:CS_startHFXTWithTimeout)
                  0000363c    000000e0                              : cs.o (.text:CS_startLFXTWithTimeout)
                  0000371c    000000dc                              : cs.o (.text:_CSGetHFXTFrequency)
                  000037f8    000000dc     rtsv7M4_T_le_v4SPD16_eabi.lib : setvbuf.c.obj (.text:setvbuf)
                  000038d4    000000cc     ti.targets.arm.rtsarm.aem4f : Core-smem.oem4f (.text:xdc_runtime_Core_constructObject__I)
                  000039a0    000000c8     sysbios.aem4f : BIOS.obj (.text:ti_sysbios_family_arm_msp432_init_Boot_setupCS)
                  00003a68    000000c8                   : BIOS.obj (.text:ti_sysbios_knl_Task_sleep__E)
                  00003b30    000000c4                   : BIOS.obj (.text:ti_sysbios_knl_Task_Instance_init__E)
                  00003bf4    00000004     rtsv7M4_T_le_v4SPD16_eabi.lib : printf.c.obj (.text:_outs)
                  00003bf8    000000bc     sysbios.aem4f : BIOS.obj (.text:ti_sysbios_family_arm_m3_Hwi_excDebugMon__I)
                  00003cb4    00000004     rtsv7M4_T_le_v4SPD16_eabi.lib : exit.c.obj (.text:abort:abort)
                  00003cb8    000000bc     sysbios.aem4f : BIOS.obj (.text:ti_sysbios_family_arm_m3_Hwi_excHardFault__I)
                  00003d74    00000004     hello_pem4f.oem4f (.text:ti_sysbios_BIOS_RtsGateProxy_enter__E)
                  00003d78    000000bc     sysbios.aem4f : BIOS.obj (.text:ti_sysbios_knl_Task_Instance_finalize__E)
                  00003e34    00000004     hello_pem4f.oem4f (.text:ti_sysbios_BIOS_RtsGateProxy_leave__E)
                  00003e38    000000b4     sysbios.aem4f : BIOS.obj (.text:ti_sysbios_knl_Task_checkStacks__E)
                  00003eec    000000b1     rtsv7M4_T_le_v4SPD16_eabi.lib : _printfi.c.obj (.text:_ltostr)
                  00003f9d    00000001     --HOLE-- [fill = 0]
                  00003f9e    00000002     hello_pem4f.oem4f (.text:ti_sysbios_BIOS_nullFunc__I)
                  00003fa0    000000ac     sysbios.aem4f : BIOS.obj (.text:ti_sysbios_family_arm_m3_Hwi_Instance_init__E)
                  0000404c    00000004     hello_pem4f.oem4f (.text:ti_sysbios_family_arm_m3_TaskSupport_Module__startupDone__S)
                  00004050    000000a8     sysbios.aem4f : BIOS.obj (.text:ti_sysbios_family_arm_msp432_Timer_periodicStub__E)
                  000040f8    000000a2     ti.targets.arm.rtsarm.aem4f : Text.oem4f (.text:xdc_runtime_Text_putSite__E)
                  0000419a    00000002     --HOLE-- [fill = 0]
                  0000419c    000000a0     auto_init.aem4f : auto_init.oem4f (.text)
                  0000423c    0000009c     drivers_msp432p401x.aem4f : PowerMSP432.oem4f (.text:Power_init)
                  000042d8    0000009c     rtsv7M4_T_le_v4SPD16_eabi.lib : memcpy_t2.asm.obj (.text)
                  00004374    00000096                                   : ull_div_t2.asm.obj (.text)
                  0000440a    00000004     hello_pem4f.oem4f (.text:ti_sysbios_heaps_HeapMem_Module_GateProxy_enter__E)
                  0000440e    00000002     --HOLE-- [fill = 0]
                  00004410    00000094     sysbios.aem4f : BIOS.obj (.text:ti_sysbios_family_arm_m3_Hwi_initNVIC__E)
                  000044a4    0000008c     rtsv7M4_T_le_v4SPD16_eabi.lib : fputc.c.obj (.text:fputc)
                  00004530    0000008c     sysbios.aem4f : m3_TaskSupport_asm.obj (.text:ti_sysbios_family_arm_m3_TaskSupport_buildTaskStack)
                  000045bc    00000004     hello_pem4f.oem4f (.text:ti_sysbios_heaps_HeapMem_Module_GateProxy_leave__E)
                  000045c0    0000008c     sysbios.aem4f : BIOS.obj (.text:ti_sysbios_knl_Task_postInit__I)
                  0000464c    00000086     rtsv7M4_T_le_v4SPD16_eabi.lib : fd_cmp_t2.asm.obj (.text:__aeabi_cdcmple)
                  000046d2    00000086                                   : fd_cmp_t2.asm.obj (.text:__aeabi_cdrcmple)
                  00004758    00000084     msp432p4xx_driverlib.lib : pcm.o (.text:PCM_gotoLPM3)
                  000047dc    00000084     Lab8_Ex1.obj (.text:main)
                  00004860    00000084     drivers_msp432p401x.aem4f : PowerMSP432.oem4f (.text:restartHFXT)
                  000048e4    00000004     hello_pem4f.oem4f (.text:ti_sysbios_knl_Clock_TimerProxy_getMaxTicks__E)
                  000048e8    00000084     sysbios.aem4f : BIOS.obj (.text:ti_sysbios_family_arm_m3_Hwi_postInit__I)
                  0000496c    00000004     ti.targets.arm.rtsarm.aem4f : Error.oem4f (.text:xdc_runtime_Error_getSite__E)
                  00004970    00000084     sysbios.aem4f : BIOS.obj (.text:ti_sysbios_heaps_HeapMem_free__E)
                  000049f4    00000004     hello_pem4f.oem4f (.text:xdc_runtime_System_Module_GateProxy_enter__E)
                  000049f8    00000080     sysbios.aem4f : BIOS.obj (.text:ti_sysbios_knl_Clock_workFunc__E)
                  00004a78    0000007a     rtsv7M4_T_le_v4SPD16_eabi.lib : memset_t2.asm.obj (.text)
                  00004af2    00000004     hello_pem4f.oem4f (.text:xdc_runtime_System_Module_GateProxy_leave__E)
                  00004af6    00000002     --HOLE-- [fill = 0]
                  00004af8    0000007a     sysbios.aem4f : BIOS.obj (.text:ti_sysbios_heaps_HeapMem_allocUnprotected__E)
                  00004b72    00000004     ti.targets.arm.rtsarm.aem4f : System.oem4f (.text:xdc_runtime_System_aprintf_va__F)
                  00004b76    00000002     --HOLE-- [fill = 0]
                  00004b78    00000078     sysbios.aem4f : BIOS.obj (.text:ti_sysbios_heaps_HeapMem_initPrimary__I)
                  00004bf0    00000074     rtsv7M4_T_le_v4SPD16_eabi.lib : fclose.c.obj (.text:__TI_closefile)
                  00004c64    00000074     ti.targets.arm.rtsarm.aem4f : Error.oem4f (.text:xdc_runtime_Error_print__E)
                  00004cd8    00000074                                 : Text.oem4f (.text:xdc_runtime_Text_putMod__E)
                  00004d4c    00000004                                 : System.oem4f (.text:xdc_runtime_System_printf_va__F)
                  00004d50    00000070     sysbios.aem4f : BIOS.obj (.text:ti_sysbios_knl_Task_exit__E)
                  00004dc0    00000070     ti.targets.arm.rtsarm.aem4f : Memory.oem4f (.text:xdc_runtime_Memory_alloc__E)
                  00004e30    0000006e     rtsv7M4_T_le_v4SPD16_eabi.lib : _printfi.c.obj (.text:_mcpy)
                  00004e9e    00000002     --HOLE-- [fill = 0]
                  00004ea0    0000006d     ti.targets.arm.rtsarm.aem4f : System.oem4f (.text:xdc_runtime_System_formatNum__I)
                  00004f0d    00000003     --HOLE-- [fill = 0]
                  00004f10    0000006c     rtsv7M4_T_le_v4SPD16_eabi.lib : hostrename.c.obj (.text:HOSTrename)
                  00004f7c    00000004     --HOLE-- [fill = 0]
                  00004f80    0000006c     sysbios.aem4f : BIOS.obj (.text:ti_sysbios_knl_Swi_restoreHwi__E)
                  00004fec    00000068     rtsv7M4_T_le_v4SPD16_eabi.lib : hostlseek.c.obj (.text:HOSTlseek)
                  00005054    00000068                                   : copy_decompress_lzss.c.obj (.text:decompress:lzss:__TI_decompress_lzss)
                  000050bc    00000068                                   : printf.c.obj (.text:printf)
                  00005124    00000066     ti.targets.arm.rtsarm.aem4f : Core-mem.oem4f (.text:xdc_runtime_Core_deleteObject__I)
                  0000518a    00000002     --HOLE-- [fill = 0]
                  0000518c    00000064     rtsv7M4_T_le_v4SPD16_eabi.lib : s_frexp.c.obj (.text:frexp)
                  000051f0    00000064                                   : fseek.c.obj (.text:fseek)
                  00005254    00000004     --HOLE-- [fill = 0]
                  00005258    00000064     sysbios.aem4f : BIOS.obj (.text:ti_sysbios_family_arm_m3_Hwi_dispatchC__I)
                  000052bc    00000062     rtsv7M4_T_le_v4SPD16_eabi.lib : _io_perm.c.obj (.text:__TI_wrt_ok)
                  0000531e    00000002     --HOLE-- [fill = 0]
                  00005320    00000060                                   : hostopen.c.obj (.text:HOSTopen)
                  00005380    00000060     Lab8_Ex1.obj (.text:task2)
                  000053e0    00000060     sysbios.aem4f : BIOS.obj (.text:ti_sysbios_knl_Semaphore_post__E)
                  00005440    00000060                   : BIOS.obj (.text:ti_sysbios_knl_Task_schedule__I)
                  000054a0    0000005f     ti.targets.arm.rtsarm.aem4f : Text.oem4f (.text:xdc_runtime_Text_putLab__E)
                  000054ff    00000001     --HOLE-- [fill = 0]
                  00005500    0000005e     msp432p4xx_driverlib.lib : pcm.o (.text:PCM_getCoreVoltageLevel)
                  0000555e    00000002     --HOLE-- [fill = 0]
                  00005560    0000005c     rtsv7M4_T_le_v4SPD16_eabi.lib : close.c.obj (.text:close)
                  000055bc    00000004     --HOLE-- [fill = 0]
                  000055c0    0000005c     sysbios.aem4f : BIOS.obj (.text:ti_sysbios_knl_Swi_run__I)
                  0000561c    00000004     --HOLE-- [fill = 0]
                  00005620    0000005c                   : BIOS.obj (.text:ti_sysbios_knl_Swi_schedule__I)
                  0000567c    00000004     --HOLE-- [fill = 0]
                  00005680    0000005c                   : BIOS.obj (.text:ti_sysbios_knl_Task_Module_startup__E)
                  000056dc    00000004     --HOLE-- [fill = 0]
                  000056e0    0000005c                   : BIOS.obj (.text:ti_sysbios_knl_Task_startCore__E)
                  0000573c    0000005a     msp432p4xx_driverlib.lib : pcm.o (.text:PCM_getPowerMode)
                  00005796    00000002     --HOLE-- [fill = 0]
                  00005798    00000058     rtsv7M4_T_le_v4SPD16_eabi.lib : hostread.c.obj (.text:HOSTread)
                  000057f0    00000058                                   : hostwrite.c.obj (.text:HOSTwrite)
                  00005848    00000058     boot.aem4f : boot.oem4f (.text)
                  000058a0    00000058     sysbios.aem4f : m3_Hwi_asm_switch.obj (.text:ti_sysbios_family_arm_m3_Hwi_initStacks__E)
                  000058f8    00000058                   : BIOS.obj (.text:ti_sysbios_heaps_HeapMem_alloc__E)
                  00005950    00000056     rtsv7M4_T_le_v4SPD16_eabi.lib : _printfi.c.obj (.text:_pconv_f)
                  000059a6    00000002     --HOLE-- [fill = 0]
                  000059a8    00000054     msp432p4xx_driverlib.lib : pcm.o (.text:PCM_shutdownDevice)
                  000059fc    00000054     rtsv7M4_T_le_v4SPD16_eabi.lib : _ltoa.c.obj (.text:__TI_ltoa)
                  00005a50    00000054     hello_pem4f.oem4f (.text:ti_sysbios_family_arm_m3_Hwi_create)
                  00005aa4    00000004     --HOLE-- [fill = 0]
                  00005aa8    00000054     sysbios.aem4f : BIOS.obj (.text:ti_sysbios_family_arm_msp432_Timer_initDevice__I)
                  00005afc    00000052     rtsv7M4_T_le_v4SPD16_eabi.lib : _printfi.c.obj (.text:_ecpy)
                  00005b4e    00000002     --HOLE-- [fill = 0]
                  00005b50    00000050     sysbios.aem4f : BIOS.obj (.text:ti_sysbios_family_arm_m3_Hwi_Module_startup__E)
                  00005ba0    00000050     ti.targets.arm.rtsarm.aem4f : Startup.oem4f (.text:xdc_runtime_Startup_exec__E)
                  00005bf0    00000050                                 : Text.oem4f (.text:xdc_runtime_Text_visitRope2__I)
                  00005c40    0000004c     dpl_msp432p401x.aem4f : PowerMSP432_tirtos.oem4f (.text:PowerMSP432_sleepPolicy)
                  00005c8c    0000004c     rtsv7M4_T_le_v4SPD16_eabi.lib : fflush.c.obj (.text:__TI_doflush)
                  00005cd8    0000004c                                   : atoi.c.obj (.text:atoi)
                  00005d24    0000004c                                   : cpy_tbl.c.obj (.text:copy_in)
                  00005d70    0000004c     sysbios.aem4f : BIOS.obj (.text:ti_sysbios_family_arm_msp432_Timer_start__E)
                  00005dbc    00000004     --HOLE-- [fill = 0]
                  00005dc0    0000004c                   : BIOS.obj (.text:ti_sysbios_heaps_HeapMem_getStats__E)
                  00005e0c    00000004     --HOLE-- [fill = 0]
                  00005e10    0000004c                   : BIOS.obj (.text:ti_sysbios_knl_Swi_runLoop__I)
                  00005e5c    00000004     --HOLE-- [fill = 0]
                  00005e60    0000004c                   : BIOS.obj (.text:ti_sysbios_knl_Task_allBlockedFunction__I)
                  00005eac    0000004c     hello_pem4f.oem4f (.text:ti_sysbios_knl_Task_construct)
                  00005ef8    0000004c     ti.targets.arm.rtsarm.aem4f : Assert.oem4f (.text:xdc_runtime_Assert_raise__I)
                  00005f44    00000048     rtsv7M4_T_le_v4SPD16_eabi.lib : hosttime.c.obj (.text:HOSTtime)
                  00005f8c    00000048                                   : exit.c.obj (.text:exit)
                  00005fd4    00000048                                   : fd_toi_t2.asm.obj (.text)
                  0000601c    00000004     --HOLE-- [fill = 0]
                  00006020    00000048     sysbios.aem4f : BIOS.obj (.text:ti_sysbios_family_arm_m3_Hwi_disableInterrupt__E)
                  00006068    00000048                   : BIOS.obj (.text:ti_sysbios_family_arm_m3_Hwi_enableInterrupt__E)
                  000060b0    00000048                   : BIOS.obj (.text:ti_sysbios_family_arm_m3_Hwi_excReserved__I)
                  000060f8    00000048     ti.targets.arm.rtsarm.aem4f : Core-params.oem4f (.text:xdc_runtime_Core_assignParams__I)
                  00006140    00000044     rtsv7M4_T_le_v4SPD16_eabi.lib : hostclose.c.obj (.text:HOSTclose)
                  00006184    00000044                                   : hostunlink.c.obj (.text:HOSTunlink)
                  000061c8    00000044                                   : getdevice.c.obj (.text:getdevice)
                  0000620c    00000004     --HOLE-- [fill = 0]
                  00006210    00000044     sysbios.aem4f : BIOS.obj (.text:ti_sysbios_family_arm_m3_Hwi_getStackInfo__E)
                  00006254    00000004     --HOLE-- [fill = 0]
                  00006258    00000044                   : BIOS.obj (.text:ti_sysbios_knl_Swi_post__E)
                  0000629c    00000044     ti.targets.arm.rtsarm.aem4f : Error.oem4f (.text:xdc_runtime_Error_setX__E)
                  000062e0    00000044                                 : SysMin.oem4f (.text:xdc_runtime_SysMin_flush__E)
                  00006324    00000044                                 : Text.oem4f (.text:xdc_runtime_Text_xprintf__I)
                  00006368    00000040     dpl_msp432p401x.aem4f : HwiP_tirtos.oem4f (.text:HwiP_create)
                  000063a8    00000040     rtsv7M4_T_le_v4SPD16_eabi.lib : u_divt2.asm.obj (.text)
                  000063e8    00000040     sysbios.aem4f : BIOS.obj (.text:ti_sysbios_family_arm_msp432_Timer_Module_startup__E)
                  00006428    00000040                   : BIOS.obj (.text:ti_sysbios_family_arm_msp432_Timer_startup__E)
                  00006468    00000040                   : BIOS.obj (.text:ti_sysbios_heaps_HeapMem_Instance_init__E)
                  000064a8    0000003e     rtsv7M4_T_le_v4SPD16_eabi.lib : _printfi.c.obj (.text:_fcpy)
                  000064e6    00000002     --HOLE-- [fill = 0]
                  000064e8    0000003c     sysbios.aem4f : BIOS.obj (.text:ti_sysbios_family_arm_m3_Hwi_Instance_finalize__E)
                  00006524    00000004     --HOLE-- [fill = 0]
                  00006528    0000003c                   : BIOS.obj (.text:ti_sysbios_family_arm_m3_Hwi_excSvCall__I)
                  00006564    00000004     --HOLE-- [fill = 0]
                  00006568    0000003c                   : BIOS.obj (.text:ti_sysbios_knl_Swi_restore__E)
                  000065a4    00000038     rtsv7M4_T_le_v4SPD16_eabi.lib : trgmsg.c.obj (.text:__TI_writemsg)
                  000065dc    00000038     drivers_msp432p401x.aem4f : PowerMSP432.oem4f (.text:notify)
                  00006614    00000004     --HOLE-- [fill = 0]
                  00006618    00000038     sysbios.aem4f : BIOS.obj (.text:ti_sysbios_family_arm_m3_Hwi_excNoIsr__I)
                  00006650    00000038     ti.targets.arm.rtsarm.aem4f : System.oem4f (.text:xdc_runtime_System_atexit__E)
                  00006688    00000036     rtsv7M4_T_le_v4SPD16_eabi.lib : strncpy.c.obj (.text:strncpy)
                  000066be    00000002     --HOLE-- [fill = 0]
                  000066c0    00000034                                   : fopen.c.obj (.text:__TI_cleanup)
                  000066f4    00000034                                   : trgmsg.c.obj (.text:__TI_readmsg)
                  00006728    00000034     sysbios.aem4f : BIOS.obj (.text:ti_sysbios_family_arm_m3_Hwi_excNmi__I)
                  0000675c    00000004     --HOLE-- [fill = 0]
                  00006760    00000034                   : BIOS.obj (.text:ti_sysbios_family_arm_msp432_init_Boot_configureClocksHigh)
                  00006794    00000004     --HOLE-- [fill = 0]
                  00006798    00000034                   : BIOS.obj (.text:ti_sysbios_hal_Hwi_checkStack)
                  000067cc    00000034     ti.targets.arm.rtsarm.aem4f : SysMin.oem4f (.text:xdc_runtime_SysMin_abort__E)
                  00006800    00000034                                 : SysMin.oem4f (.text:xdc_runtime_SysMin_putch__E)
                  00006834    00000004     --HOLE-- [fill = 0]
                  00006838    00000032     sysbios.aem4f : BIOS.obj (.text:ti_sysbios_hal_Hwi_initStack)
                  0000686a    00000002     --HOLE-- [fill = 0]
                  0000686c    00000030     rtsv7M4_T_le_v4SPD16_eabi.lib : getdevice.c.obj (.text:finddevice)
                  0000689c    00000030     hello_pem4f.oem4f (.text:ti_sysbios_BIOS_atExitFunc__I)
                  000068cc    00000030     hello_pem4f.oem4f (.text:ti_sysbios_BIOS_startFunc__I)
                  000068fc    00000004     --HOLE-- [fill = 0]
                  00006900    00000030     sysbios.aem4f : BIOS.obj (.text:ti_sysbios_family_arm_m3_TaskSupport_start__E)
                  00006930    00000030                   : BIOS.obj (.text:ti_sysbios_family_arm_msp432_Timer_setPeriod__E)
                  00006960    00000030     hello_pem4f.oem4f (.text:ti_sysbios_gates_GateHwi_Object__create__S)
                  00006990    00000030     hello_pem4f.oem4f (.text:ti_sysbios_gates_GateMutex_Object__create__S)
                  000069c0    00000030     sysbios.aem4f : BIOS.obj (.text:ti_sysbios_gates_GateMutex_enter__E)
                  000069f0    00000030     hello_pem4f.oem4f (.text:ti_sysbios_heaps_HeapMem_Object__create__S)
                  00006a20    00000030     hello_pem4f.oem4f (.text:ti_sysbios_knl_Semaphore_construct)
                  00006a50    00000030     sysbios.aem4f : BIOS.obj (.text:ti_sysbios_knl_Semaphore_pendTimeout__I)
                  00006a80    00000030                   : BIOS.obj (.text:ti_sysbios_knl_Task_processVitalTaskFlag__I)
                  00006ab0    00000030                   : BIOS.obj (.text:ti_sysbios_knl_Task_restore__E)
                  00006ae0    00000030                   : BIOS.obj (.text:ti_sysbios_knl_Task_unblockI__E)
                  00006b10    00000030     hello_pem4f.oem4f (.text:xdc_runtime_Error_policyLog__I)
                  00006b40    00000030     ti.targets.arm.rtsarm.aem4f : System.oem4f (.text:xdc_runtime_System_processAtExit__E)
                  00006b70    0000002f                                 : Text.oem4f (.text:xdc_runtime_Text_printVisFxn__I)
                  00006b9f    00000001     --HOLE-- [fill = 0]
                  00006ba0    0000002e     rtsv7M4_T_le_v4SPD16_eabi.lib : i_tofd_t2.asm.obj (.text)
                  00006bce    0000002e     hello_pem4f.oem4f (.text:ti_sysbios_rts_MemAlloc_alloc)
                  00006bfc    0000002c     dpl_msp432p401x.aem4f : PowerMSP432_tirtos.oem4f (.text:PowerMSP432_updateFreqs)
                  00006c28    0000002c     msp432p4xx_driverlib.lib : rtc_c.o (.text:RTC_C_holdClock)
                  00006c54    0000002c     Lab8_Ex1.obj (.text:task1)
                  00006c80    0000002c     hello_pem4f.oem4f (.text:ti_sysbios_family_arm_m3_Hwi_Handle__label__S)
                  00006cac    0000002c     hello_pem4f.oem4f (.text:ti_sysbios_gates_GateHwi_Handle__label__S)
                  00006cd8    0000002c     hello_pem4f.oem4f (.text:ti_sysbios_gates_GateMutex_Handle__label__S)
                  00006d04    0000002c     hello_pem4f.oem4f (.text:ti_sysbios_heaps_HeapMem_Handle__label__S)
                  00006d30    0000002c     hello_pem4f.oem4f (.text:ti_sysbios_knl_Clock_doTick__I)
                  00006d5c    0000002c     hello_pem4f.oem4f (.text:ti_sysbios_knl_Queue_construct)
                  00006d88    0000002c     hello_pem4f.oem4f (.text:ti_sysbios_knl_Swi_Handle__label__S)
                  00006db4    0000002c     hello_pem4f.oem4f (.text:ti_sysbios_knl_Task_Handle__label__S)
                  00006de0    0000002c     rtsv7M4_T_le_v4SPD16_eabi.lib : unlink.c.obj (.text:unlink)
                  00006e0c    0000002c     ti.targets.arm.rtsarm.aem4f : System.oem4f (.text:xdc_runtime_System_putchar__I)
                  00006e38    00000028     msp432p4xx_driverlib.lib : pcm.o (.text:PCM_gotoLPM0)
                  00006e60    00000028     drivers_msp432p401x.aem4f : PowerMSP432.oem4f (.text:disableFaultCounter)
                  00006e88    00000028                               : PowerMSP432.oem4f (.text:disableHFXT)
                  00006eb0    00000028     rtsv7M4_T_le_v4SPD16_eabi.lib : lseek.c.obj (.text:lseek)
                  00006ed8    00000028     sysbios.aem4f : m3_Hwi_asm.obj (.text:ti_sysbios_family_arm_m3_Hwi_excHandlerAsm__I)
                  00006f00    00000028                   : BIOS.obj (.text:ti_sysbios_knl_Clock_addI__E)
                  00006f28    00000028                   : BIOS.obj (.text:ti_sysbios_knl_Swi_Module_startup__E)
                  00006f50    00000028     rtsv7M4_T_le_v4SPD16_eabi.lib : write.c.obj (.text:write)
                  00006f78    00000028     ti.targets.arm.rtsarm.aem4f : System.oem4f (.text:xdc_runtime_System_avprintf__E)
                  00006fa0    00000026     sysbios.aem4f : m3_Hwi_asm.obj (.text:ti_sysbios_family_arm_m3_Hwi_pendSV__I)
                  00006fc6    00000026     ti.targets.arm.rtsarm.aem4f : System.oem4f (.text:xdc_runtime_System_vprintf__E)
                  00006fec    00000024     msp432p4xx_driverlib.lib : wdt_a.o (.text:WDT_A_holdTimer)
                  00007010    00000024     rtsv7M4_T_le_v4SPD16_eabi.lib : rand.c.obj (.text:srand)
                  00007034    00000024     hello_pem4f.oem4f (.text:ti_sysbios_BIOS_errorRaiseHook__I)
                  00007058    00000024     hello_pem4f.oem4f (.text:ti_sysbios_BIOS_registerRTSLock__I)
                  0000707c    00000024     hello_pem4f.oem4f (.text:ti_sysbios_BIOS_removeRTSLock__I)
                  000070a0    00000024     sysbios.aem4f : BIOS.obj (.text:ti_sysbios_family_arm_msp432_ClockFreqs_setFrequency__E)
                  000070c4    00000004     --HOLE-- [fill = 0]
                  000070c8    00000024                   : BIOS.obj (.text:ti_sysbios_family_arm_msp432_Timer_postInit__I)
                  000070ec    00000024     hello_pem4f.oem4f (.text:ti_sysbios_gates_GateMutex_Object__delete__S)
                  00007110    00000024     sysbios.aem4f : BIOS.obj (.text:ti_sysbios_knl_Clock_Module_startup__E)
                  00007134    00000004     --HOLE-- [fill = 0]
                  00007138    00000024                   : BIOS.obj (.text:ti_sysbios_knl_Semaphore_Instance_init__E)
                  0000715c    00000004     --HOLE-- [fill = 0]
                  00007160    00000024                   : BIOS.obj (.text:ti_sysbios_knl_Task_restoreHwi__E)
                  00007184    00000022     hello_pem4f.oem4f (.text:xdc_runtime_SysMin_output__I)
                  000071a6    00000002     --HOLE-- [fill = 0]
                  000071a8    00000020     msp432p4xx_driverlib.lib : cs.o (.text:CS_setExternalClockSourceFrequency)
                  000071c8    00000020     rtsv7M4_T_le_v4SPD16_eabi.lib : memchr.c.obj (.text:memchr)
                  000071e8    00000020     hello_pem4f.oem4f (.text:ti_sysbios_BIOS_rtsLock__I)
                  00007208    00000020     hello_pem4f.oem4f (.text:ti_sysbios_gates_GateHwi_Object__delete__S)
                  00007228    00000020     hello_pem4f.oem4f (.text:ti_sysbios_heaps_HeapMem_Object__delete__S)
                  00007248    00000020     sysbios.aem4f : BIOS.obj (.text:ti_sysbios_knl_Idle_run__E)
                  00007268    00000020     hello_pem4f.oem4f (.text:ti_sysbios_knl_Semaphore_destruct)
                  00007288    00000020     ti.targets.arm.rtsarm.aem4f : SysMin.oem4f (.text:xdc_runtime_SysMin_Module_startup__E)
                  000072a8    0000001e     sysbios.aem4f : m3_Hwi_asm_switch.obj (.text:ti_sysbios_family_xxx_Hwi_switchAndRunFunc)
                  000072c6    0000001c     rtsv7M4_T_le_v4SPD16_eabi.lib : memccpy.c.obj (.text:memccpy)
                  000072e2    00000006     --HOLE-- [fill = 0]
                  000072e8    0000001c     sysbios.aem4f : BIOS.obj (.text:ti_sysbios_family_arm_m3_Hwi_excHandler__I)
                  00007304    00000004     --HOLE-- [fill = 0]
                  00007308    0000001c                   : BIOS.obj (.text:ti_sysbios_gates_GateMutex_Instance_init__E)
                  00007324    0000001c     hello_pem4f.oem4f (.text:ti_sysbios_knl_Queue_destruct)
                  00007340    0000001c     sysbios.aem4f : BIOS.obj (.text:ti_sysbios_knl_Queue_put__E)
                  0000735c    00000004     --HOLE-- [fill = 0]
                  00007360    0000001c                   : BIOS.obj (.text:ti_sysbios_knl_Task_enter__I)
                  0000737c    0000001c     ti.targets.arm.rtsarm.aem4f : Error.oem4f (.text:xdc_runtime_Error_check__E)
                  00007398    0000001c                                 : Error.oem4f (.text:xdc_runtime_Error_raiseX__E)
                  000073b4    0000001c                                 : Memory.oem4f (.text:xdc_runtime_Memory_valloc__E)
                  000073d0    0000001c                                 : Registry.oem4f (.text:xdc_runtime_Registry_findById__E)
                  000073ec    0000001c                                 : SysMin.oem4f (.text:xdc_runtime_SysMin_exit__E)
                  00007408    0000001c                                 : System.oem4f (.text:xdc_runtime_System_abort__E)
                  00007424    0000001c                                 : Text.oem4f (.text:xdc_runtime_Text_ropeText__E)
                  00007440    0000001a     rtsv7M4_T_le_v4SPD16_eabi.lib : s_copysign.c.obj (.text:copysign)
                  0000745a    0000001a     hello_pem4f.oem4f (.text:free)
                  00007474    0000001a     hello_pem4f.oem4f (.text:xdc_runtime_System_aprintf__E)
                  0000748e    0000001a     hello_pem4f.oem4f (.text:xdc_runtime_System_printf__E)
                  000074a8    00000018     hello_pem4f.oem4f (.text:.bootCodeSection:ti_sysbios_family_arm_msp432_init_Boot_init__I)
                  000074c0    00000018     msp432p4xx_driverlib.lib : sysctl_a.o (.text:SysCtl_A_disableNMISource)
                  000074d8    00000018                              : sysctl_a.o (.text:SysCtl_A_enableNMISource)
                  000074f0    00000018     rtsv7M4_T_le_v4SPD16_eabi.lib : args_main.c.obj (.text:_args_main)
                  00007508    00000018                                   : strcmp.c.obj (.text:strcmp)
                  00007520    00000018     hello_pem4f.oem4f (.text:ti_sysbios_BIOS_rtsUnlock__I)
                  00007538    00000018     hello_pem4f.oem4f (.text:ti_sysbios_family_arm_m3_Hwi_Module__startupDone__F)
                  00007550    00000018     sysbios.aem4f : m3_TaskSupport_asm.obj (.text:ti_sysbios_family_arm_m3_TaskSupport_swap__E)
                  00007568    00000018     hello_pem4f.oem4f (.text:ti_sysbios_family_arm_msp432_Timer_Module__startupDone__F)
                  00007580    00000018     sysbios.aem4f : BIOS.obj (.text:ti_sysbios_gates_GateMutex_leave__E)
                  00007598    00000018                   : BIOS.obj (.text:ti_sysbios_knl_Task_sleepTimeout__I)
                  000075b0    00000018     ti.targets.arm.rtsarm.aem4f : Error.oem4f (.text:xdc_runtime_Error_init__E)
                  000075c8    00000018                                 : System.oem4f (.text:xdc_runtime_System_exit__E)
                  000075e0    00000016     rtsv7M4_T_le_v4SPD16_eabi.lib : strchr.c.obj (.text:strchr)
                  000075f6    00000016     hello_pem4f.oem4f (.text:ti_sysbios_BIOS_exitFunc__I)
                  0000760c    00000016     Lab8_Ex1.obj (.text:ti_sysbios_knl_Semaphore_Params_init)
                  00007622    00000016     Lab8_Ex1.obj (.text:ti_sysbios_knl_Task_Params_init)
                  00007638    00000016     sysbios.aem4f : BIOS.obj (.text:ti_sysbios_knl_Task_unblock__E)
                  0000764e    00000002     --HOLE-- [fill = 0]
                  00007650    00000014     msp432p4xx_driverlib.lib : pcm.o (.text:PCM_getPowerState)
                  00007664    00000014     drivers_msp432p401x.aem4f : PowerMSP432.oem4f (.text:Power_idleFunc)
                  00007678    00000014     rtsv7M4_T_le_v4SPD16_eabi.lib : strcpy.c.obj (.text:strcpy)
                  0000768c    00000014                                   : strlen.c.obj (.text:strlen)
                  000076a0    00000014     hello_pem4f.oem4f (.text:ti_sysbios_family_arm_m3_Hwi_Object__get__S)
                  000076b4    00000004     --HOLE-- [fill = 0]
                  000076b8    00000014     sysbios.aem4f : BIOS.obj (.text:ti_sysbios_family_arm_m3_Hwi_switchFromBootStack__E)
                  000076cc    00000014     hello_pem4f.oem4f (.text:ti_sysbios_heaps_HeapMem_Object__get__S)
                  000076e0    00000014     hello_pem4f.oem4f (.text:ti_sysbios_knl_Swi_Object__get__S)
                  000076f4    00000004     --HOLE-- [fill = 0]
                  000076f8    00000012     sysbios.aem4f : BIOS.obj (.text:ti_sysbios_hal_Hwi_Module_startup__E)
                  0000770a    00000012     rtsv7M4_T_le_v4SPD16_eabi.lib : wcslen.c.obj (.text:wcslen)
                  0000771c    00000012     hello_pem4f.oem4f (.text:xdc_runtime_Startup_exec__I)
                  0000772e    00000010     dpl_msp432p401x.aem4f : HwiP_tirtos.oem4f (.text:HwiP_Params_init)
                  0000773e    00000010     msp432p4xx_driverlib.lib : pcm.o (.text:PCM_gotoLPM4)
                  0000774e    00000010                              : pcm.o (.text:PCM_setPowerMode)
                  0000775e    00000010                              : pcm.o (.text:PCM_setPowerState)
                  0000776e    00000002     --HOLE-- [fill = 0]
                  00007770    00000010                              : sysctl_a.o (.text:SysCtl_A_getNMISourceStatus)
                  00007780    00000010                              : sysctl.o (.text:SysCtl_getNMISourceStatus)
                  00007790    00000010     sysbios.aem4f : BIOS.obj (.text:ti_sysbios_BIOS_exit__E)
                  000077a0    00000010                   : BIOS.obj (.text:ti_sysbios_BIOS_setCpuFreq__E)
                  000077b0    00000010                   : BIOS.obj (.text:ti_sysbios_BIOS_setThreadType__E)
                  000077c0    00000010                   : BIOS.obj (.text:ti_sysbios_BIOS_start__E)
                  000077d0    00000010                   : m3_TaskSupport_asm.obj (.text:ti_sysbios_family_arm_m3_TaskSupport_glue)
                  000077e0    00000010                   : BIOS.obj (.text:ti_sysbios_family_arm_msp432_init_Boot_disableWatchdog)
                  000077f0    00000010                   : BIOS.obj (.text:ti_sysbios_gates_GateMutex_Instance_finalize__E)
                  00007800    00000010                   : BIOS.obj (.text:ti_sysbios_knl_Semaphore_Instance_finalize__E)
                  00007810    00000010                   : BIOS.obj (.text:ti_sysbios_knl_Swi_disable__E)
                  00007820    00000010     hello_pem4f.oem4f (.text:ti_sysbios_knl_Task_Object__get__S)
                  00007830    00000010     sysbios.aem4f : BIOS.obj (.text:ti_sysbios_knl_Task_disable__E)
                  00007840    00000010     ti.targets.arm.rtsarm.aem4f : Gate.oem4f (.text:xdc_runtime_Gate_leaveSystem__E)
                  00007850    00000010                                 : Memory.oem4f (.text:xdc_runtime_Memory_free__E)
                  00007860    00000010                                 : SysMin.oem4f (.text:xdc_runtime_SysMin_ready__E)
                  00007870    00000010                                 : System.oem4f (.text:xdc_runtime_System_vsnprintf__E)
                  00007880    00000010     hello_pem4f.oem4f (.text:xdc_runtime_Text_visitRope__I)
                  00007890    0000000e     rtsv7M4_T_le_v4SPD16_eabi.lib : time.c.obj (.text:__time32)
                  0000789e    0000000e                                   : copy_decompress_none.c.obj (.text:decompress:none:__TI_decompress_none)
                  000078ac    00000004     --HOLE-- [fill = 0]
                  000078b0    0000000e     sysbios.aem4f : BIOS.obj (.text:ti_sysbios_knl_Idle_loop__E)
                  000078be    00000002     --HOLE-- [fill = 0]
                  000078c0    0000000e                   : BIOS.obj (.text:ti_sysbios_knl_Queue_empty__E)
                  000078ce    0000000c     ti_drivers_config.obj (.text:Board_init)
                  000078da    0000000c     msp432p4xx_driverlib.lib : cpu.o (.text:CPU_cpsid)
                  000078e6    0000000c                              : cpu.o (.text:CPU_cpsie)
                  000078f2    00000002     --HOLE-- [fill = 0]
                  000078f4    0000000c     drivers_msp432p401x.aem4f : PowerMSP432.oem4f (.text:Power_getConstraintMask)
                  00007900    0000000c     rtsv7M4_T_le_v4SPD16_eabi.lib : _lock.c.obj (.text:_register_lock)
                  0000790c    0000000c                                   : _lock.c.obj (.text:_register_unlock)
                  00007918    0000000c                                   : copy_zero_init.c.obj (.text:decompress:ZI:__TI_zero_init)
                  00007924    0000000c     hello_pem4f.oem4f (.text:ti_sysbios_family_arm_m3_Hwi_Params__init__S)
                  00007930    0000000c     sysbios.aem4f : BIOS.obj (.text:ti_sysbios_family_arm_m3_TaskSupport_checkStack__E)
                  0000793c    00000004     --HOLE-- [fill = 0]
                  00007940    0000000c                   : BIOS.obj (.text:ti_sysbios_family_arm_m3_TaskSupport_getStackAlignment__E)
                  0000794c    00000004     --HOLE-- [fill = 0]
                  00007950    0000000c                   : BIOS.obj (.text:ti_sysbios_family_arm_msp432_Timer_getMaxTicks__E)
                  0000795c    00000004     --HOLE-- [fill = 0]
                  00007960    0000000c                   : BIOS.obj (.text:ti_sysbios_gates_GateHwi_enter__E)
                  0000796c    0000000c     hello_pem4f.oem4f (.text:ti_sysbios_knl_Queue_Object__get__S)
                  00007978    0000000c     hello_pem4f.oem4f (.text:ti_sysbios_knl_Semaphore_Params__init__S)
                  00007984    0000000c     Lab8_Ex1.obj (.text:ti_sysbios_knl_Semaphore_handle)
                  00007990    0000000c     hello_pem4f.oem4f (.text:ti_sysbios_knl_Task_Params__init__S)
                  0000799c    0000000c     ti.targets.arm.rtsarm.aem4f : Gate.oem4f (.text:xdc_runtime_Gate_enterSystem__E)
                  000079a8    0000000c                                 : Memory.oem4f (.text:xdc_runtime_Memory_calloc__E)
                  000079b4    0000000c                                 : Memory.oem4f (.text:xdc_runtime_Memory_getMaxDefaultTypeAlign__E)
                  000079c0    0000000c                                 : Startup.oem4f (.text:xdc_runtime_Startup_rtsDone__E)
                  000079cc    0000000a     hello_pem4f.oem4f (.text:xdc_runtime_IHeap_alloc)
                  000079d6    0000000a     hello_pem4f.oem4f (.text:xdc_runtime_IHeap_free)
                  000079e0    00000008     rtsv7M4_T_le_v4SPD16_eabi.lib : errno.c.obj (.text:__aeabi_errno_addr)
                  000079e8    00000008     sysbios.aem4f : BIOS.obj (.text:ti_sysbios_family_arm_m3_Hwi_doSwiRestore__I)
                  000079f0    00000008                   : BIOS.obj (.text:ti_sysbios_family_arm_m3_Hwi_startup__E)
                  000079f8    00000006                   : BIOS.obj (.text:ti_sysbios_family_arm_m3_Hwi_doTaskRestore__I)
                  000079fe    00000002     --HOLE-- [fill = 0]
                  00007a00    00000006                   : BIOS.obj (.text:ti_sysbios_gates_GateHwi_leave__E)
                  00007a06    00000002     --HOLE-- [fill = 0]
                  00007a08    00000006                   : BIOS.obj (.text:ti_sysbios_heaps_HeapMem_isBlocking__E)
                  00007a0e    00000002     --HOLE-- [fill = 0]
                  00007a10    00000006                   : BIOS.obj (.text:ti_sysbios_knl_Queue_Instance_init__E)
                  00007a16    00000002     --HOLE-- [fill = 0]
                  00007a18    00000006                   : BIOS.obj (.text:ti_sysbios_knl_Swi_startup__E)
                  00007a1e    00000002     --HOLE-- [fill = 0]
                  00007a20    00000004                   : BIOS.obj (.text:ti_sysbios_gates_GateHwi_query__E)
                  00007a24    00000004     --HOLE-- [fill = 0]
                  00007a28    00000004                   : BIOS.obj (.text:ti_sysbios_gates_GateMutex_query__E)
                  00007a2c    00000004     --HOLE-- [fill = 0]
                  00007a30    00000004                   : BIOS.obj (.text:ti_sysbios_knl_Task_startup__E)
                  00007a34    00000004     --HOLE-- [fill = 0]
                  00007a38    00000002                   : BIOS.obj (.text:ti_sysbios_BIOS_linkedWithIncorrectBootLibrary__E)
                  00007a3a    00000006     --HOLE-- [fill = 0]
                  00007a40    00000002                   : BIOS.obj (.text:ti_sysbios_gates_GateHwi_Instance_init__E)
                  00007a42    00000006     --HOLE-- [fill = 0]
                  00007a48    00000002                   : BIOS.obj (.text:ti_sysbios_knl_Clock_logTick__E)

.const     0    00007a4c    00001e55     
                  00007a4c    00001887     hello_pem4f.oem4f (.const:xdc_runtime_Text_charTab__A)
                  000092d3    00000101     rtsv7M4_T_le_v4SPD16_eabi.lib : ctype.c.obj (.const:.string:_ctypes_)
                  000093d4    000000b4     hello_pem4f.oem4f (.const:xdc_runtime_Text_nodeTab__A)
                  00009488    0000003c     hello_pem4f.oem4f (.const:ti_sysbios_knl_Task_Object__PARAMS__C)
                  000094c4    00000038     ti_drivers_config.obj (.const:PowerMSP432_config)
                  000094fc    00000030     hello_pem4f.oem4f (.const:ti_sysbios_family_arm_m3_Hwi_Object__PARAMS__C)
                  0000952c    00000028     hello_pem4f.oem4f (.const:ti_sysbios_heaps_HeapMem_Module__FXNS__C)
                  00009554    00000024     hello_pem4f.oem4f (.const:ti_sysbios_gates_GateHwi_Module__FXNS__C)
                  00009578    00000024     hello_pem4f.oem4f (.const:ti_sysbios_gates_GateMutex_Module__FXNS__C)
                  0000959c    00000024     hello_pem4f.oem4f (.const:ti_sysbios_heaps_HeapMem_Object__PARAMS__C)
                  000095c0    00000024     hello_pem4f.oem4f (.const:ti_sysbios_knl_Semaphore_Object__PARAMS__C)
                  000095e4    00000020     hello_pem4f.oem4f (.const:ti_sysbios_family_arm_m3_Hwi_Object__DESC__C)
                  00009604    00000020     hello_pem4f.oem4f (.const:ti_sysbios_gates_GateHwi_Object__DESC__C)
                  00009624    00000020     hello_pem4f.oem4f (.const:ti_sysbios_gates_GateMutex_Object__DESC__C)
                  00009644    00000020     hello_pem4f.oem4f (.const:ti_sysbios_heaps_HeapMem_Object__DESC__C)
                  00009664    00000020     hello_pem4f.oem4f (.const:ti_sysbios_knl_Queue_Object__DESC__C)
                  00009684    00000020     hello_pem4f.oem4f (.const:ti_sysbios_knl_Semaphore_Object__DESC__C)
                  000096a4    00000020     hello_pem4f.oem4f (.const:ti_sysbios_knl_Task_Object__DESC__C)
                  000096c4    00000020     hello_pem4f.oem4f (.const:xdc_runtime_Startup_sfxnTab__A)
                  000096e4    00000018     hello_pem4f.oem4f (.const:ti_sysbios_gates_GateHwi_Object__PARAMS__C)
                  000096fc    00000018     hello_pem4f.oem4f (.const:ti_sysbios_gates_GateMutex_Object__PARAMS__C)
                  00009714    00000018     hello_pem4f.oem4f (.const:ti_sysbios_knl_Queue_Object__PARAMS__C)
                  0000972c    00000010     hello_pem4f.oem4f (.const:xdc_runtime_Startup_sfxnRts__A)
                  0000973c    0000000c     hello_pem4f.oem4f (.const:xdc_runtime_Startup_firstFxns__A)
                  00009748    00000008     hello_pem4f.oem4f (.const:ti_sysbios_family_arm_m3_Hwi_excHookFuncs__A)
                  00009750    00000008     hello_pem4f.oem4f (.const:ti_sysbios_knl_Idle_funcList__A)
                  00009758    00000008     hello_pem4f.oem4f (.const:ti_sysbios_knl_Idle_funcList__C)
                  00009760    00000008     hello_pem4f.oem4f (.const:xdc_runtime_Startup_firstFxns__C)
                  00009768    00000008     hello_pem4f.oem4f (.const:xdc_runtime_Startup_lastFxns__C)
                  00009770    00000004     hello_pem4f.oem4f (.const:ti_sysbios_family_arm_m3_Hwi_E_NMI__C)
                  00009774    00000004     hello_pem4f.oem4f (.const:ti_sysbios_family_arm_m3_Hwi_E_alreadyDefined__C)
                  00009778    00000004     hello_pem4f.oem4f (.const:ti_sysbios_family_arm_m3_Hwi_E_badIntNum__C)
                  0000977c    00000004     hello_pem4f.oem4f (.const:ti_sysbios_family_arm_m3_Hwi_E_busFault__C)
                  00009780    00000004     hello_pem4f.oem4f (.const:ti_sysbios_family_arm_m3_Hwi_E_debugMon__C)
                  00009784    00000004     hello_pem4f.oem4f (.const:ti_sysbios_family_arm_m3_Hwi_E_hardFault__C)
                  00009788    00000004     hello_pem4f.oem4f (.const:ti_sysbios_family_arm_m3_Hwi_E_memFault__C)
                  0000978c    00000004     hello_pem4f.oem4f (.const:ti_sysbios_family_arm_m3_Hwi_E_noIsr__C)
                  00009790    00000004     hello_pem4f.oem4f (.const:ti_sysbios_family_arm_m3_Hwi_E_reserved__C)
                  00009794    00000004     hello_pem4f.oem4f (.const:ti_sysbios_family_arm_m3_Hwi_E_svCall__C)
                  00009798    00000004     hello_pem4f.oem4f (.const:ti_sysbios_family_arm_m3_Hwi_E_usageFault__C)
                  0000979c    00000004     hello_pem4f.oem4f (.const:ti_sysbios_family_arm_m3_Hwi_NUM_INTERRUPTS__C)
                  000097a0    00000004     hello_pem4f.oem4f (.const:ti_sysbios_family_arm_m3_Hwi_Object__count__C)
                  000097a4    00000004     hello_pem4f.oem4f (.const:ti_sysbios_family_arm_m3_Hwi_ccr__C)
                  000097a8    00000004     hello_pem4f.oem4f (.const:ti_sysbios_family_arm_m3_Hwi_excHandlerFunc__C)
                  000097ac    00000004     hello_pem4f.oem4f (.const:ti_sysbios_family_arm_m3_Hwi_excHookFuncs__C)
                  000097b0    00000004     hello_pem4f.oem4f (.const:ti_sysbios_family_arm_m3_Hwi_nullIsrFunc__C)
                  000097b4    00000004     hello_pem4f.oem4f (.const:ti_sysbios_family_arm_m3_Hwi_priGroup__C)
                  000097b8    00000004     hello_pem4f.oem4f (.const:ti_sysbios_family_arm_m3_Hwi_swiDisable__C)
                  000097bc    00000004     hello_pem4f.oem4f (.const:ti_sysbios_family_arm_m3_Hwi_swiRestore__C)
                  000097c0    00000004     hello_pem4f.oem4f (.const:ti_sysbios_family_arm_m3_TaskSupport_stackAlignment__C)
                  000097c4    00000004     hello_pem4f.oem4f (.const:ti_sysbios_family_arm_msp432_Timer_numTimerDevices__C)
                  000097c8    00000004     hello_pem4f.oem4f (.const:ti_sysbios_family_arm_msp432_Timer_startupNeeded__C)
                  000097cc    00000004     hello_pem4f.oem4f (.const:ti_sysbios_gates_GateMutex_Instance_State_sem__O)
                  000097d0    00000004     hello_pem4f.oem4f (.const:ti_sysbios_hal_Hwi_E_stackOverflow__C)
                  000097d4    00000004     hello_pem4f.oem4f (.const:ti_sysbios_heaps_HeapMem_E_memory__C)
                  000097d8    00000004     hello_pem4f.oem4f (.const:ti_sysbios_heaps_HeapMem_Module__gateObj__C)
                  000097dc    00000004     hello_pem4f.oem4f (.const:ti_sysbios_heaps_HeapMem_Object__count__C)
                  000097e0    00000004     hello_pem4f.oem4f (.const:ti_sysbios_heaps_HeapMem_primaryHeapBaseAddr__C)
                  000097e4    00000004     hello_pem4f.oem4f (.const:ti_sysbios_heaps_HeapMem_primaryHeapEndAddr__C)
                  000097e8    00000004     hello_pem4f.oem4f (.const:ti_sysbios_heaps_HeapMem_reqAlign__C)
                  000097ec    00000004     hello_pem4f.oem4f (.const:ti_sysbios_knl_Clock_Module_State_clockQ__O)
                  000097f0    00000004     hello_pem4f.oem4f (.const:ti_sysbios_knl_Semaphore_Instance_State_pendQ__O)
                  000097f4    00000004     hello_pem4f.oem4f (.const:ti_sysbios_knl_Swi_Object__count__C)
                  000097f8    00000004     hello_pem4f.oem4f (.const:ti_sysbios_knl_Task_E_spOutOfBounds__C)
                  000097fc    00000004     hello_pem4f.oem4f (.const:ti_sysbios_knl_Task_E_stackOverflow__C)
                  00009800    00000004     hello_pem4f.oem4f (.const:ti_sysbios_knl_Task_Module_State_inactiveQ__O)
                  00009804    00000004     hello_pem4f.oem4f (.const:ti_sysbios_knl_Task_Object__count__C)
                  00009808    00000004     hello_pem4f.oem4f (.const:ti_sysbios_knl_Task_allBlockedFunc__C)
                  0000980c    00000004     hello_pem4f.oem4f (.const:ti_sysbios_knl_Task_defaultStackHeap__C)
                  00009810    00000004     hello_pem4f.oem4f (.const:ti_sysbios_knl_Task_defaultStackSize__C)
                  00009814    00000004     hello_pem4f.oem4f (.const:ti_sysbios_knl_Task_numConstructedTasks__C)
                  00009818    00000004     hello_pem4f.oem4f (.const:xdc_runtime_Assert_E_assertFailed__C)
                  0000981c    00000004     hello_pem4f.oem4f (.const:xdc_runtime_Core_A_initializedParams__C)
                  00009820    00000004     hello_pem4f.oem4f (.const:xdc_runtime_Core_Module__diagsEnabled__C)
                  00009824    00000004     hello_pem4f.oem4f (.const:xdc_runtime_Core_Module__diagsIncluded__C)
                  00009828    00000004     hello_pem4f.oem4f (.const:xdc_runtime_Core_Module__diagsMask__C)
                  0000982c    00000004     hello_pem4f.oem4f (.const:xdc_runtime_Error_E_memory__C)
                  00009830    00000004     hello_pem4f.oem4f (.const:xdc_runtime_Error_policyFxn__C)
                  00009834    00000004     hello_pem4f.oem4f (.const:xdc_runtime_Error_raiseHook__C)
                  00009838    00000004     hello_pem4f.oem4f (.const:xdc_runtime_IGateProvider_Interface__BASE__C)
                  0000983c    00000004     hello_pem4f.oem4f (.const:xdc_runtime_IHeap_Interface__BASE__C)
                  00009840    00000004     hello_pem4f.oem4f (.const:xdc_runtime_IModule_Interface__BASE__C)
                  00009844    00000004     hello_pem4f.oem4f (.const:xdc_runtime_Memory_defaultHeapInstance__C)
                  00009848    00000004     hello_pem4f.oem4f (.const:xdc_runtime_Startup_execImpl__C)
                  0000984c    00000004     hello_pem4f.oem4f (.const:xdc_runtime_Startup_maxPasses__C)
                  00009850    00000004     hello_pem4f.oem4f (.const:xdc_runtime_Startup_sfxnRts__C)
                  00009854    00000004     hello_pem4f.oem4f (.const:xdc_runtime_Startup_sfxnTab__C)
                  00009858    00000004     hello_pem4f.oem4f (.const:xdc_runtime_SysMin_bufSize__C)
                  0000985c    00000004     hello_pem4f.oem4f (.const:xdc_runtime_SysMin_outputFunc__C)
                  00009860    00000004     hello_pem4f.oem4f (.const:xdc_runtime_System_Module__gateObj__C)
                  00009864    00000004     hello_pem4f.oem4f (.const:xdc_runtime_System_abortFxn__C)
                  00009868    00000004     hello_pem4f.oem4f (.const:xdc_runtime_System_exitFxn__C)
                  0000986c    00000004     hello_pem4f.oem4f (.const:xdc_runtime_System_extendFxn__C)
                  00009870    00000004     hello_pem4f.oem4f (.const:xdc_runtime_System_maxAtexitHandlers__C)
                  00009874    00000004     hello_pem4f.oem4f (.const:xdc_runtime_Text_charTab__C)
                  00009878    00000004     hello_pem4f.oem4f (.const:xdc_runtime_Text_nodeTab__C)
                  0000987c    00000004     hello_pem4f.oem4f (.const:xdc_runtime_Text_visitRopeFxn__C)
                  00009880    00000002     hello_pem4f.oem4f (.const:ti_sysbios_family_arm_m3_Hwi_Module__id__C)
                  00009882    00000002     hello_pem4f.oem4f (.const:ti_sysbios_family_arm_msp432_init_Boot_bypassHFXT__C)
                  00009884    00000002     hello_pem4f.oem4f (.const:ti_sysbios_family_arm_msp432_init_Boot_bypassLFXT__C)
                  00009886    00000002     hello_pem4f.oem4f (.const:ti_sysbios_family_arm_msp432_init_Boot_enableHFXT__C)
                  00009888    00000002     hello_pem4f.oem4f (.const:ti_sysbios_family_arm_msp432_init_Boot_enableLFXT__C)
                  0000988a    00000002     hello_pem4f.oem4f (.const:ti_sysbios_hal_Hwi_Module__id__C)
                  0000988c    00000002     hello_pem4f.oem4f (.const:ti_sysbios_heaps_HeapMem_Module__id__C)
                  0000988e    00000002     hello_pem4f.oem4f (.const:ti_sysbios_knl_Task_Module__id__C)
                  00009890    00000002     hello_pem4f.oem4f (.const:xdc_runtime_Core_Module__id__C)
                  00009892    00000002     hello_pem4f.oem4f (.const:xdc_runtime_Error_Module__loggerDefined__C)
                  00009894    00000002     hello_pem4f.oem4f (.const:xdc_runtime_Error_maxDepth__C)
                  00009896    00000002     hello_pem4f.oem4f (.const:xdc_runtime_Memory_Module__id__C)
                  00009898    00000002     hello_pem4f.oem4f (.const:xdc_runtime_SysMin_flushAtExit__C)
                  0000989a    00000002     hello_pem4f.oem4f (.const:xdc_runtime_Text_isLoaded__C)
                  0000989c    00000002     hello_pem4f.oem4f (.const:xdc_runtime_Text_registryModsLastId__C)
                  0000989e    00000002     hello_pem4f.oem4f (.const:xdc_runtime_Text_unnamedModsLastId__C)
                  000098a0    00000001     hello_pem4f.oem4f (.const:xdc_runtime_Error_policy__C)

.cinit     0    000098a8    00000278     
                  000098a8    00000254     (.cinit..data.load) [load image, compression = lzss]
                  00009afc    0000000c     (__TI_handler_table)
                  00009b08    00000008     (.cinit..bss.load) [load image, compression = zero_init]
                  00009b10    00000010     (__TI_cinit_table)

.init_array 
*          0    00000000    00000000     UNINITIALIZED

.bss       0    20008140    000017cc     UNINITIALIZED
                  20008140    00000800     (.common:task1Stack)
                  20008940    00000800     (.common:task2Stack)
                  20009140    00000200     hello_pem4f.oem4f (.bss:taskStackSection)
                  20009340    00000200     (.common:xdc_runtime_SysMin_Module_State_0_outbuf__A)
                  20009540    00000140     (.common:ti_sysbios_family_arm_m3_Hwi_dispatchTable)
                  20009680    00000120     rtsv7M4_T_le_v4SPD16_eabi.lib : trgmsg.c.obj (.bss:_CIOBUF_)
                  200097a0    000000a0     (.common:__TI_tmpnams)
                  20009840    00000050     (.common:task1Struct)
                  20009890    00000050     (.common:task2Struct)
                  200098e0    0000001c     (.common:semaStruct)
                  200098fc    00000008     msp432p4xx_driverlib.lib : cs.o (.bss)
                  20009904    00000008     (.common:parmbuf)

.data      0    2000990c    00000748     UNINITIALIZED
                  2000990c    00000140     drivers_msp432p401x.aem4f : PowerMSP432.oem4f (.data:PowerMSP432_perfLevels)
                  20009a4c    000000f0     rtsv7M4_T_le_v4SPD16_eabi.lib : defs.c.obj (.data:_ftable)
                  20009b3c    00000080     hello_pem4f.oem4f (.data:ti_sysbios_knl_Swi_Module_State_0_readyQ__A)
                  20009bbc    00000080     hello_pem4f.oem4f (.data:ti_sysbios_knl_Task_Module_State_0_readyQ__A)
                  20009c3c    00000078     rtsv7M4_T_le_v4SPD16_eabi.lib : host_device.c.obj (.data:_device)
                  20009cb4    00000050                                   : host_device.c.obj (.data:_stream)
                  20009d04    0000004c     hello_pem4f.oem4f (.data:ti_sysbios_knl_Task_Object__table__V)
                  20009d50    00000044     hello_pem4f.oem4f (.data:ti_sysbios_family_arm_msp432_Timer_Object__table__V)
                  20009d94    00000044     hello_pem4f.oem4f (.data:ti_sysbios_knl_Task_Module__state__V)
                  20009dd8    00000038     hello_pem4f.oem4f (.data:ti_sysbios_gates_GateMutex_Object__table__V)
                  20009e10    00000034     hello_pem4f.oem4f (.data:ti_sysbios_family_arm_m3_Hwi_Module__state__V)
                  20009e44    00000030     hello_pem4f.oem4f (.data:ti_sysbios_knl_Swi_Object__table__V)
                  20009e74    0000002c     drivers_msp432p401x.aem4f : PowerMSP432.oem4f (.data:PowerMSP432_module)
                  20009ea0    0000002c     hello_pem4f.oem4f (.data:ti_sysbios_knl_Clock_Module__state__V)
                  20009ecc    00000024     hello_pem4f.oem4f (.data:ti_sysbios_BIOS_Module__state__V)
                  20009ef0    00000020     hello_pem4f.oem4f (.data:ti_sysbios_family_arm_msp432_Timer_Module_State_0_device__A)
                  20009f10    00000020     hello_pem4f.oem4f (.data:xdc_runtime_Error_IgnoreBlock)
                  20009f30    0000001c     hello_pem4f.oem4f (.data:ti_sysbios_knl_Swi_Module__state__V)
                  20009f4c    00000018     hello_pem4f.oem4f (.data:ti_sysbios_family_arm_m3_Hwi_Object__table__V)
                  20009f64    00000018     hello_pem4f.oem4f (.data:ti_sysbios_heaps_HeapMem_Object__table__V)
                  20009f7c    00000010     rtsv7M4_T_le_v4SPD16_eabi.lib : defs.c.obj (.data)
                  20009f8c    00000010     hello_pem4f.oem4f (.data:ti_sysbios_family_arm_msp432_Timer_Module_State_0_handles__A)
                  20009f9c    0000000c     rtsv7M4_T_le_v4SPD16_eabi.lib : exit.c.obj (.data:$O1$$)
                  20009fa8    0000000c     hello_pem4f.oem4f (.data:ti_sysbios_family_arm_msp432_ClockFreqs_Module__state__V)
                  20009fb4    0000000c     hello_pem4f.oem4f (.data:ti_sysbios_family_arm_msp432_Timer_Module__state__V)
                  20009fc0    0000000c     hello_pem4f.oem4f (.data:xdc_runtime_SysMin_Module__state__V)
                  20009fcc    00000008     rtsv7M4_T_le_v4SPD16_eabi.lib : _lock.c.obj (.data:$O1$$)
                  20009fd4    00000008     hello_pem4f.oem4f (.data:ti_sysbios_family_arm_m3_Hwi_Module__root__V)
                  20009fdc    00000008     hello_pem4f.oem4f (.data:ti_sysbios_gates_GateHwi_Module__root__V)
                  20009fe4    00000008     hello_pem4f.oem4f (.data:ti_sysbios_gates_GateMutex_Module__root__V)
                  20009fec    00000008     hello_pem4f.oem4f (.data:ti_sysbios_heaps_HeapMem_Module__root__V)
                  20009ff4    00000008     hello_pem4f.oem4f (.data:ti_sysbios_knl_Queue_Module__root__V)
                  20009ffc    00000008     hello_pem4f.oem4f (.data:ti_sysbios_knl_Semaphore_Module__root__V)
                  2000a004    00000008     hello_pem4f.oem4f (.data:ti_sysbios_knl_Task_Module__root__V)
                  2000a00c    00000008     hello_pem4f.oem4f (.data:xdc_runtime_Registry_Module__state__V)
                  2000a014    00000008     hello_pem4f.oem4f (.data:xdc_runtime_Startup_Module__state__V)
                  2000a01c    00000008     hello_pem4f.oem4f (.data:xdc_runtime_System_Module_State_0_atexitHandlers__A)
                  2000a024    00000008     hello_pem4f.oem4f (.data:xdc_runtime_System_Module__state__V)
                  2000a02c    00000004     Lab8_Ex1.obj (.data)
                  2000a030    00000004     rtsv7M4_T_le_v4SPD16_eabi.lib : errno.c.obj (.data)
                  2000a034    00000004                                   : rand.c.obj (.data)
                  2000a038    00000004                                   : stkdepth_vars.c.obj (.data)
                  2000a03c    00000004     hello_pem4f.oem4f (.data:ti_sysbios_family_arm_m3_Hwi_Module_State_0_excContext__A)
                  2000a040    00000004     hello_pem4f.oem4f (.data:ti_sysbios_family_arm_m3_Hwi_Module_State_0_excStack__A)
                  2000a044    00000004     hello_pem4f.oem4f (.data:ti_sysbios_gates_GateHwi_Object__table__V)
                  2000a048    00000004     hello_pem4f.oem4f (.data:ti_sysbios_knl_Task_Module_State_0_idleTask__A)
                  2000a04c    00000004     hello_pem4f.oem4f (.data:xdc_runtime_Memory_Module__state__V)
                  2000a050    00000002     hello_pem4f.oem4f (.data:ti_sysbios_family_arm_m3_Hwi_Module_State_0_excActive__A)
                  2000a052    00000002     hello_pem4f.oem4f (.data:xdc_runtime_Error_Module__state__V)

.priheap   0    20000140    00008000     UNINITIALIZED
                  20000140    00008000     --HOLE--

.stack     0    2000fc00    00000400     UNINITIALIZED
                  2000fc00    00000400     --HOLE--

.bootVecs 
*          0    00000000    00000008     DSECT
                  00000000    00000008     boot.aem4f : boot.oem4f (.bootVecs)

.resetVecs 
*          0    00000000    0000003c     
                  00000000    0000003c     hello_pem4f.oem4f (.resetVecs)

.vecs      0    20000000    00000140     NOLOAD SECTION
                  20000000    00000140     hello_pem4f.oem4f (.vecs)

xdc.meta   0    00000000    000000da     COPY SECTION
                  00000000    000000da     hello_pem4f.oem4f (xdc.meta)

__llvm_prf_cnts 
*          0    20000000    00000000     UNINITIALIZED

.binit     0    00000000    00000000     

MODULE SUMMARY

       Module                       code    ro data   rw data
       ------                       ----    -------   -------
    .\
       Lab8_Ex1.obj                 328     0         8576   
    +--+----------------------------+-------+---------+---------+
       Total:                       328     0         8576   
                                                             
    .\syscfg\
       ti_drivers_config.obj        14      56        0      
    +--+----------------------------+-------+---------+---------+
       Total:                       14      56        0      
                                                             
    D:\ti\ccs1010\workspace_v10\Lab8_Ex1\Debug\configPkg\package\cfg\
       hello_pem4f.oem4f            1898    7512      5344   
    +--+----------------------------+-------+---------+---------+
       Total:                       1898    7512      5344   
                                                             
    C:/ti/simplelink_msp432p4_sdk_3_40_01_02/kernel/tirtos/packages/ti/dpl/lib/dpl_msp432p401x.aem4f
       PowerMSP432_tirtos.oem4f     122     0         0      
       HwiP_tirtos.oem4f            80      0         0      
    +--+----------------------------+-------+---------+---------+
       Total:                       202     0         0      
                                                             
    C:/ti/simplelink_msp432p4_sdk_3_40_01_02/source/ti/devices/msp432p4xx/driverlib/ccs/msp432p4xx_driverlib.lib
       pcm.o                        1770    0         0      
       cs.o                         704     0         16     
       sysctl_a.o                   64      0         0      
       rtc_c.o                      44      0         0      
       wdt_a.o                      36      0         0      
       cpu.o                        28      0         0      
       sysctl.o                     16      0         0      
    +--+----------------------------+-------+---------+---------+
       Total:                       2662    0         16     
                                                             
    C:/ti/simplelink_msp432p4_sdk_3_40_01_02/source/ti/drivers/lib/drivers_msp432p401x.aem4f
       PowerMSP432.oem4f            1864    0         728    
    +--+----------------------------+-------+---------+---------+
       Total:                       1864    0         728    
                                                             
    C:\ti\simplelink_msp432p4_sdk_3_40_01_02\kernel\tirtos\packages\ti\targets\arm\rtsarm\lib\auto_init.aem4f
       auto_init.oem4f              160     0         0      
    +--+----------------------------+-------+---------+---------+
       Total:                       160     0         0      
                                                             
    C:\ti\simplelink_msp432p4_sdk_3_40_01_02\kernel\tirtos\packages\ti\targets\arm\rtsarm\lib\boot.aem4f
       boot.oem4f                   88      0         0      
    +--+----------------------------+-------+---------+---------+
       Total:                       88      0         0      
                                                             
    C:\ti\simplelink_msp432p4_sdk_3_40_01_02\kernel\tirtos\packages\ti\targets\arm\rtsarm\lib\ti.targets.arm.rtsarm.aem4f
       System.oem4f                 1249    0         0      
       Text.oem4f                   596     0         0      
       Error.oem4f                  500     0         0      
       Startup.oem4f                344     0         0      
       Core-mem.oem4f               334     0         0      
       SysMin.oem4f                 248     0         0      
       Core-smem.oem4f              204     0         0      
       Memory.oem4f                 180     0         0      
       Assert.oem4f                 76      0         0      
       Core-params.oem4f            72      0         0      
       Gate.oem4f                   28      0         0      
       Registry.oem4f               28      0         0      
    +--+----------------------------+-------+---------+---------+
       Total:                       3859    0         0      
                                                             
    D:\ti\ccs1010\ccs\tools\compiler\ti-cgt-arm_20.2.1.LTS\lib\rtsv7M4_T_le_v4SPD16_eabi.lib
       _printfi.c.obj               4851    0         0      
       defs.c.obj                   0       0         832    
       trgmsg.c.obj                 108     0         576    
       fd_add_t2.asm.obj            438     0         0      
       host_device.c.obj            0       0         400    
       fd_div_t2.asm.obj            310     0         0      
       fputs.c.obj                  276     0         0      
       s_scalbn.c.obj               272     0         0      
       fd_cmp_t2.asm.obj            268     0         0      
       ctype.c.obj                  0       257       0      
       fd_mul_t2.asm.obj            252     0         0      
       setvbuf.c.obj                220     0         0      
       memcpy_t2.asm.obj            156     0         0      
       ull_div_t2.asm.obj           150     0         0      
       fputc.c.obj                  140     0         0      
       memset_t2.asm.obj            122     0         0      
       fclose.c.obj                 116     0         0      
       getdevice.c.obj              116     0         0      
       hostopen.c.obj               96      0         16     
       printf.c.obj                 112     0         0      
       hostrename.c.obj             108     0         0      
       copy_decompress_lzss.c.obj   104     0         0      
       hostlseek.c.obj              104     0         0      
       exit.c.obj                   76      0         24     
       fseek.c.obj                  100     0         0      
       s_frexp.c.obj                100     0         0      
       _io_perm.c.obj               98      0         0      
       close.c.obj                  92      0         0      
       hostread.c.obj               88      0         0      
       hostwrite.c.obj              88      0         0      
       _ltoa.c.obj                  84      0         0      
       atoi.c.obj                   76      0         0      
       cpy_tbl.c.obj                76      0         0      
       fflush.c.obj                 76      0         0      
       fd_toi_t2.asm.obj            72      0         0      
       hosttime.c.obj               72      0         0      
       hostclose.c.obj              68      0         0      
       hostunlink.c.obj             68      0         0      
       u_divt2.asm.obj              64      0         0      
       strncpy.c.obj                54      0         0      
       fopen.c.obj                  52      0         0      
       i_tofd_t2.asm.obj            46      0         0      
       rand.c.obj                   36      0         8      
       unlink.c.obj                 44      0         0      
       _lock.c.obj                  26      0         16     
       lseek.c.obj                  40      0         0      
       write.c.obj                  40      0         0      
       memchr.c.obj                 32      0         0      
       memccpy.c.obj                28      0         0      
       s_copysign.c.obj             26      0         0      
       args_main.c.obj              24      0         0      
       strcmp.c.obj                 24      0         0      
       strchr.c.obj                 22      0         0      
       strcpy.c.obj                 20      0         0      
       strlen.c.obj                 20      0         0      
       wcslen.c.obj                 18      0         0      
       errno.c.obj                  8       0         8      
       copy_decompress_none.c.obj   14      0         0      
       time.c.obj                   14      0         0      
       copy_zero_init.c.obj         12      0         0      
       stkdepth_vars.c.obj          0       0         8      
       div0.asm.obj                 2       0         0      
    +--+----------------------------+-------+---------+---------+
       Total:                       10219   257       1888   
                                                             
    D:\ti\ccs1010\workspace_v10\Lab8_Ex1\src\sysbios\sysbios.aem4f
       BIOS.obj                     9124    0         0      
       m3_Hwi_asm.obj               318     0         0      
       m3_TaskSupport_asm.obj       180     0         0      
       m3_Hwi_asm_switch.obj        118     0         0      
    +--+----------------------------+-------+---------+---------+
       Total:                       9740    0         0      
                                                             
       Stack:                       0       0         2048   
       Linker Generated:            0       632       0      
    +--+----------------------------+-------+---------+---------+
       Grand Total:                 31034   8457      18600  


LINKER GENERATED COPY TABLES

__TI_cinit_table @ 00009b10 records: 2, size/record: 8, table size: 16
	.data: load addr=000098a8, load size=00000254 bytes, run addr=2000990c, run size=00000748 bytes, compression=lzss
	.bss: load addr=00009b08, load size=00000008 bytes, run addr=20008140, run size=000017cc bytes, compression=zero_init


LINKER GENERATED HANDLER TABLE

__TI_handler_table @ 00009afc records: 3, size/record: 4, table size: 12
	index: 0, handler: __TI_decompress_lzss
	index: 1, handler: __TI_decompress_none
	index: 2, handler: __TI_zero_init


GLOBAL SYMBOLS: SORTED ALPHABETICALLY BY Name 

address   name                                                            
-------   ----                                                            
000078cf  Board_init                                                      
00000a8f  Board_initHook                                                  
00003cb5  C$$EXIT                                                         
000065d3  C$$IO$$                                                         
000078db  CPU_cpsid                                                       
000078e7  CPU_cpsie                                                       
0000217d  CPU_wfi                                                         
000071a9  CS_setExternalClockSourceFrequency                              
00003559  CS_startHFXTWithTimeout                                         
0000363d  CS_startLFXTWithTimeout                                         
00008000  HEAPSIZE                                                        
00006141  HOSTclose                                                       
00004fed  HOSTlseek                                                       
00005321  HOSTopen                                                        
00005799  HOSTread                                                        
00004f11  HOSTrename                                                      
00005f45  HOSTtime                                                        
00006185  HOSTunlink                                                      
000057f1  HOSTwrite                                                       
0000772f  HwiP_Params_init                                                
00006369  HwiP_create                                                     
00005501  PCM_getCoreVoltageLevel                                         
0000573d  PCM_getPowerMode                                                
00007651  PCM_getPowerState                                               
00006e39  PCM_gotoLPM0                                                    
00004759  PCM_gotoLPM3                                                    
0000773f  PCM_gotoLPM4                                                    
0000774f  PCM_setPowerMode                                                
0000775f  PCM_setPowerState                                               
000059a9  PCM_shutdownDevice                                              
000094c4  PowerMSP432_config                                              
00001783  PowerMSP432_initPolicy                                          
20009e74  PowerMSP432_module                                              
2000990c  PowerMSP432_perfLevels                                          
00005c41  PowerMSP432_sleepPolicy                                         
00006bfd  PowerMSP432_updateFreqs                                         
000078f5  Power_getConstraintMask                                         
00007665  Power_idleFunc                                                  
0000423d  Power_init                                                      
00001201  Power_sleep                                                     
00006c29  RTC_C_holdClock                                                 
UNDEFED   SHT$$INIT_ARRAY$$Base                                           
UNDEFED   SHT$$INIT_ARRAY$$Limit                                          
000074c1  SysCtl_A_disableNMISource                                       
000074d9  SysCtl_A_enableNMISource                                        
00007771  SysCtl_A_getNMISourceStatus                                     
00007781  SysCtl_getNMISourceStatus                                       
4000480c  WDTCTL_SYM                                                      
00006fed  WDT_A_holdTimer                                                 
00000000  __ASM__                                                         
20009680  __CIOBUF_                                                       
0000005b  __ISA__                                                         
0000006e  __PLAT__                                                        
20010000  __STACK_END                                                     
00000400  __STACK_SIZE                                                    
00000091  __TARG__                                                        
00009b10  __TI_CINIT_Base                                                 
00009b20  __TI_CINIT_Limit                                                
00009afc  __TI_Handler_Table_Base                                         
00009b08  __TI_Handler_Table_Limit                                        
0000419d  __TI_auto_init                                                  
000066c1  __TI_cleanup                                                    
20009f9c  __TI_cleanup_ptr                                                
00004bf1  __TI_closefile                                                  
00005055  __TI_decompress_lzss                                            
0000789f  __TI_decompress_none                                            
00005c8d  __TI_doflush                                                    
20009fa0  __TI_dtors_ptr                                                  
20009fa4  __TI_enable_exit_profile_output                                 
20009f7c  __TI_ft_end                                                     
[...]
000077b1  ti_sysbios_BIOS_setThreadType__E                                
000077c1  ti_sysbios_BIOS_start__E                                        
000077d1  ti_sysbios_family_arm_m3_TaskSupport_glue                       
000077e1  ti_sysbios_family_arm_msp432_init_Boot_disableWatchdog          
000077f1  ti_sysbios_gates_GateMutex_Instance_finalize__E                 
00007801  ti_sysbios_knl_Semaphore_Instance_finalize__E                   
00007811  ti_sysbios_knl_Swi_disable__E                                   
00007821  ti_sysbios_knl_Task_Object__get__S                              
00007831  ti_sysbios_knl_Task_disable__E                                  
00007841  xdc_runtime_Gate_leaveSystem__E                                 
00007851  xdc_runtime_Memory_free__E                                      
00007861  xdc_runtime_SysMin_ready__E                                     
00007861  xdc_runtime_System_SupportProxy_ready__E                        
00007871  xdc_runtime_System_vsnprintf__E                                 
00007881  xdc_runtime_Text_visitRope__I                                   
00007891  __time32                                                        
00007891  time                                                            
0000789f  __TI_decompress_none                                            
000078b1  ti_sysbios_knl_Idle_loop__E                                     
000078c1  ti_sysbios_knl_Queue_empty__E                                   
000078cf  Board_init                                                      
000078db  CPU_cpsid                                                       
000078e7  CPU_cpsie                                                       
000078f5  Power_getConstraintMask                                         
00007901  _register_lock                                                  
0000790d  _register_unlock                                                
00007919  __TI_zero_init                                                  
00007925  ti_sysbios_family_arm_m3_Hwi_Params__init__S                    
00007925  ti_sysbios_hal_Hwi_HwiProxy_Params__init__S                     
00007931  ti_sysbios_family_arm_m3_TaskSupport_checkStack__E              
00007931  ti_sysbios_knl_Task_SupportProxy_checkStack__E                  
00007941  ti_sysbios_family_arm_m3_TaskSupport_getStackAlignment__E       
00007941  ti_sysbios_knl_Task_SupportProxy_getStackAlignment__E           
00007951  ti_sysbios_family_arm_msp432_Timer_getMaxTicks__E               
00007961  ti_sysbios_gates_GateHwi_enter__E                               
0000796d  ti_sysbios_knl_Queue_Object__get__S                             
00007979  ti_sysbios_knl_Semaphore_Params__init__S                        
00007991  ti_sysbios_knl_Task_Params__init__S                             
0000799d  xdc_runtime_Gate_enterSystem__E                                 
000079a9  xdc_runtime_Memory_calloc__E                                    
000079b5  xdc_runtime_Memory_getMaxDefaultTypeAlign__E                    
000079c1  xdc_runtime_Startup_rtsDone__E                                  
000079cd  xdc_runtime_Memory_HeapProxy_alloc__E                           
000079d7  xdc_runtime_Memory_HeapProxy_free__E                            
000079e1  __aeabi_errno_addr                                              
000079e9  ti_sysbios_family_arm_m3_Hwi_doSwiRestore__I                    
000079f1  ti_sysbios_family_arm_m3_Hwi_startup__E                         
000079f1  ti_sysbios_hal_Hwi_HwiProxy_startup__E                          
000079f1  ti_sysbios_hal_Hwi_startup__E                                   
000079f9  ti_sysbios_family_arm_m3_Hwi_doTaskRestore__I                   
00007a01  ti_sysbios_gates_GateHwi_leave__E                               
00007a09  ti_sysbios_heaps_HeapMem_isBlocking__E                          
00007a11  ti_sysbios_knl_Queue_Instance_init__E                           
00007a19  ti_sysbios_knl_Swi_startup__E                                   
00007a21  ti_sysbios_gates_GateHwi_query__E                               
00007a21  xdc_runtime_Main_Module_GateProxy_query__E                      
00007a21  xdc_runtime_System_Module_GateProxy_query__E                    
00007a29  ti_sysbios_BIOS_RtsGateProxy_query__E                           
00007a29  ti_sysbios_gates_GateMutex_query__E                             
00007a29  ti_sysbios_heaps_HeapMem_Module_GateProxy_query__E              
00007a31  ti_sysbios_knl_Task_startup__E                                  
00007a39  ti_sysbios_BIOS_linkedWithIncorrectBootLibrary__E               
00007a41  ti_sysbios_gates_GateHwi_Instance_init__E                       
00007a49  ti_sysbios_knl_Clock_logTick__E                                 
00007a4c  xdc_runtime_Text_charTab__A                                     
00008000  HEAPSIZE                                                        
000092d3  _ctypes_                                                        
000093d4  xdc_runtime_Text_nodeTab__A                                     
00009488  ti_sysbios_knl_Task_Object__PARAMS__C                           
000094c4  PowerMSP432_config                                              
000094fc  ti_sysbios_family_arm_m3_Hwi_Object__PARAMS__C                  
0000952c  ti_sysbios_heaps_HeapMem_Module__FXNS__C                        
00009554  ti_sysbios_gates_GateHwi_Module__FXNS__C                        
00009578  ti_sysbios_gates_GateMutex_Module__FXNS__C                      
0000959c  ti_sysbios_heaps_HeapMem_Object__PARAMS__C                      
000095c0  ti_sysbios_knl_Semaphore_Object__PARAMS__C                      
000095e4  ti_sysbios_family_arm_m3_Hwi_Object__DESC__C                    
00009604  ti_sysbios_gates_GateHwi_Object__DESC__C                        
00009624  ti_sysbios_gates_GateMutex_Object__DESC__C                      
00009644  ti_sysbios_heaps_HeapMem_Object__DESC__C                        
00009664  ti_sysbios_knl_Queue_Object__DESC__C                            
00009684  ti_sysbios_knl_Semaphore_Object__DESC__C                        
000096a4  ti_sysbios_knl_Task_Object__DESC__C                             
000096c4  xdc_runtime_Startup_sfxnTab__A                                  
000096e4  ti_sysbios_gates_GateHwi_Object__PARAMS__C                      
000096fc  ti_sysbios_gates_GateMutex_Object__PARAMS__C                    
00009714  ti_sysbios_knl_Queue_Object__PARAMS__C                          
0000972c  xdc_runtime_Startup_sfxnRts__A                                  
0000973c  xdc_runtime_Startup_firstFxns__A                                
00009748  ti_sysbios_family_arm_m3_Hwi_excHookFuncs__A                    
00009750  ti_sysbios_knl_Idle_funcList__A                                 
00009758  ti_sysbios_knl_Idle_funcList__C                                 
00009760  xdc_runtime_Startup_firstFxns__C                                
00009768  xdc_runtime_Startup_lastFxns__C                                 
00009770  ti_sysbios_family_arm_m3_Hwi_E_NMI__C                           
00009774  ti_sysbios_family_arm_m3_Hwi_E_alreadyDefined__C                
00009778  ti_sysbios_family_arm_m3_Hwi_E_badIntNum__C                     
0000977c  ti_sysbios_family_arm_m3_Hwi_E_busFault__C                      
00009780  ti_sysbios_family_arm_m3_Hwi_E_debugMon__C                      
00009784  ti_sysbios_family_arm_m3_Hwi_E_hardFault__C                     
00009788  ti_sysbios_family_arm_m3_Hwi_E_memFault__C                      
0000978c  ti_sysbios_family_arm_m3_Hwi_E_noIsr__C                         
00009790  ti_sysbios_family_arm_m3_Hwi_E_reserved__C                      
00009794  ti_sysbios_family_arm_m3_Hwi_E_svCall__C                        
00009798  ti_sysbios_family_arm_m3_Hwi_E_usageFault__C                    
0000979c  ti_sysbios_family_arm_m3_Hwi_NUM_INTERRUPTS__C                  
000097a0  ti_sysbios_family_arm_m3_Hwi_Object__count__C                   
000097a4  ti_sysbios_family_arm_m3_Hwi_ccr__C                             
000097a8  ti_sysbios_family_arm_m3_Hwi_excHandlerFunc__C                  
000097ac  ti_sysbios_family_arm_m3_Hwi_excHookFuncs__C                    
000097b0  ti_sysbios_family_arm_m3_Hwi_nullIsrFunc__C                     
000097b4  ti_sysbios_family_arm_m3_Hwi_priGroup__C                        
000097b8  ti_sysbios_family_arm_m3_Hwi_swiDisable__C                      
000097bc  ti_sysbios_family_arm_m3_Hwi_swiRestore__C                      
000097c0  ti_sysbios_family_arm_m3_TaskSupport_stackAlignment__C          
000097c4  ti_sysbios_family_arm_msp432_Timer_numTimerDevices__C           
000097c8  ti_sysbios_family_arm_msp432_Timer_startupNeeded__C             
000097cc  ti_sysbios_gates_GateMutex_Instance_State_sem__O                
000097d0  ti_sysbios_hal_Hwi_E_stackOverflow__C                           
000097d4  ti_sysbios_heaps_HeapMem_E_memory__C                            
000097d8  ti_sysbios_heaps_HeapMem_Module__gateObj__C                     
000097dc  ti_sysbios_heaps_HeapMem_Object__count__C                       
000097e0  ti_sysbios_heaps_HeapMem_primaryHeapBaseAddr__C                 
000097e4  ti_sysbios_heaps_HeapMem_primaryHeapEndAddr__C                  
000097e8  ti_sysbios_heaps_HeapMem_reqAlign__C                            
000097ec  ti_sysbios_knl_Clock_Module_State_clockQ__O                     
000097f0  ti_sysbios_knl_Semaphore_Instance_State_pendQ__O                
000097f4  ti_sysbios_knl_Swi_Object__count__C                             
000097f8  ti_sysbios_knl_Task_E_spOutOfBounds__C                          
000097fc  ti_sysbios_knl_Task_E_stackOverflow__C                          
00009800  ti_sysbios_knl_Task_Module_State_inactiveQ__O                   
00009804  ti_sysbios_knl_Task_Object__count__C                            
00009808  ti_sysbios_knl_Task_allBlockedFunc__C                           
0000980c  ti_sysbios_knl_Task_defaultStackHeap__C                         
00009810  ti_sysbios_knl_Task_defaultStackSize__C                         
00009814  ti_sysbios_knl_Task_numConstructedTasks__C                      
00009818  xdc_runtime_Assert_E_assertFailed__C                            
0000981c  xdc_runtime_Core_A_initializedParams__C                         
00009820  xdc_runtime_Core_Module__diagsEnabled__C                        
00009824  xdc_runtime_Core_Module__diagsIncluded__C                       
00009828  xdc_runtime_Core_Module__diagsMask__C                           
0000982c  xdc_runtime_Error_E_memory__C                                   
00009830  xdc_runtime_Error_policyFxn__C                                  
00009834  xdc_runtime_Error_raiseHook__C                                  
00009838  xdc_runtime_IGateProvider_Interface__BASE__C                    
0000983c  xdc_runtime_IHeap_Interface__BASE__C                            
00009840  xdc_runtime_IModule_Interface__BASE__C                          
00009844  xdc_runtime_Memory_defaultHeapInstance__C                       
00009848  xdc_runtime_Startup_execImpl__C                                 
0000984c  xdc_runtime_Startup_maxPasses__C                                
00009850  xdc_runtime_Startup_sfxnRts__C                                  
00009854  xdc_runtime_Startup_sfxnTab__C                                  
00009858  xdc_runtime_SysMin_bufSize__C                                   
0000985c  xdc_runtime_SysMin_outputFunc__C                                
00009860  xdc_runtime_System_Module__gateObj__C                           
00009864  xdc_runtime_System_abortFxn__C                                  
00009868  xdc_runtime_System_exitFxn__C                                   
0000986c  xdc_runtime_System_extendFxn__C                                 
00009870  xdc_runtime_System_maxAtexitHandlers__C                         
00009874  xdc_runtime_Text_charTab__C                                     
00009878  xdc_runtime_Text_nodeTab__C                                     
0000987c  xdc_runtime_Text_visitRopeFxn__C                                
00009880  ti_sysbios_family_arm_m3_Hwi_Module__id__C                      
00009882  ti_sysbios_family_arm_msp432_init_Boot_bypassHFXT__C            
00009884  ti_sysbios_family_arm_msp432_init_Boot_bypassLFXT__C            
00009886  ti_sysbios_family_arm_msp432_init_Boot_enableHFXT__C            
00009888  ti_sysbios_family_arm_msp432_init_Boot_enableLFXT__C            
0000988a  ti_sysbios_hal_Hwi_Module__id__C                                
0000988c  ti_sysbios_heaps_HeapMem_Module__id__C                          
0000988e  ti_sysbios_knl_Task_Module__id__C                               
00009890  xdc_runtime_Core_Module__id__C                                  
00009892  xdc_runtime_Error_Module__loggerDefined__C                      
00009894  xdc_runtime_Error_maxDepth__C                                   
00009896  xdc_runtime_Memory_Module__id__C                                
00009898  xdc_runtime_SysMin_flushAtExit__C                               
0000989a  xdc_runtime_Text_isLoaded__C                                    
0000989c  xdc_runtime_Text_registryModsLastId__C                          
0000989e  xdc_runtime_Text_unnamedModsLastId__C                           
000098a0  xdc_runtime_Error_policy__C                                     
000098a8  __TI_static_base__                                              
00009afc  __TI_Handler_Table_Base                                         
00009b08  __TI_Handler_Table_Limit                                        
00009b10  __TI_CINIT_Base                                                 
00009b20  __TI_CINIT_Limit                                                
20000000  __start___llvm_prf_cnts                                         
20000000  __stop___llvm_prf_cnts                                          
20000000  ti_sysbios_family_arm_m3_Hwi_ramVectors                         
20000140  __primary_heap_start__                                          
20008140  __primary_heap_end__                                            
20008140  task1Stack                                                      
20008940  task2Stack                                                      
20009140  ti_sysbios_knl_Task_Instance_State_0_stack__A                   
20009340  xdc_runtime_SysMin_Module_State_0_outbuf__A                     
20009540  ti_sysbios_family_arm_m3_Hwi_dispatchTable                      
20009680  __CIOBUF_                                                       
200097a0  __TI_tmpnams                                                    
20009840  task1Struct                                                     
20009890  task2Struct                                                     
200098e0  semaStruct                                                      
20009904  parmbuf                                                         
2000990c  PowerMSP432_perfLevels                                          
20009a4c  _ftable                                                         
20009b3c  ti_sysbios_knl_Swi_Module_State_0_readyQ__A                     
20009bbc  ti_sysbios_knl_Task_Module_State_0_readyQ__A                    
20009c3c  _device                                                         
20009cb4  _stream                                                         
20009d04  ti_sysbios_knl_Task_Object__table__V                            
20009d50  ti_sysbios_family_arm_msp432_Timer_Object__table__V             
20009d94  ti_sysbios_knl_Task_Module__state__V                            
20009dd8  ti_sysbios_gates_GateMutex_Object__table__V                     
20009e10  ti_sysbios_family_arm_m3_Hwi_Module__state__V                   
20009e44  ti_sysbios_knl_Swi_Object__table__V                             
20009e74  PowerMSP432_module                                              
20009ea0  ti_sysbios_knl_Clock_Module__state__V                           
20009ecc  ti_sysbios_BIOS_Module__state__V                                
20009ef0  ti_sysbios_family_arm_msp432_Timer_Module_State_0_device__A     
20009f10  xdc_runtime_Error_IgnoreBlock                                   
20009f30  ti_sysbios_knl_Swi_Module__state__V                             
20009f4c  ti_sysbios_family_arm_m3_Hwi_Object__table__V                   
20009f64  ti_sysbios_heaps_HeapMem_Object__table__V                       
20009f7c  __TI_ft_end                                                     
20009f80  __aeabi_stdin                                                   
20009f84  __aeabi_stdout                                                  
20009f88  __aeabi_stderr                                                  
20009f8c  ti_sysbios_family_arm_msp432_Timer_Module_State_0_handles__A    
20009f9c  __TI_cleanup_ptr                                                
20009fa0  __TI_dtors_ptr                                                  
20009fa4  __TI_enable_exit_profile_output                                 
20009fa8  ti_sysbios_family_arm_msp432_ClockFreqs_Module__state__V        
20009fb4  ti_sysbios_family_arm_msp432_Timer_Module__state__V             
20009fc0  xdc_runtime_SysMin_Module__state__V                             
20009fcc  _lock                                                           
20009fd0  _unlock                                                         
20009fd4  ti_sysbios_family_arm_m3_Hwi_Module__root__V                    
20009fdc  ti_sysbios_gates_GateHwi_Module__root__V                        
20009fe4  ti_sysbios_gates_GateMutex_Module__root__V                      
20009fec  ti_sysbios_heaps_HeapMem_Module__root__V                        
20009ff4  ti_sysbios_knl_Queue_Module__root__V                            
20009ffc  ti_sysbios_knl_Semaphore_Module__root__V                        
2000a004  ti_sysbios_knl_Task_Module__root__V                             
2000a00c  xdc_runtime_Registry_Module__state__V                           
2000a014  xdc_runtime_Startup_Module__state__V                            
2000a01c  xdc_runtime_System_Module_State_0_atexitHandlers__A             
2000a024  xdc_runtime_System_Module__state__V                             
2000a02c  semaphoreHandle                                                 
2000a030  errno                                                           
2000a038  main_func_sp                                                    
2000a03c  ti_sysbios_family_arm_m3_Hwi_Module_State_0_excContext__A       
2000a040  ti_sysbios_family_arm_m3_Hwi_Module_State_0_excStack__A         
2000a044  ti_sysbios_gates_GateHwi_Object__table__V                       
2000a048  ti_sysbios_knl_Task_Module_State_0_idleTask__A                  
2000a04c  xdc_runtime_Memory_Module__state__V                             
2000a050  ti_sysbios_family_arm_m3_Hwi_Module_State_0_excActive__A        
2000a052  xdc_runtime_Error_Module__state__V                              
2000fc00  __stack                                                         
20010000  __STACK_END                                                     
4000480c  WDTCTL_SYM                                                      
e000e000  ti_sysbios_family_arm_m3_Hwi_nvic                               
ffffffff  __TI_pprof_out_hndl                                             
ffffffff  __TI_prof_data_size                                             
ffffffff  __TI_prof_data_start                                            
ffffffff  __binit__                                                       
ffffffff  __c_args__                                                      
ffffffff  binit                                                           
UNDEFED   SHT$$INIT_ARRAY$$Base                                           
UNDEFED   SHT$$INIT_ARRAY$$Limit                                          

[602 symbols]
