******************************************************************************
                  TI ARM Linker PC v20.2.1                     
******************************************************************************
>> Linked Sat Nov 21 22:12:27 2020

OUTPUT FILE NAME:   <Lab7_Ex2.3.out>
ENTRY POINT SYMBOL: "_c_int00"  address: 00006ca9


MEMORY CONFIGURATION

         name            origin    length      used     unused   attr    fill
----------------------  --------  ---------  --------  --------  ----  --------
  MAIN                  00000000   00040000  0000b7b1  0003484f  R  X
  INFO                  00200000   00004000  00000000  00004000  R  X
  SRAM_CODE             01000000   00010000  0000a505  00005afb  RW X
  SRAM_DATA             20000000   00010000  0000a505  00005afb  RW  


SEGMENT ALLOCATION MAP

run origin  load origin   length   init length attrs members
----------  ----------- ---------- ----------- ----- -------
00000000    00000000    0000b7b8   0000b7b8    r-x
  00000000    00000000    0000003c   0000003c    r-- .resetVecs
  00000040    00000040    00009572   00009572    r-x .text
  000095b4    000095b4    00001f8b   00001f8b    r-- .const
  0000b540    0000b540    00000278   00000278    r-- .cinit
20000140    20000140    00008000   00000000    r--
  20000140    20000140    00008000   00000000    r-- .priheap
20008140    20008140    00001fc5   00000000    rw-
  20008140    20008140    0000187c   00000000    rw- .bss
  200099bc    200099bc    00000749   00000000    rw- .data
2000fc00    2000fc00    00000400   00000000    rw-
  2000fc00    2000fc00    00000400   00000000    rw- .stack


SECTION ALLOCATION MAP

 output                                  attributes/
section   page    origin      length       input sections
--------  ----  ----------  ----------   ----------------
.text      0    00000040    00009572     
                  00000040    00000a4e     rtsv7M4_T_le_v4SPD16_eabi.lib : _printfi.c.obj (.text:__TI_printfi)
                  00000a8e    00000002     ti_drivers_config.obj (.text:Board_initHook)
                  00000a90    00000430     sysbios.aem4f : BIOS.obj (.text:ti_sysbios_family_arm_m3_Hwi_excDumpRegs__I)
                  00000ec0    00000340     ti.targets.arm.rtsarm.aem4f : System.oem4f (.text:xdc_runtime_System_doPrint__I)
                  00001200    000002f8     drivers_msp432p401x.aem4f : PowerMSP432.oem4f (.text:Power_sleep)
                  000014f8    000002d0                               : UARTMSP432.oem4f (.text:UARTMSP432_open)
                  000017c8    0000028a     msp432p4xx_driverlib.lib : pcm.o (.text:__PCM_setPowerStateAdvanced)
                  00001a52    00000002     dpl_msp432p401x.aem4f : PowerMSP432_tirtos.oem4f (.text:PowerMSP432_initPolicy)
                  00001a54    00000288     drivers_msp432p401x.aem4f : PowerMSP432.oem4f (.text:initPerfControl)
                  00001cdc    00000270     rtsv7M4_T_le_v4SPD16_eabi.lib : _printfi.c.obj (.text:_pconv_a)
                  00001f4c    00000238     ex2_3.obj (.text:task2)
                  00002184    0000021c     ex2_3.obj (.text:task1)
                  000023a0    000001d0     rtsv7M4_T_le_v4SPD16_eabi.lib : _printfi.c.obj (.text:_pconv_g)
                  00002570    000001b6                                   : fd_add_t2.asm.obj (.text)
                  00002726    00000002     drivers_msp432p401x.aem4f : UARTMSP432.oem4f (.text:UARTMSP432_init)
                  00002728    00000174     sysbios.aem4f : BIOS.obj (.text:ti_sysbios_family_arm_m3_Hwi_excBusFault__I)
                  0000289c    00000004     msp432p4xx_driverlib.lib : cpu.o (.text:CPU_wfi)
                  000028a0    00000164     sysbios.aem4f : BIOS.obj (.text:ti_sysbios_family_arm_m3_Hwi_excUsageFault__I)
                  00002a04    0000015c     msp432p4xx_driverlib.lib : pcm.o (.text:__PCM_setPowerModeAdvanced)
                  00002b60    00000148     sysbios.aem4f : BIOS.obj (.text:ti_sysbios_family_arm_m3_Hwi_excMemFault__I)
                  00002ca8    0000013c     rtsv7M4_T_le_v4SPD16_eabi.lib : _printfi.c.obj (.text:_pconv_e)
                  00002de4    00000004     dpl_msp432p401x.aem4f : ClockP_tirtos.oem4f (.text:ClockP_setTimeout)
                  00002de8    00000138     sysbios.aem4f : BIOS.obj (.text:ti_sysbios_knl_Semaphore_pend__E)
                  00002f20    00000136     rtsv7M4_T_le_v4SPD16_eabi.lib : fd_div_t2.asm.obj (.text)
                  00003056    00000002                                   : _lock.c.obj (.text:_nop)
                  00003058    00000124                                   : _printfi.c.obj (.text:fcvt)
                  0000317c    0000011c     msp432p4xx_driverlib.lib : uart.o (.text:UART_initModule)
                  00003298    00000114     rtsv7M4_T_le_v4SPD16_eabi.lib : fputs.c.obj (.text:fputs)
                  000033ac    00000110                                   : s_scalbn.c.obj (.text:scalbn)
                  000034bc    00000108     msp432p4xx_driverlib.lib : pcm.o (.text:__PCM_setCoreVoltageLevelAdvanced)
                  000035c4    00000004     dpl_msp432p401x.aem4f : ClockP_tirtos.oem4f (.text:ClockP_start)
                  000035c8    00000108     sysbios.aem4f : BIOS.obj (.text:ti_sysbios_family_arm_m3_Hwi_excFillContext__I)
                  000036d0    00000108                   : BIOS.obj (.text:ti_sysbios_family_arm_m3_Hwi_excHandlerMax__I)
                  000037d8    00000106     hello_pem4f.oem4f (.text:xdc_runtime_System_printfExtend__I)
                  000038de    00000002     rtsv7M4_T_le_v4SPD16_eabi.lib : div0.asm.obj (.text)
                  000038e0    00000104     msp432p4xx_driverlib.lib : cs.o (.text:_CSComputeCLKFrequency)
                  000039e4    000000fc     rtsv7M4_T_le_v4SPD16_eabi.lib : fd_mul_t2.asm.obj (.text)
                  00003ae0    000000fc     ti.targets.arm.rtsarm.aem4f : Startup.oem4f (.text:xdc_runtime_Startup_startMods__I)
                  00003bdc    000000f8     msp432p4xx_driverlib.lib : cs.o (.text:CS_getDCOFrequency)
                  00003cd4    000000f0     sysbios.aem4f : m3_Hwi_asm.obj (.text:ti_sysbios_family_arm_m3_Hwi_dispatch__I)
                  00003dc4    000000e8     ti.targets.arm.rtsarm.aem4f : Core-mem.oem4f (.text:xdc_runtime_Core_createObject__I)
                  00003eac    000000e8                                 : Error.oem4f (.text:xdc_runtime_Error_policyDefault__E)
                  00003f94    000000e4     msp432p4xx_driverlib.lib : cs.o (.text:CS_startHFXTWithTimeout)
                  00004078    000000e0                              : cs.o (.text:CS_startLFXTWithTimeout)
                  00004158    000000dc     drivers_msp432p401x.aem4f : UARTMSP432.oem4f (.text:UARTMSP432_readPolling)
                  00004234    000000dc     msp432p4xx_driverlib.lib : cs.o (.text:_CSGetHFXTFrequency)
                  00004310    000000dc     rtsv7M4_T_le_v4SPD16_eabi.lib : setvbuf.c.obj (.text:setvbuf)
                  000043ec    000000cc     ti.targets.arm.rtsarm.aem4f : Core-smem.oem4f (.text:xdc_runtime_Core_constructObject__I)
                  000044b8    000000ca     drivers_msp432p401x.aem4f : UARTMSP432.oem4f (.text:UARTMSP432_hwiIntFxn)
                  00004582    00000006     ti.targets.arm.rtsarm.aem4f : System.oem4f (.text:xdc_runtime_System_Module_startup__E)
                  00004588    000000c8     sysbios.aem4f : BIOS.obj (.text:ti_sysbios_family_arm_msp432_init_Boot_setupCS)
                  00004650    000000c8                   : BIOS.obj (.text:ti_sysbios_knl_Task_sleep__E)
                  00004718    000000c4                   : BIOS.obj (.text:ti_sysbios_knl_Task_Instance_init__E)
                  000047dc    00000004     dpl_msp432p401x.aem4f : ClockP_tirtos.oem4f (.text:ClockP_stop)
                  000047e0    000000bc     sysbios.aem4f : BIOS.obj (.text:ti_sysbios_family_arm_m3_Hwi_excDebugMon__I)
                  0000489c    00000004     dpl_msp432p401x.aem4f : HwiP_tirtos.oem4f (.text:HwiP_disable)
                  000048a0    000000bc     sysbios.aem4f : BIOS.obj (.text:ti_sysbios_family_arm_m3_Hwi_excHardFault__I)
                  0000495c    00000004     dpl_msp432p401x.aem4f : SemaphoreP_tirtos.oem4f (.text:SemaphoreP_post)
                  00004960    000000bc     sysbios.aem4f : BIOS.obj (.text:ti_sysbios_knl_Task_Instance_finalize__E)
                  00004a1c    000000b8     drivers_msp432p401x.aem4f : UARTMSP432.oem4f (.text:initHw)
                  00004ad4    000000b8                               : UARTMSP432.oem4f (.text:readTaskCallback)
                  00004b8c    000000b4                               : UARTMSP432.oem4f (.text:UARTMSP432_control)
                  00004c40    000000b4                               : UARTMSP432.oem4f (.text:UARTMSP432_writePolling)
                  00004cf4    00000004     rtsv7M4_T_le_v4SPD16_eabi.lib : printf.c.obj (.text:_outc)
                  00004cf8    000000b4     sysbios.aem4f : BIOS.obj (.text:ti_sysbios_knl_Task_checkStacks__E)
                  00004dac    000000b1     rtsv7M4_T_le_v4SPD16_eabi.lib : _printfi.c.obj (.text:_ltostr)
                  00004e5d    00000001     --HOLE-- [fill = 0]
                  00004e5e    00000002     hello_pem4f.oem4f (.text:ti_sysbios_BIOS_nullFunc__I)
                  00004e60    000000ac     sysbios.aem4f : BIOS.obj (.text:ti_sysbios_family_arm_m3_Hwi_Instance_init__E)
                  00004f0c    000000a8     drivers_msp432p401x.aem4f : UARTMSP432.oem4f (.text:UARTMSP432_write)
                  00004fb4    000000a8     ex2_3.obj (.text:main)
                  0000505c    000000a8     drivers_msp432p401x.aem4f : UARTMSP432.oem4f (.text:readTaskBlocking)
                  00005104    00000004     rtsv7M4_T_le_v4SPD16_eabi.lib : printf.c.obj (.text:_outs)
                  00005108    000000a8     sysbios.aem4f : BIOS.obj (.text:ti_sysbios_family_arm_msp432_Timer_periodicStub__E)
                  000051b0    000000a2     ti.targets.arm.rtsarm.aem4f : Text.oem4f (.text:xdc_runtime_Text_putSite__E)
                  00005252    00000002     --HOLE-- [fill = 0]
                  00005254    000000a0     auto_init.aem4f : auto_init.oem4f (.text)
                  000052f4    000000a0     drivers_msp432p401x.aem4f : UARTMSP432.oem4f (.text:readIsrTextCallback)
                  00005394    0000009c                               : PowerMSP432.oem4f (.text:Power_init)
                  00005430    0000009c     rtsv7M4_T_le_v4SPD16_eabi.lib : memcpy_t2.asm.obj (.text)
                  000054cc    00000096                                   : ull_div_t2.asm.obj (.text)
                  00005562    00000002     --HOLE-- [fill = 0]
                  00005564    00000094     msp432p4xx_driverlib.lib : sysctl_a.o (.text:SysCtl_A_getTLVInfo)
                  000055f8    00000094     sysbios.aem4f : BIOS.obj (.text:ti_sysbios_family_arm_m3_Hwi_initNVIC__E)
                  0000568c    00000092     drivers_msp432p401x.aem4f : UARTMSP432.oem4f (.text:UARTMSP432_close)
                  0000571e    00000092                               : UARTMSP432.oem4f (.text:writeData)
                  000057b0    0000008c     rtsv7M4_T_le_v4SPD16_eabi.lib : fputc.c.obj (.text:fputc)
                  0000583c    0000008c     drivers_msp432p401x.aem4f : UARTMSP432.oem4f (.text:readIsrTextBlocking)
                  000058c8    0000008c     sysbios.aem4f : m3_TaskSupport_asm.obj (.text:ti_sysbios_family_arm_m3_TaskSupport_buildTaskStack)
                  00005954    00000004     rtsv7M4_T_le_v4SPD16_eabi.lib : exit.c.obj (.text:abort:abort)
                  00005958    0000008c     sysbios.aem4f : BIOS.obj (.text:ti_sysbios_knl_Task_postInit__I)
                  000059e4    00000086     rtsv7M4_T_le_v4SPD16_eabi.lib : fd_cmp_t2.asm.obj (.text:__aeabi_cdcmple)
                  00005a6a    00000086                                   : fd_cmp_t2.asm.obj (.text:__aeabi_cdrcmple)
                  00005af0    00000084     msp432p4xx_driverlib.lib : pcm.o (.text:PCM_gotoLPM3)
                  00005b74    00000084     drivers_msp432p401x.aem4f : PowerMSP432.oem4f (.text:restartHFXT)
                  00005bf8    00000084     sysbios.aem4f : BIOS.obj (.text:ti_sysbios_family_arm_m3_Hwi_postInit__I)
                  00005c7c    00000004     hello_pem4f.oem4f (.text:ti_sysbios_BIOS_RtsGateProxy_enter__E)
                  00005c80    00000084     sysbios.aem4f : BIOS.obj (.text:ti_sysbios_heaps_HeapMem_free__E)
                  00005d04    00000004     hello_pem4f.oem4f (.text:ti_sysbios_BIOS_RtsGateProxy_leave__E)
                  00005d08    00000080     sysbios.aem4f : BIOS.obj (.text:ti_sysbios_knl_Clock_workFunc__E)
                  00005d88    0000007c     msp432p4xx_driverlib.lib : cs.o (.text:_CSGetDOCFrequency)
                  00005e04    0000007a     rtsv7M4_T_le_v4SPD16_eabi.lib : memset_t2.asm.obj (.text)
                  00005e7e    00000002     --HOLE-- [fill = 0]
                  00005e80    0000007a     sysbios.aem4f : BIOS.obj (.text:ti_sysbios_heaps_HeapMem_allocUnprotected__E)
                  00005efa    00000004     hello_pem4f.oem4f (.text:ti_sysbios_family_arm_m3_Hwi_delete)
                  00005efe    00000002     --HOLE-- [fill = 0]
                  00005f00    00000078     sysbios.aem4f : BIOS.obj (.text:ti_sysbios_heaps_HeapMem_initPrimary__I)
                  00005f78    00000074     rtsv7M4_T_le_v4SPD16_eabi.lib : fclose.c.obj (.text:__TI_closefile)
                  00005fec    00000074     ti.targets.arm.rtsarm.aem4f : Error.oem4f (.text:xdc_runtime_Error_print__E)
                  00006060    00000074                                 : Text.oem4f (.text:xdc_runtime_Text_putMod__E)
                  000060d4    00000070     drivers_msp432p401x.aem4f : UARTMSP432.oem4f (.text:UARTMSP432_writeCancel)
                  00006144    00000004     hello_pem4f.oem4f (.text:ti_sysbios_family_arm_m3_TaskSupport_Module__startupDone__S)
                  00006148    00000070     sysbios.aem4f : BIOS.obj (.text:ti_sysbios_knl_Task_exit__E)
                  000061b8    00000070     ti.targets.arm.rtsarm.aem4f : Memory.oem4f (.text:xdc_runtime_Memory_alloc__E)
                  00006228    0000006e     rtsv7M4_T_le_v4SPD16_eabi.lib : _printfi.c.obj (.text:_mcpy)
                  00006296    00000002     --HOLE-- [fill = 0]
                  00006298    0000006d     ti.targets.arm.rtsarm.aem4f : System.oem4f (.text:xdc_runtime_System_formatNum__I)
                  00006305    00000003     --HOLE-- [fill = 0]
                  00006308    0000006c     rtsv7M4_T_le_v4SPD16_eabi.lib : hostrename.c.obj (.text:HOSTrename)
                  00006374    00000004     hello_pem4f.oem4f (.text:ti_sysbios_heaps_HeapMem_Module_GateProxy_enter__E)
                  00006378    0000006c     sysbios.aem4f : BIOS.obj (.text:ti_sysbios_knl_Swi_restoreHwi__E)
                  000063e4    00000068     rtsv7M4_T_le_v4SPD16_eabi.lib : hostlseek.c.obj (.text:HOSTlseek)
                  0000644c    00000068     drivers_msp432p401x.aem4f : PowerMSP432.oem4f (.text:PowerMSP432_getFreqs)
                  000064b4    00000068     rtsv7M4_T_le_v4SPD16_eabi.lib : copy_decompress_lzss.c.obj (.text:decompress:lzss:__TI_decompress_lzss)
                  0000651c    00000068                                   : printf.c.obj (.text:printf)
                  00006584    00000066     ti.targets.arm.rtsarm.aem4f : Core-mem.oem4f (.text:xdc_runtime_Core_deleteObject__I)
                  000065ea    00000002     --HOLE-- [fill = 0]
                  000065ec    00000064     rtsv7M4_T_le_v4SPD16_eabi.lib : s_frexp.c.obj (.text:frexp)
                  00006650    00000064                                   : fseek.c.obj (.text:fseek)
                  000066b4    00000004     hello_pem4f.oem4f (.text:ti_sysbios_heaps_HeapMem_Module_GateProxy_leave__E)
                  000066b8    00000064     sysbios.aem4f : BIOS.obj (.text:ti_sysbios_family_arm_m3_Hwi_dispatchC__I)
                  0000671c    00000062     msp432p4xx_driverlib.lib : cs.o (.text:_CSGetDividerValue)
                  0000677e    00000062     rtsv7M4_T_le_v4SPD16_eabi.lib : _io_perm.c.obj (.text:__TI_wrt_ok)
                  000067e0    00000060                                   : hostopen.c.obj (.text:HOSTopen)
                  00006840    00000060     sysbios.aem4f : BIOS.obj (.text:ti_sysbios_knl_Semaphore_post__E)
                  000068a0    00000060                   : BIOS.obj (.text:ti_sysbios_knl_Task_schedule__I)
                  00006900    0000005f     ti.targets.arm.rtsarm.aem4f : Text.oem4f (.text:xdc_runtime_Text_putLab__E)
                  0000695f    00000001     --HOLE-- [fill = 0]
                  00006960    0000005e     msp432p4xx_driverlib.lib : pcm.o (.text:PCM_getCoreVoltageLevel)
                  000069be    00000002     --HOLE-- [fill = 0]
                  000069c0    0000005c     rtsv7M4_T_le_v4SPD16_eabi.lib : close.c.obj (.text:close)
                  00006a1c    00000004     hello_pem4f.oem4f (.text:ti_sysbios_knl_Clock_TimerProxy_getMaxTicks__E)
                  00006a20    0000005c     sysbios.aem4f : BIOS.obj (.text:ti_sysbios_knl_Swi_run__I)
                  00006a7c    00000004     hello_pem4f.oem4f (.text:ti_sysbios_knl_Clock_delete)
                  00006a80    0000005c     sysbios.aem4f : BIOS.obj (.text:ti_sysbios_knl_Swi_schedule__I)
                  00006adc    00000004     hello_pem4f.oem4f (.text:ti_sysbios_knl_Semaphore_delete)
                  00006ae0    0000005c     sysbios.aem4f : BIOS.obj (.text:ti_sysbios_knl_Task_Module_startup__E)
                  00006b3c    00000004     ti.targets.arm.rtsarm.aem4f : Error.oem4f (.text:xdc_runtime_Error_getSite__E)
                  00006b40    0000005c     sysbios.aem4f : BIOS.obj (.text:ti_sysbios_knl_Task_startCore__E)
                  00006b9c    0000005a     msp432p4xx_driverlib.lib : pcm.o (.text:PCM_getPowerMode)
                  00006bf6    00000002     --HOLE-- [fill = 0]
                  00006bf8    00000058     rtsv7M4_T_le_v4SPD16_eabi.lib : hostread.c.obj (.text:HOSTread)
                  00006c50    00000058                                   : hostwrite.c.obj (.text:HOSTwrite)
                  00006ca8    00000058     boot.aem4f : boot.oem4f (.text)
                  00006d00    00000058     drivers_msp432p401x.aem4f : UARTMSP432.oem4f (.text:readIsrBinaryBlocking)
                  00006d58    00000058     sysbios.aem4f : m3_Hwi_asm_switch.obj (.text:ti_sysbios_family_arm_m3_Hwi_initStacks__E)
                  00006db0    00000058                   : BIOS.obj (.text:ti_sysbios_heaps_HeapMem_alloc__E)
                  00006e08    00000056     rtsv7M4_T_le_v4SPD16_eabi.lib : _printfi.c.obj (.text:_pconv_f)
                  00006e5e    00000002     --HOLE-- [fill = 0]
                  00006e60    00000054     msp432p4xx_driverlib.lib : pcm.o (.text:PCM_shutdownDevice)
                  00006eb4    00000054     rtsv7M4_T_le_v4SPD16_eabi.lib : _ltoa.c.obj (.text:__TI_ltoa)
                  00006f08    00000054     hello_pem4f.oem4f (.text:ti_sysbios_family_arm_m3_Hwi_create)
                  00006f5c    00000004     hello_pem4f.oem4f (.text:xdc_runtime_System_Module_GateProxy_enter__E)
                  00006f60    00000054     sysbios.aem4f : BIOS.obj (.text:ti_sysbios_family_arm_msp432_Timer_initDevice__I)
                  00006fb4    00000052     rtsv7M4_T_le_v4SPD16_eabi.lib : _printfi.c.obj (.text:_ecpy)
                  00007006    00000002     --HOLE-- [fill = 0]
                  00007008    00000050     dpl_msp432p401x.aem4f : ClockP_tirtos.oem4f (.text:ClockP_create)
                  00007058    00000050     sysbios.aem4f : BIOS.obj (.text:ti_sysbios_family_arm_m3_Hwi_Module_startup__E)
                  000070a8    00000050     ti.targets.arm.rtsarm.aem4f : Startup.oem4f (.text:xdc_runtime_Startup_exec__E)
                  000070f8    00000050                                 : Text.oem4f (.text:xdc_runtime_Text_visitRope2__I)
                  00007148    0000004c     dpl_msp432p401x.aem4f : PowerMSP432_tirtos.oem4f (.text:PowerMSP432_sleepPolicy)
                  00007194    0000004c     rtsv7M4_T_le_v4SPD16_eabi.lib : fflush.c.obj (.text:__TI_doflush)
                  000071e0    0000004c                                   : atoi.c.obj (.text:atoi)
                  0000722c    0000004c                                   : cpy_tbl.c.obj (.text:copy_in)
                  00007278    0000004c     drivers_msp432p401x.aem4f : UARTMSP432.oem4f (.text:readIsrBinaryCallback)
                  000072c4    00000004     hello_pem4f.oem4f (.text:xdc_runtime_System_Module_GateProxy_leave__E)
                  000072c8    0000004c     sysbios.aem4f : BIOS.obj (.text:ti_sysbios_family_arm_msp432_Timer_start__E)
                  00007314    00000004     ti.targets.arm.rtsarm.aem4f : System.oem4f (.text:xdc_runtime_System_aprintf_va__F)
                  00007318    0000004c     sysbios.aem4f : BIOS.obj (.text:ti_sysbios_heaps_HeapMem_getStats__E)
                  00007364    00000004     ti.targets.arm.rtsarm.aem4f : System.oem4f (.text:xdc_runtime_System_printf_va__F)
                  00007368    0000004c     sysbios.aem4f : BIOS.obj (.text:ti_sysbios_knl_Swi_runLoop__I)
                  000073b4    00000004     --HOLE-- [fill = 0]
                  000073b8    0000004c                   : BIOS.obj (.text:ti_sysbios_knl_Task_allBlockedFunction__I)
                  00007404    0000004c     hello_pem4f.oem4f (.text:ti_sysbios_knl_Task_construct)
                  00007450    0000004c     ti.targets.arm.rtsarm.aem4f : Assert.oem4f (.text:xdc_runtime_Assert_raise__I)
                  0000749c    00000048     drivers_msp432p401x.aem4f : PowerMSP432.oem4f (.text:Power_releaseConstraint)
                  000074e4    00000048     rtsv7M4_T_le_v4SPD16_eabi.lib : exit.c.obj (.text:exit)
                  0000752c    00000048                                   : fd_toi_t2.asm.obj (.text)
                  00007574    00000004     --HOLE-- [fill = 0]
                  00007578    00000048     sysbios.aem4f : BIOS.obj (.text:ti_sysbios_family_arm_m3_Hwi_disableInterrupt__E)
                  000075c0    00000048                   : BIOS.obj (.text:ti_sysbios_family_arm_m3_Hwi_enableInterrupt__E)
                  00007608    00000048                   : BIOS.obj (.text:ti_sysbios_family_arm_m3_Hwi_excReserved__I)
                  00007650    00000048     ti.targets.arm.rtsarm.aem4f : Core-params.oem4f (.text:xdc_runtime_Core_assignParams__I)
                  00007698    00000046     drivers_msp432p401x.aem4f : RingBuf.oem4f (.text:RingBuf_put)
                  000076de    00000002     --HOLE-- [fill = 0]
                  000076e0    00000044     rtsv7M4_T_le_v4SPD16_eabi.lib : hostclose.c.obj (.text:HOSTclose)
                  00007724    00000044                                   : hostunlink.c.obj (.text:HOSTunlink)
                  00007768    00000044     drivers_msp432p401x.aem4f : UART.oem4f (.text:UART_init)
                  000077ac    00000044     rtsv7M4_T_le_v4SPD16_eabi.lib : getdevice.c.obj (.text:getdevice)
                  000077f0    00000044     sysbios.aem4f : BIOS.obj (.text:ti_sysbios_family_arm_m3_Hwi_getStackInfo__E)
                  00007834    00000004     --HOLE-- [fill = 0]
                  00007838    00000044                   : BIOS.obj (.text:ti_sysbios_knl_Swi_post__E)
                  0000787c    00000044     ti.targets.arm.rtsarm.aem4f : Error.oem4f (.text:xdc_runtime_Error_setX__E)
                  000078c0    00000044                                 : SysMin.oem4f (.text:xdc_runtime_SysMin_flush__E)
                  00007904    00000044                                 : Text.oem4f (.text:xdc_runtime_Text_xprintf__I)
                  00007948    00000040     dpl_msp432p401x.aem4f : HwiP_tirtos.oem4f (.text:HwiP_create)
                  00007988    00000040     drivers_msp432p401x.aem4f : RingBuf.oem4f (.text:RingBuf_get)
                  000079c8    00000040                               : UARTMSP432.oem4f (.text:UARTMSP432_read)
                  00007a08    00000040                               : UART.oem4f (.text:UART_open)
                  00007a48    00000040                               : UARTMSP432.oem4f (.text:perfChangeNotifyFxn)
                  00007a88    00000040     rtsv7M4_T_le_v4SPD16_eabi.lib : u_divt2.asm.obj (.text)
                  00007ac8    00000040                                   : sprintf.c.obj (.text:sprintf)
                  00007b08    00000040     sysbios.aem4f : BIOS.obj (.text:ti_sysbios_family_arm_msp432_Timer_Module_startup__E)
                  00007b48    00000040                   : BIOS.obj (.text:ti_sysbios_family_arm_msp432_Timer_startup__E)
                  00007b88    00000040                   : BIOS.obj (.text:ti_sysbios_heaps_HeapMem_Instance_init__E)
                  00007bc8    0000003e     rtsv7M4_T_le_v4SPD16_eabi.lib : _printfi.c.obj (.text:_fcpy)
                  00007c06    00000002     --HOLE-- [fill = 0]
                  00007c08    0000003c     dpl_msp432p401x.aem4f : SemaphoreP_tirtos.oem4f (.text:SemaphoreP_create)
                  00007c44    00000004     --HOLE-- [fill = 0]
                  00007c48    0000003c     sysbios.aem4f : BIOS.obj (.text:ti_sysbios_family_arm_m3_Hwi_Instance_finalize__E)
                  00007c84    00000004     --HOLE-- [fill = 0]
                  00007c88    0000003c                   : BIOS.obj (.text:ti_sysbios_family_arm_m3_Hwi_excSvCall__I)
                  00007cc4    00000004     --HOLE-- [fill = 0]
                  00007cc8    0000003c                   : BIOS.obj (.text:ti_sysbios_knl_Clock_Instance_init__E)
                  00007d04    0000003c     hello_pem4f.oem4f (.text:ti_sysbios_knl_Clock_create)
                  00007d40    0000003c     sysbios.aem4f : BIOS.obj (.text:ti_sysbios_knl_Swi_restore__E)
                  00007d7c    00000038     drivers_msp432p401x.aem4f : PowerMSP432.oem4f (.text:Power_setConstraint)
                  00007db4    00000038     rtsv7M4_T_le_v4SPD16_eabi.lib : trgmsg.c.obj (.text:__TI_writemsg)
                  00007dec    00000038     drivers_msp432p401x.aem4f : PowerMSP432.oem4f (.text:notify)
                  00007e24    00000038     rtsv7M4_T_le_v4SPD16_eabi.lib : fs_tod_t2.asm.obj (.text)
                  00007e5c    00000004     --HOLE-- [fill = 0]
                  00007e60    00000038     sysbios.aem4f : BIOS.obj (.text:ti_sysbios_family_arm_m3_Hwi_excNoIsr__I)
                  00007e98    00000038     ti.targets.arm.rtsarm.aem4f : System.oem4f (.text:xdc_runtime_System_atexit__E)
                  00007ed0    00000036     drivers_msp432p401x.aem4f : UARTMSP432.oem4f (.text:UARTMSP432_readCancel)
                  00007f06    00000036     rtsv7M4_T_le_v4SPD16_eabi.lib : strncpy.c.obj (.text:strncpy)
                  00007f3c    00000034                                   : fopen.c.obj (.text:__TI_cleanup)
                  00007f70    00000034                                   : trgmsg.c.obj (.text:__TI_readmsg)
                  00007fa4    00000004     --HOLE-- [fill = 0]
                  00007fa8    00000034     sysbios.aem4f : BIOS.obj (.text:ti_sysbios_family_arm_m3_Hwi_excNmi__I)
                  00007fdc    00000004     --HOLE-- [fill = 0]
                  00007fe0    00000034                   : BIOS.obj (.text:ti_sysbios_family_arm_msp432_init_Boot_configureClocksHigh)
                  00008014    00000004     --HOLE-- [fill = 0]
                  00008018    00000034                   : BIOS.obj (.text:ti_sysbios_hal_Hwi_checkStack)
                  0000804c    00000034     hello_pem4f.oem4f (.text:ti_sysbios_knl_Semaphore_create)
                  00008080    00000034     ti.targets.arm.rtsarm.aem4f : SysMin.oem4f (.text:xdc_runtime_SysMin_abort__E)
                  000080b4    00000034                                 : SysMin.oem4f (.text:xdc_runtime_SysMin_putch__E)
                  000080e8    00000032     sysbios.aem4f : BIOS.obj (.text:ti_sysbios_hal_Hwi_initStack)
                  0000811a    00000002     --HOLE-- [fill = 0]
                  0000811c    00000030     msp432p4xx_driverlib.lib : cs.o (.text:CS_clearInterruptFlag)
                  0000814c    00000030     rtsv7M4_T_le_v4SPD16_eabi.lib : getdevice.c.obj (.text:finddevice)
                  0000817c    00000030     drivers_msp432p401x.aem4f : UARTMSP432.oem4f (.text:mapPin)
                  000081ac    00000030     hello_pem4f.oem4f (.text:ti_sysbios_BIOS_atExitFunc__I)
                  000081dc    00000030     hello_pem4f.oem4f (.text:ti_sysbios_BIOS_startFunc__I)
                  0000820c    00000004     --HOLE-- [fill = 0]
                  00008210    00000030     sysbios.aem4f : BIOS.obj (.text:ti_sysbios_family_arm_m3_TaskSupport_start__E)
                  00008240    00000030                   : BIOS.obj (.text:ti_sysbios_family_arm_msp432_Timer_setPeriod__E)
                  00008270    00000030     hello_pem4f.oem4f (.text:ti_sysbios_gates_GateHwi_Object__create__S)
                  000082a0    00000030     hello_pem4f.oem4f (.text:ti_sysbios_gates_GateMutex_Object__create__S)
                  000082d0    00000030     sysbios.aem4f : BIOS.obj (.text:ti_sysbios_gates_GateMutex_enter__E)
                  00008300    00000030     hello_pem4f.oem4f (.text:ti_sysbios_heaps_HeapMem_Object__create__S)
                  00008330    00000030     hello_pem4f.oem4f (.text:ti_sysbios_knl_Semaphore_construct)
                  00008360    00000030     sysbios.aem4f : BIOS.obj (.text:ti_sysbios_knl_Semaphore_pendTimeout__I)
                  00008390    00000030                   : BIOS.obj (.text:ti_sysbios_knl_Task_processVitalTaskFlag__I)
                  000083c0    00000030                   : BIOS.obj (.text:ti_sysbios_knl_Task_restore__E)
                  000083f0    00000030                   : BIOS.obj (.text:ti_sysbios_knl_Task_unblockI__E)
                  00008420    00000030     hello_pem4f.oem4f (.text:xdc_runtime_Error_policyLog__I)
                  00008450    00000030     ti.targets.arm.rtsarm.aem4f : System.oem4f (.text:xdc_runtime_System_processAtExit__E)
                  00008480    0000002f                                 : Text.oem4f (.text:xdc_runtime_Text_printVisFxn__I)
                  000084af    00000001     --HOLE-- [fill = 0]
                  000084b0    0000002e     rtsv7M4_T_le_v4SPD16_eabi.lib : i_tofd_t2.asm.obj (.text)
                  000084de    0000002e     hello_pem4f.oem4f (.text:ti_sysbios_rts_MemAlloc_alloc)
                  0000850c    0000002c     dpl_msp432p401x.aem4f : PowerMSP432_tirtos.oem4f (.text:PowerMSP432_updateFreqs)
                  00008538    0000002c     msp432p4xx_driverlib.lib : rtc_c.o (.text:RTC_C_holdClock)
                  00008564    0000002c     hello_pem4f.oem4f (.text:ti_sysbios_family_arm_m3_Hwi_Handle__label__S)
                  00008590    0000002c     hello_pem4f.oem4f (.text:ti_sysbios_gates_GateHwi_Handle__label__S)
                  000085bc    0000002c     hello_pem4f.oem4f (.text:ti_sysbios_gates_GateMutex_Handle__label__S)
                  000085e8    0000002c     hello_pem4f.oem4f (.text:ti_sysbios_heaps_HeapMem_Handle__label__S)
                  00008614    0000002c     hello_pem4f.oem4f (.text:ti_sysbios_knl_Clock_doTick__I)
                  00008640    0000002c     hello_pem4f.oem4f (.text:ti_sysbios_knl_Queue_construct)
                  0000866c    0000002c     hello_pem4f.oem4f (.text:ti_sysbios_knl_Swi_Handle__label__S)
                  00008698    0000002c     hello_pem4f.oem4f (.text:ti_sysbios_knl_Task_Handle__label__S)
                  000086c4    0000002c     rtsv7M4_T_le_v4SPD16_eabi.lib : unlink.c.obj (.text:unlink)
                  000086f0    0000002c     ti.targets.arm.rtsarm.aem4f : System.oem4f (.text:xdc_runtime_System_putchar__I)
                  0000871c    00000028     msp432p4xx_driverlib.lib : cs.o (.text:CS_getMCLK)
                  00008744    00000028                              : pcm.o (.text:PCM_gotoLPM0)
                  0000876c    00000028     drivers_msp432p401x.aem4f : PowerMSP432.oem4f (.text:Power_registerNotify)
                  00008794    00000028                               : PowerMSP432.oem4f (.text:disableFaultCounter)
                  000087bc    00000028                               : PowerMSP432.oem4f (.text:disableHFXT)
                  000087e4    00000028                               : UARTMSP432.oem4f (.text:findBaudDividerIndex)
                  0000880c    00000028     rtsv7M4_T_le_v4SPD16_eabi.lib : lseek.c.obj (.text:lseek)
                  00008834    00000028     sysbios.aem4f : m3_Hwi_asm.obj (.text:ti_sysbios_family_arm_m3_Hwi_excHandlerAsm__I)
                  0000885c    00000004     --HOLE-- [fill = 0]
                  00008860    00000028                   : BIOS.obj (.text:ti_sysbios_knl_Clock_addI__E)
                  00008888    00000028                   : BIOS.obj (.text:ti_sysbios_knl_Swi_Module_startup__E)
                  000088b0    00000028     rtsv7M4_T_le_v4SPD16_eabi.lib : write.c.obj (.text:write)
                  000088d8    00000028     ti.targets.arm.rtsarm.aem4f : System.oem4f (.text:xdc_runtime_System_avprintf__E)
                  00008900    00000026     drivers_msp432p401x.aem4f : List.oem4f (.text:List_put)
                  00008926    00000026                               : List.oem4f (.text:List_remove)
                  0000894c    00000026     sysbios.aem4f : m3_Hwi_asm.obj (.text:ti_sysbios_family_arm_m3_Hwi_pendSV__I)
                  00008972    00000026     ti.targets.arm.rtsarm.aem4f : System.oem4f (.text:xdc_runtime_System_vprintf__E)
                  00008998    00000024     msp432p4xx_driverlib.lib : wdt_a.o (.text:WDT_A_holdTimer)
                  000089bc    00000024     hello_pem4f.oem4f (.text:ti_sysbios_BIOS_errorRaiseHook__I)
                  000089e0    00000024     hello_pem4f.oem4f (.text:ti_sysbios_BIOS_registerRTSLock__I)
                  00008a04    00000024     hello_pem4f.oem4f (.text:ti_sysbios_BIOS_removeRTSLock__I)
                  00008a28    00000024     sysbios.aem4f : BIOS.obj (.text:ti_sysbios_family_arm_msp432_ClockFreqs_setFrequency__E)
                  00008a4c    00000004     --HOLE-- [fill = 0]
                  00008a50    00000024                   : BIOS.obj (.text:ti_sysbios_family_arm_msp432_Timer_postInit__I)
                  00008a74    00000024     hello_pem4f.oem4f (.text:ti_sysbios_gates_GateMutex_Object__delete__S)
                  00008a98    00000024     sysbios.aem4f : BIOS.obj (.text:ti_sysbios_knl_Clock_Module_startup__E)
                  00008abc    00000024     hello_pem4f.oem4f (.text:ti_sysbios_knl_Clock_Object__delete__S)
                  00008ae0    00000024     sysbios.aem4f : BIOS.obj (.text:ti_sysbios_knl_Clock_start__E)
                  00008b04    00000004     --HOLE-- [fill = 0]
                  00008b08    00000024                   : BIOS.obj (.text:ti_sysbios_knl_Semaphore_Instance_init__E)
                  00008b2c    00000024     hello_pem4f.oem4f (.text:ti_sysbios_knl_Semaphore_Object__delete__S)
                  00008b50    00000024     sysbios.aem4f : BIOS.obj (.text:ti_sysbios_knl_Task_restoreHwi__E)
                  00008b74    00000022     hello_pem4f.oem4f (.text:xdc_runtime_SysMin_output__I)
                  00008b96    00000002     --HOLE-- [fill = 0]
                  00008b98    00000020     msp432p4xx_driverlib.lib : cs.o (.text:CS_setExternalClockSourceFrequency)
                  00008bb8    00000020     drivers_msp432p401x.aem4f : PowerMSP432.oem4f (.text:Power_unregisterNotify)
                  00008bd8    00000020                               : RingBuf.oem4f (.text:RingBuf_peek)
                  00008bf8    00000020     rtsv7M4_T_le_v4SPD16_eabi.lib : memchr.c.obj (.text:memchr)
                  00008c18    00000020     hello_pem4f.oem4f (.text:ti_sysbios_BIOS_rtsLock__I)
                  00008c38    00000020     hello_pem4f.oem4f (.text:ti_sysbios_family_arm_m3_Hwi_Object__delete__S)
                  00008c58    00000020     hello_pem4f.oem4f (.text:ti_sysbios_gates_GateHwi_Object__delete__S)
                  00008c78    00000020     hello_pem4f.oem4f (.text:ti_sysbios_heaps_HeapMem_Object__delete__S)
                  00008c98    00000020     sysbios.aem4f : BIOS.obj (.text:ti_sysbios_knl_Idle_run__E)
                  00008cb8    00000020     hello_pem4f.oem4f (.text:ti_sysbios_knl_Semaphore_destruct)
                  00008cd8    00000020     ti.targets.arm.rtsarm.aem4f : SysMin.oem4f (.text:xdc_runtime_SysMin_Module_startup__E)
                  00008cf8    0000001e     sysbios.aem4f : m3_Hwi_asm_switch.obj (.text:ti_sysbios_family_xxx_Hwi_switchAndRunFunc)
                  00008d16    0000001c     rtsv7M4_T_le_v4SPD16_eabi.lib : memccpy.c.obj (.text:memccpy)
                  00008d32    00000006     --HOLE-- [fill = 0]
                  00008d38    0000001c     sysbios.aem4f : BIOS.obj (.text:ti_sysbios_family_arm_m3_Hwi_excHandler__I)
                  00008d54    00000004     --HOLE-- [fill = 0]
                  00008d58    0000001c                   : BIOS.obj (.text:ti_sysbios_gates_GateMutex_Instance_init__E)
                  00008d74    00000004     --HOLE-- [fill = 0]
                  00008d78    0000001c                   : BIOS.obj (.text:ti_sysbios_knl_Clock_Instance_finalize__E)
                  00008d94    0000001c     hello_pem4f.oem4f (.text:ti_sysbios_knl_Queue_destruct)
                  00008db0    0000001c     sysbios.aem4f : BIOS.obj (.text:ti_sysbios_knl_Queue_put__E)
                  00008dcc    00000004     --HOLE-- [fill = 0]
                  00008dd0    0000001c                   : BIOS.obj (.text:ti_sysbios_knl_Task_enter__I)
                  00008dec    0000001c     ti.targets.arm.rtsarm.aem4f : Error.oem4f (.text:xdc_runtime_Error_check__E)
                  00008e08    0000001c                                 : Error.oem4f (.text:xdc_runtime_Error_raiseX__E)
                  00008e24    0000001c                                 : Memory.oem4f (.text:xdc_runtime_Memory_valloc__E)
                  00008e40    0000001c                                 : Registry.oem4f (.text:xdc_runtime_Registry_findById__E)
                  00008e5c    0000001c                                 : SysMin.oem4f (.text:xdc_runtime_SysMin_exit__E)
                  00008e78    0000001c                                 : System.oem4f (.text:xdc_runtime_System_abort__E)
                  00008e94    0000001c                                 : Text.oem4f (.text:xdc_runtime_Text_ropeText__E)
                  00008eb0    0000001a     rtsv7M4_T_le_v4SPD16_eabi.lib : s_copysign.c.obj (.text:copysign)
                  00008eca    0000001a     hello_pem4f.oem4f (.text:free)
                  00008ee4    0000001a     hello_pem4f.oem4f (.text:xdc_runtime_System_aprintf__E)
                  00008efe    0000001a     hello_pem4f.oem4f (.text:xdc_runtime_System_printf__E)
                  00008f18    00000018     hello_pem4f.oem4f (.text:.bootCodeSection:ti_sysbios_family_arm_msp432_init_Boot_init__I)
                  00008f30    00000018     msp432p4xx_driverlib.lib : sysctl_a.o (.text:SysCtl_A_disableNMISource)
                  00008f48    00000018                              : sysctl_a.o (.text:SysCtl_A_enableNMISource)
                  00008f60    00000018     drivers_msp432p401x.aem4f : UART.oem4f (.text:UART_Params_init)
                  00008f78    00000018     rtsv7M4_T_le_v4SPD16_eabi.lib : args_main.c.obj (.text:_args_main)
                  00008f90    00000018                                   : sprintf.c.obj (.text:_outs)
                  00008fa8    00000018                                   : strcmp.c.obj (.text:strcmp)
                  00008fc0    00000018     hello_pem4f.oem4f (.text:ti_sysbios_BIOS_rtsUnlock__I)
                  00008fd8    00000018     hello_pem4f.oem4f (.text:ti_sysbios_family_arm_m3_Hwi_Module__startupDone__F)
                  00008ff0    00000018     sysbios.aem4f : m3_TaskSupport_asm.obj (.text:ti_sysbios_family_arm_m3_TaskSupport_swap__E)
                  00009008    00000018     hello_pem4f.oem4f (.text:ti_sysbios_family_arm_msp432_Timer_Module__startupDone__F)
                  00009020    00000018     sysbios.aem4f : BIOS.obj (.text:ti_sysbios_gates_GateMutex_leave__E)
                  00009038    00000018                   : BIOS.obj (.text:ti_sysbios_knl_Task_sleepTimeout__I)
                  00009050    00000018     ti.targets.arm.rtsarm.aem4f : Error.oem4f (.text:xdc_runtime_Error_init__E)
                  00009068    00000018                                 : System.oem4f (.text:xdc_runtime_System_exit__E)
                  00009080    00000016     rtsv7M4_T_le_v4SPD16_eabi.lib : strchr.c.obj (.text:strchr)
                  00009096    00000016     hello_pem4f.oem4f (.text:ti_sysbios_BIOS_exitFunc__I)
                  000090ac    00000016     ex2_3.obj (.text:ti_sysbios_knl_Task_Params_init)
                  000090c2    00000006     --HOLE-- [fill = 0]
                  000090c8    00000016     sysbios.aem4f : BIOS.obj (.text:ti_sysbios_knl_Task_unblock__E)
                  000090de    00000002     --HOLE-- [fill = 0]
                  000090e0    00000014     msp432p4xx_driverlib.lib : pcm.o (.text:PCM_getPowerState)
                  000090f4    00000014     drivers_msp432p401x.aem4f : PowerMSP432.oem4f (.text:Power_idleFunc)
                  00009108    00000014                               : UARTMSP432.oem4f (.text:clearTXCPTIFG)
                  0000911c    00000014     rtsv7M4_T_le_v4SPD16_eabi.lib : strcpy.c.obj (.text:strcpy)
                  00009130    00000014                                   : strlen.c.obj (.text:strlen)
                  00009144    00000014     hello_pem4f.oem4f (.text:ti_sysbios_family_arm_m3_Hwi_Object__get__S)
                  00009158    00000014     sysbios.aem4f : BIOS.obj (.text:ti_sysbios_family_arm_m3_Hwi_switchFromBootStack__E)
                  0000916c    00000014     hello_pem4f.oem4f (.text:ti_sysbios_heaps_HeapMem_Object__get__S)
                  00009180    00000014     hello_pem4f.oem4f (.text:ti_sysbios_knl_Swi_Object__get__S)
                  00009194    00000012     drivers_msp432p401x.aem4f : RingBuf.oem4f (.text:RingBuf_construct)
                  000091a6    00000012     dpl_msp432p401x.aem4f : SemaphoreP_tirtos.oem4f (.text:SemaphoreP_pend)
                  000091b8    00000012     sysbios.aem4f : BIOS.obj (.text:ti_sysbios_hal_Hwi_Module_startup__E)
                  000091ca    00000012     rtsv7M4_T_le_v4SPD16_eabi.lib : wcslen.c.obj (.text:wcslen)
                  000091dc    00000012     hello_pem4f.oem4f (.text:xdc_runtime_Startup_exec__I)
                  000091ee    00000010     dpl_msp432p401x.aem4f : HwiP_tirtos.oem4f (.text:HwiP_Params_init)
                  000091fe    00000010     msp432p4xx_driverlib.lib : pcm.o (.text:PCM_gotoLPM4)
                  0000920e    00000010                              : pcm.o (.text:PCM_setPowerMode)
                  0000921e    00000010                              : pcm.o (.text:PCM_setPowerState)
                  0000922e    00000002     --HOLE-- [fill = 0]
                  00009230    00000010     drivers_msp432p401x.aem4f : PowerMSP432.oem4f (.text:PowerMSP432_getNumPerfLevels)
                  00009240    00000010     msp432p4xx_driverlib.lib : sysctl_a.o (.text:SysCtl_A_getNMISourceStatus)
                  00009250    00000010                              : sysctl.o (.text:SysCtl_getNMISourceStatus)
                  00009260    00000010     drivers_msp432p401x.aem4f : UARTMSP432.oem4f (.text:readBlockingTimeout)
                  00009270    00000010     sysbios.aem4f : BIOS.obj (.text:ti_sysbios_BIOS_exit__E)
                  00009280    00000010                   : BIOS.obj (.text:ti_sysbios_BIOS_setCpuFreq__E)
                  00009290    00000010                   : BIOS.obj (.text:ti_sysbios_BIOS_setThreadType__E)
                  000092a0    00000010                   : BIOS.obj (.text:ti_sysbios_BIOS_start__E)
                  000092b0    00000010                   : m3_TaskSupport_asm.obj (.text:ti_sysbios_family_arm_m3_TaskSupport_glue)
                  000092c0    00000010                   : BIOS.obj (.text:ti_sysbios_family_arm_msp432_init_Boot_disableWatchdog)
                  000092d0    00000010                   : BIOS.obj (.text:ti_sysbios_gates_GateMutex_Instance_finalize__E)
                  000092e0    00000010                   : BIOS.obj (.text:ti_sysbios_knl_Semaphore_Instance_finalize__E)
                  000092f0    00000010                   : BIOS.obj (.text:ti_sysbios_knl_Swi_disable__E)
                  00009300    00000010     hello_pem4f.oem4f (.text:ti_sysbios_knl_Task_Object__get__S)
                  00009310    00000010     sysbios.aem4f : BIOS.obj (.text:ti_sysbios_knl_Task_disable__E)
                  00009320    00000010     ti.targets.arm.rtsarm.aem4f : Gate.oem4f (.text:xdc_runtime_Gate_leaveSystem__E)
                  00009330    00000010                                 : Memory.oem4f (.text:xdc_runtime_Memory_free__E)
                  00009340    00000010                                 : SysMin.oem4f (.text:xdc_runtime_SysMin_ready__E)
                  00009350    00000010                                 : System.oem4f (.text:xdc_runtime_System_vsnprintf__E)
                  00009360    00000010     hello_pem4f.oem4f (.text:xdc_runtime_Text_visitRope__I)
                  00009370    0000000e     rtsv7M4_T_le_v4SPD16_eabi.lib : copy_decompress_none.c.obj (.text:decompress:none:__TI_decompress_none)
                  0000937e    00000002     --HOLE-- [fill = 0]
                  00009380    0000000e     sysbios.aem4f : BIOS.obj (.text:ti_sysbios_knl_Idle_loop__E)
                  0000938e    00000002     --HOLE-- [fill = 0]
                  00009390    0000000e                   : BIOS.obj (.text:ti_sysbios_knl_Queue_empty__E)
                  0000939e    0000000c     ti_drivers_config.obj (.text:Board_init)
                  000093aa    0000000c     msp432p4xx_driverlib.lib : cpu.o (.text:CPU_cpsid)
                  000093b6    0000000c                              : cpu.o (.text:CPU_cpsie)
                  000093c2    0000000c     dpl_msp432p401x.aem4f : ClockP_tirtos.oem4f (.text:ClockP_delete)
                  000093ce    0000000c                           : HwiP_tirtos.oem4f (.text:HwiP_delete)
                  000093da    00000002     --HOLE-- [fill = 0]
                  000093dc    0000000c     drivers_msp432p401x.aem4f : PowerMSP432.oem4f (.text:Power_getConstraintMask)
                  000093e8    0000000c                               : PowerMSP432.oem4f (.text:Power_getPerformanceLevel)
                  000093f4    0000000c     dpl_msp432p401x.aem4f : SemaphoreP_tirtos.oem4f (.text:SemaphoreP_delete)
                  00009400    0000000c     rtsv7M4_T_le_v4SPD16_eabi.lib : _lock.c.obj (.text:_register_lock)
                  0000940c    0000000c                                   : _lock.c.obj (.text:_register_unlock)
                  00009418    0000000c                                   : copy_zero_init.c.obj (.text:decompress:ZI:__TI_zero_init)
                  00009424    0000000c     hello_pem4f.oem4f (.text:ti_sysbios_family_arm_m3_Hwi_Params__init__S)
                  00009430    0000000c     sysbios.aem4f : BIOS.obj (.text:ti_sysbios_family_arm_m3_Hwi_disableFxn__E)
                  0000943c    00000004     --HOLE-- [fill = 0]
                  00009440    0000000c                   : BIOS.obj (.text:ti_sysbios_family_arm_m3_TaskSupport_checkStack__E)
                  0000944c    00000004     --HOLE-- [fill = 0]
                  00009450    0000000c                   : BIOS.obj (.text:ti_sysbios_family_arm_m3_TaskSupport_getStackAlignment__E)
                  0000945c    00000004     --HOLE-- [fill = 0]
                  00009460    0000000c                   : BIOS.obj (.text:ti_sysbios_family_arm_msp432_Timer_getMaxTicks__E)
                  0000946c    00000004     --HOLE-- [fill = 0]
                  00009470    0000000c                   : BIOS.obj (.text:ti_sysbios_gates_GateHwi_enter__E)
                  0000947c    0000000c     hello_pem4f.oem4f (.text:ti_sysbios_knl_Clock_Params__init__S)
                  00009488    0000000c     hello_pem4f.oem4f (.text:ti_sysbios_knl_Queue_Object__get__S)
                  00009494    0000000c     hello_pem4f.oem4f (.text:ti_sysbios_knl_Semaphore_Params__init__S)
                  000094a0    0000000c     hello_pem4f.oem4f (.text:ti_sysbios_knl_Task_Params__init__S)
                  000094ac    0000000c     ti.targets.arm.rtsarm.aem4f : Gate.oem4f (.text:xdc_runtime_Gate_enterSystem__E)
                  000094b8    0000000c                                 : Memory.oem4f (.text:xdc_runtime_Memory_calloc__E)
                  000094c4    0000000c                                 : Memory.oem4f (.text:xdc_runtime_Memory_getMaxDefaultTypeAlign__E)
                  000094d0    0000000c                                 : Startup.oem4f (.text:xdc_runtime_Startup_rtsDone__E)
                  000094dc    0000000a     dpl_msp432p401x.aem4f : ClockP_tirtos.oem4f (.text:ClockP_Params_init)
                  000094e6    0000000a     drivers_msp432p401x.aem4f : UART.oem4f (.text:UART_write)
                  000094f0    0000000a     rtsv7M4_T_le_v4SPD16_eabi.lib : sprintf.c.obj (.text:_outc)
                  000094fa    0000000a     hello_pem4f.oem4f (.text:xdc_runtime_IHeap_alloc)
                  00009504    0000000a     hello_pem4f.oem4f (.text:xdc_runtime_IHeap_free)
                  0000950e    00000008     dpl_msp432p401x.aem4f : SemaphoreP_tirtos.oem4f (.text:SemaphoreP_Params_init)
                  00009516    00000002     --HOLE-- [fill = 0]
                  00009518    00000008     rtsv7M4_T_le_v4SPD16_eabi.lib : errno.c.obj (.text:__aeabi_errno_addr)
                  00009520    00000008     drivers_msp432p401x.aem4f : UARTMSP432.oem4f (.text:readSemCallback)
                  00009528    00000008     sysbios.aem4f : BIOS.obj (.text:ti_sysbios_family_arm_m3_Hwi_doSwiRestore__I)
                  00009530    00000008                   : BIOS.obj (.text:ti_sysbios_family_arm_m3_Hwi_startup__E)
                  00009538    00000008     drivers_msp432p401x.aem4f : UARTMSP432.oem4f (.text:txcptEnabledStatus)
                  00009540    00000008                               : UARTMSP432.oem4f (.text:writeSemCallback)
                  00009548    00000006     sysbios.aem4f : BIOS.obj (.text:ti_sysbios_family_arm_m3_Hwi_doTaskRestore__I)
                  0000954e    00000002     --HOLE-- [fill = 0]
                  00009550    00000006                   : BIOS.obj (.text:ti_sysbios_family_arm_m3_Hwi_restoreFxn__E)
                  00009556    00000002     --HOLE-- [fill = 0]
                  00009558    00000006                   : BIOS.obj (.text:ti_sysbios_gates_GateHwi_leave__E)
                  0000955e    00000002     --HOLE-- [fill = 0]
                  00009560    00000006                   : BIOS.obj (.text:ti_sysbios_heaps_HeapMem_isBlocking__E)
                  00009566    00000002     --HOLE-- [fill = 0]
                  00009568    00000006                   : BIOS.obj (.text:ti_sysbios_knl_Clock_stop__E)
                  0000956e    00000002     --HOLE-- [fill = 0]
                  00009570    00000006                   : BIOS.obj (.text:ti_sysbios_knl_Queue_Instance_init__E)
                  00009576    00000002     --HOLE-- [fill = 0]
                  00009578    00000006                   : BIOS.obj (.text:ti_sysbios_knl_Swi_startup__E)
                  0000957e    00000002     --HOLE-- [fill = 0]
                  00009580    00000004                   : BIOS.obj (.text:ti_sysbios_gates_GateHwi_query__E)
                  00009584    00000004     --HOLE-- [fill = 0]
                  00009588    00000004                   : BIOS.obj (.text:ti_sysbios_gates_GateMutex_query__E)
                  0000958c    00000004     --HOLE-- [fill = 0]
                  00009590    00000004                   : BIOS.obj (.text:ti_sysbios_knl_Clock_setTimeout__E)
                  00009594    00000004     --HOLE-- [fill = 0]
                  00009598    00000004                   : BIOS.obj (.text:ti_sysbios_knl_Task_startup__E)
                  0000959c    00000004     --HOLE-- [fill = 0]
                  000095a0    00000002                   : BIOS.obj (.text:ti_sysbios_BIOS_linkedWithIncorrectBootLibrary__E)
                  000095a2    00000006     --HOLE-- [fill = 0]
                  000095a8    00000002                   : BIOS.obj (.text:ti_sysbios_gates_GateHwi_Instance_init__E)
                  000095aa    00000006     --HOLE-- [fill = 0]
                  000095b0    00000002                   : BIOS.obj (.text:ti_sysbios_knl_Clock_logTick__E)

.const     0    000095b4    00001f8b     
                  000095b4    00001887     hello_pem4f.oem4f (.const:xdc_runtime_Text_charTab__A)
                  0000ae3b    00000101     rtsv7M4_T_le_v4SPD16_eabi.lib : ctype.c.obj (.const:.string:_ctypes_)
                  0000af3c    000000b4     hello_pem4f.oem4f (.const:xdc_runtime_Text_nodeTab__A)
                  0000aff0    00000040     ti_drivers_config.obj (.const:uartMSP432Baudrates)
                  0000b030    0000003c     hello_pem4f.oem4f (.const:ti_sysbios_knl_Task_Object__PARAMS__C)
                  0000b06c    00000038     ti_drivers_config.obj (.const:PowerMSP432_config)
                  0000b0a4    00000030     hello_pem4f.oem4f (.const:ti_sysbios_family_arm_m3_Hwi_Object__PARAMS__C)
                  0000b0d4    0000002c     ti_drivers_config.obj (.const:uartMSP432HWAttrs)
                  0000b100    00000028     drivers_msp432p401x.aem4f : UARTMSP432.oem4f (.const:UARTMSP432_fxnTable)
                  0000b128    00000028     hello_pem4f.oem4f (.const:ti_sysbios_heaps_HeapMem_Module__FXNS__C)
                  0000b150    00000024     drivers_msp432p401x.aem4f : UART.oem4f (.const:UART_defaultParams)
                  0000b174    00000024     hello_pem4f.oem4f (.const:ti_sysbios_gates_GateHwi_Module__FXNS__C)
                  0000b198    00000024     hello_pem4f.oem4f (.const:ti_sysbios_gates_GateMutex_Module__FXNS__C)
                  0000b1bc    00000024     hello_pem4f.oem4f (.const:ti_sysbios_heaps_HeapMem_Object__PARAMS__C)
                  0000b1e0    00000024     hello_pem4f.oem4f (.const:ti_sysbios_knl_Clock_Object__PARAMS__C)
                  0000b204    00000024     hello_pem4f.oem4f (.const:ti_sysbios_knl_Semaphore_Object__PARAMS__C)
                  0000b228    00000020     drivers_msp432p401x.aem4f : UARTMSP432.oem4f (.const:staticFxnTable)
                  0000b248    00000020     hello_pem4f.oem4f (.const:ti_sysbios_family_arm_m3_Hwi_Object__DESC__C)
                  0000b268    00000020     hello_pem4f.oem4f (.const:ti_sysbios_gates_GateHwi_Object__DESC__C)
                  0000b288    00000020     hello_pem4f.oem4f (.const:ti_sysbios_gates_GateMutex_Object__DESC__C)
                  0000b2a8    00000020     hello_pem4f.oem4f (.const:ti_sysbios_heaps_HeapMem_Object__DESC__C)
                  0000b2c8    00000020     hello_pem4f.oem4f (.const:ti_sysbios_knl_Clock_Object__DESC__C)
                  0000b2e8    00000020     hello_pem4f.oem4f (.const:ti_sysbios_knl_Queue_Object__DESC__C)
                  0000b308    00000020     hello_pem4f.oem4f (.const:ti_sysbios_knl_Semaphore_Object__DESC__C)
                  0000b328    00000020     hello_pem4f.oem4f (.const:ti_sysbios_knl_Task_Object__DESC__C)
                  0000b348    00000020     hello_pem4f.oem4f (.const:xdc_runtime_Startup_sfxnTab__A)
                  0000b368    00000018     hello_pem4f.oem4f (.const:ti_sysbios_gates_GateHwi_Object__PARAMS__C)
                  0000b380    00000018     hello_pem4f.oem4f (.const:ti_sysbios_gates_GateMutex_Object__PARAMS__C)
                  0000b398    00000018     hello_pem4f.oem4f (.const:ti_sysbios_knl_Queue_Object__PARAMS__C)
                  0000b3b0    00000010     hello_pem4f.oem4f (.const:xdc_runtime_Startup_sfxnRts__A)
                  0000b3c0    0000000c     ti_drivers_config.obj (.const:UART_config)
                  0000b3cc    0000000c     hello_pem4f.oem4f (.const:xdc_runtime_Startup_firstFxns__A)
                  0000b3d8    00000008     hello_pem4f.oem4f (.const:ti_sysbios_family_arm_m3_Hwi_excHookFuncs__A)
                  0000b3e0    00000008     hello_pem4f.oem4f (.const:ti_sysbios_knl_Idle_funcList__A)
                  0000b3e8    00000008     hello_pem4f.oem4f (.const:ti_sysbios_knl_Idle_funcList__C)
                  0000b3f0    00000008     hello_pem4f.oem4f (.const:xdc_runtime_Startup_firstFxns__C)
                  0000b3f8    00000008     hello_pem4f.oem4f (.const:xdc_runtime_Startup_lastFxns__C)
                  0000b400    00000005     drivers_msp432p401x.aem4f : UARTMSP432.oem4f (.const:.string:parityTypes)
                  0000b405    00000001     ti_drivers_config.obj (.const)
                  0000b406    00000004     drivers_msp432p401x.aem4f : UARTMSP432.oem4f (.const:stopBits)
                  0000b40a    00000002     hello_pem4f.oem4f (.const:ti_sysbios_family_arm_m3_Hwi_Module__id__C)
                  0000b40c    00000004     hello_pem4f.oem4f (.const:ti_sysbios_family_arm_m3_Hwi_E_NMI__C)
                  0000b410    00000004     hello_pem4f.oem4f (.const:ti_sysbios_family_arm_m3_Hwi_E_alreadyDefined__C)
                  0000b414    00000004     hello_pem4f.oem4f (.const:ti_sysbios_family_arm_m3_Hwi_E_badIntNum__C)
                  0000b418    00000004     hello_pem4f.oem4f (.const:ti_sysbios_family_arm_m3_Hwi_E_busFault__C)
                  0000b41c    00000004     hello_pem4f.oem4f (.const:ti_sysbios_family_arm_m3_Hwi_E_debugMon__C)
                  0000b420    00000004     hello_pem4f.oem4f (.const:ti_sysbios_family_arm_m3_Hwi_E_hardFault__C)
                  0000b424    00000004     hello_pem4f.oem4f (.const:ti_sysbios_family_arm_m3_Hwi_E_memFault__C)
                  0000b428    00000004     hello_pem4f.oem4f (.const:ti_sysbios_family_arm_m3_Hwi_E_noIsr__C)
                  0000b42c    00000004     hello_pem4f.oem4f (.const:ti_sysbios_family_arm_m3_Hwi_E_reserved__C)
                  0000b430    00000004     hello_pem4f.oem4f (.const:ti_sysbios_family_arm_m3_Hwi_E_svCall__C)
                  0000b434    00000004     hello_pem4f.oem4f (.const:ti_sysbios_family_arm_m3_Hwi_E_usageFault__C)
                  0000b438    00000004     hello_pem4f.oem4f (.const:ti_sysbios_family_arm_m3_Hwi_NUM_INTERRUPTS__C)
                  0000b43c    00000004     hello_pem4f.oem4f (.const:ti_sysbios_family_arm_m3_Hwi_Object__count__C)
                  0000b440    00000004     hello_pem4f.oem4f (.const:ti_sysbios_family_arm_m3_Hwi_ccr__C)
                  0000b444    00000004     hello_pem4f.oem4f (.const:ti_sysbios_family_arm_m3_Hwi_excHandlerFunc__C)
                  0000b448    00000004     hello_pem4f.oem4f (.const:ti_sysbios_family_arm_m3_Hwi_excHookFuncs__C)
                  0000b44c    00000004     hello_pem4f.oem4f (.const:ti_sysbios_family_arm_m3_Hwi_nullIsrFunc__C)
                  0000b450    00000004     hello_pem4f.oem4f (.const:ti_sysbios_family_arm_m3_Hwi_priGroup__C)
                  0000b454    00000004     hello_pem4f.oem4f (.const:ti_sysbios_family_arm_m3_Hwi_swiDisable__C)
                  0000b458    00000004     hello_pem4f.oem4f (.const:ti_sysbios_family_arm_m3_Hwi_swiRestore__C)
                  0000b45c    00000004     hello_pem4f.oem4f (.const:ti_sysbios_family_arm_m3_TaskSupport_stackAlignment__C)
                  0000b460    00000004     hello_pem4f.oem4f (.const:ti_sysbios_family_arm_msp432_Timer_numTimerDevices__C)
                  0000b464    00000004     hello_pem4f.oem4f (.const:ti_sysbios_family_arm_msp432_Timer_startupNeeded__C)
                  0000b468    00000004     hello_pem4f.oem4f (.const:ti_sysbios_gates_GateMutex_Instance_State_sem__O)
                  0000b46c    00000004     hello_pem4f.oem4f (.const:ti_sysbios_hal_Hwi_E_stackOverflow__C)
                  0000b470    00000004     hello_pem4f.oem4f (.const:ti_sysbios_heaps_HeapMem_E_memory__C)
                  0000b474    00000004     hello_pem4f.oem4f (.const:ti_sysbios_heaps_HeapMem_Module__gateObj__C)
                  0000b478    00000004     hello_pem4f.oem4f (.const:ti_sysbios_heaps_HeapMem_Object__count__C)
                  0000b47c    00000004     hello_pem4f.oem4f (.const:ti_sysbios_heaps_HeapMem_primaryHeapBaseAddr__C)
                  0000b480    00000004     hello_pem4f.oem4f (.const:ti_sysbios_heaps_HeapMem_primaryHeapEndAddr__C)
                  0000b484    00000004     hello_pem4f.oem4f (.const:ti_sysbios_heaps_HeapMem_reqAlign__C)
                  0000b488    00000004     hello_pem4f.oem4f (.const:ti_sysbios_knl_Clock_Module_State_clockQ__O)
                  0000b48c    00000004     hello_pem4f.oem4f (.const:ti_sysbios_knl_Clock_tickPeriod__C)
                  0000b490    00000004     hello_pem4f.oem4f (.const:ti_sysbios_knl_Semaphore_Instance_State_pendQ__O)
                  0000b494    00000004     hello_pem4f.oem4f (.const:ti_sysbios_knl_Swi_Object__count__C)
                  0000b498    00000004     hello_pem4f.oem4f (.const:ti_sysbios_knl_Task_E_spOutOfBounds__C)
                  0000b49c    00000004     hello_pem4f.oem4f (.const:ti_sysbios_knl_Task_E_stackOverflow__C)
                  0000b4a0    00000004     hello_pem4f.oem4f (.const:ti_sysbios_knl_Task_Module_State_inactiveQ__O)
                  0000b4a4    00000004     hello_pem4f.oem4f (.const:ti_sysbios_knl_Task_Object__count__C)
                  0000b4a8    00000004     hello_pem4f.oem4f (.const:ti_sysbios_knl_Task_allBlockedFunc__C)
                  0000b4ac    00000004     hello_pem4f.oem4f (.const:ti_sysbios_knl_Task_defaultStackHeap__C)
                  0000b4b0    00000004     hello_pem4f.oem4f (.const:ti_sysbios_knl_Task_defaultStackSize__C)
                  0000b4b4    00000004     hello_pem4f.oem4f (.const:ti_sysbios_knl_Task_numConstructedTasks__C)
                  0000b4b8    00000004     hello_pem4f.oem4f (.const:xdc_runtime_Assert_E_assertFailed__C)
                  0000b4bc    00000004     hello_pem4f.oem4f (.const:xdc_runtime_Core_A_initializedParams__C)
                  0000b4c0    00000004     hello_pem4f.oem4f (.const:xdc_runtime_Core_Module__diagsEnabled__C)
                  0000b4c4    00000004     hello_pem4f.oem4f (.const:xdc_runtime_Core_Module__diagsIncluded__C)
                  0000b4c8    00000004     hello_pem4f.oem4f (.const:xdc_runtime_Core_Module__diagsMask__C)
                  0000b4cc    00000004     hello_pem4f.oem4f (.const:xdc_runtime_Error_E_memory__C)
                  0000b4d0    00000004     hello_pem4f.oem4f (.const:xdc_runtime_Error_policyFxn__C)
                  0000b4d4    00000004     hello_pem4f.oem4f (.const:xdc_runtime_Error_raiseHook__C)
                  0000b4d8    00000004     hello_pem4f.oem4f (.const:xdc_runtime_IGateProvider_Interface__BASE__C)
                  0000b4dc    00000004     hello_pem4f.oem4f (.const:xdc_runtime_IHeap_Interface__BASE__C)
                  0000b4e0    00000004     hello_pem4f.oem4f (.const:xdc_runtime_IModule_Interface__BASE__C)
                  0000b4e4    00000004     hello_pem4f.oem4f (.const:xdc_runtime_Memory_defaultHeapInstance__C)
                  0000b4e8    00000004     hello_pem4f.oem4f (.const:xdc_runtime_Startup_execImpl__C)
                  0000b4ec    00000004     hello_pem4f.oem4f (.const:xdc_runtime_Startup_maxPasses__C)
                  0000b4f0    00000004     hello_pem4f.oem4f (.const:xdc_runtime_Startup_sfxnRts__C)
                  0000b4f4    00000004     hello_pem4f.oem4f (.const:xdc_runtime_Startup_sfxnTab__C)
                  0000b4f8    00000004     hello_pem4f.oem4f (.const:xdc_runtime_SysMin_bufSize__C)
                  0000b4fc    00000004     hello_pem4f.oem4f (.const:xdc_runtime_SysMin_outputFunc__C)
                  0000b500    00000004     hello_pem4f.oem4f (.const:xdc_runtime_System_Module__gateObj__C)
                  0000b504    00000004     hello_pem4f.oem4f (.const:xdc_runtime_System_abortFxn__C)
                  0000b508    00000004     hello_pem4f.oem4f (.const:xdc_runtime_System_exitFxn__C)
                  0000b50c    00000004     hello_pem4f.oem4f (.const:xdc_runtime_System_extendFxn__C)
                  0000b510    00000004     hello_pem4f.oem4f (.const:xdc_runtime_System_maxAtexitHandlers__C)
                  0000b514    00000004     hello_pem4f.oem4f (.const:xdc_runtime_Text_charTab__C)
                  0000b518    00000004     hello_pem4f.oem4f (.const:xdc_runtime_Text_nodeTab__C)
                  0000b51c    00000004     hello_pem4f.oem4f (.const:xdc_runtime_Text_visitRopeFxn__C)
                  0000b520    00000002     hello_pem4f.oem4f (.const:ti_sysbios_family_arm_msp432_init_Boot_bypassHFXT__C)
                  0000b522    00000002     hello_pem4f.oem4f (.const:ti_sysbios_family_arm_msp432_init_Boot_bypassLFXT__C)
                  0000b524    00000002     hello_pem4f.oem4f (.const:ti_sysbios_family_arm_msp432_init_Boot_enableHFXT__C)
                  0000b526    00000002     hello_pem4f.oem4f (.const:ti_sysbios_family_arm_msp432_init_Boot_enableLFXT__C)
                  0000b528    00000002     hello_pem4f.oem4f (.const:ti_sysbios_hal_Hwi_Module__id__C)
                  0000b52a    00000002     hello_pem4f.oem4f (.const:ti_sysbios_heaps_HeapMem_Module__id__C)
                  0000b52c    00000002     hello_pem4f.oem4f (.const:ti_sysbios_knl_Task_Module__id__C)
                  0000b52e    00000002     hello_pem4f.oem4f (.const:xdc_runtime_Core_Module__id__C)
                  0000b530    00000002     hello_pem4f.oem4f (.const:xdc_runtime_Error_Module__loggerDefined__C)
                  0000b532    00000002     hello_pem4f.oem4f (.const:xdc_runtime_Error_maxDepth__C)
                  0000b534    00000002     hello_pem4f.oem4f (.const:xdc_runtime_Memory_Module__id__C)
                  0000b536    00000002     hello_pem4f.oem4f (.const:xdc_runtime_SysMin_flushAtExit__C)
                  0000b538    00000002     hello_pem4f.oem4f (.const:xdc_runtime_Text_isLoaded__C)
                  0000b53a    00000002     hello_pem4f.oem4f (.const:xdc_runtime_Text_registryModsLastId__C)
                  0000b53c    00000002     hello_pem4f.oem4f (.const:xdc_runtime_Text_unnamedModsLastId__C)
                  0000b53e    00000001     hello_pem4f.oem4f (.const:xdc_runtime_Error_policy__C)

.cinit     0    0000b540    00000278     
                  0000b540    00000251     (.cinit..data.load) [load image, compression = lzss]
                  0000b791    00000003     --HOLE-- [fill = 0]
                  0000b794    0000000c     (__TI_handler_table)
                  0000b7a0    00000008     (.cinit..bss.load) [load image, compression = zero_init]
                  0000b7a8    00000010     (__TI_cinit_table)

.init_array 
*          0    00000000    00000000     UNINITIALIZED

.bss       0    20008140    0000187c     UNINITIALIZED
                  20008140    00000800     (.common:task1Stack)
                  20008940    00000800     (.common:task2Stack)
                  20009140    00000200     hello_pem4f.oem4f (.bss:taskStackSection)
                  20009340    00000200     (.common:xdc_runtime_SysMin_Module_State_0_outbuf__A)
                  20009540    00000140     (.common:ti_sysbios_family_arm_m3_Hwi_dispatchTable)
                  20009680    00000120     rtsv7M4_T_le_v4SPD16_eabi.lib : trgmsg.c.obj (.bss:_CIOBUF_)
                  200097a0    000000a0     (.common:__TI_tmpnams)
                  20009840    00000080     (.common:uartMSP432Objects)
                  200098c0    00000050     (.common:task1Struct)
                  20009910    00000050     (.common:task2Struct)
                  20009960    00000024     (.common:uartParams)
                  20009984    00000020     ti_drivers_config.obj (.bss:uartMSP432RingBuffer0)
                  200099a4    00000008     msp432p4xx_driverlib.lib : cs.o (.bss)
                  200099ac    00000008     (.common:parmbuf)
                  200099b4    00000004     (.common:ClockP_tickPeriod)
                  200099b8    00000004     (.common:uart)

.data      0    200099bc    00000749     UNINITIALIZED
                  200099bc    00000140     drivers_msp432p401x.aem4f : PowerMSP432.oem4f (.data:PowerMSP432_perfLevels)
                  20009afc    000000f0     rtsv7M4_T_le_v4SPD16_eabi.lib : defs.c.obj (.data:_ftable)
                  20009bec    00000080     hello_pem4f.oem4f (.data:ti_sysbios_knl_Swi_Module_State_0_readyQ__A)
                  20009c6c    00000080     hello_pem4f.oem4f (.data:ti_sysbios_knl_Task_Module_State_0_readyQ__A)
                  20009cec    00000078     rtsv7M4_T_le_v4SPD16_eabi.lib : host_device.c.obj (.data:_device)
                  20009d64    00000050                                   : host_device.c.obj (.data:_stream)
                  20009db4    0000004c     hello_pem4f.oem4f (.data:ti_sysbios_knl_Task_Object__table__V)
                  20009e00    00000044     hello_pem4f.oem4f (.data:ti_sysbios_family_arm_msp432_Timer_Object__table__V)
                  20009e44    00000044     hello_pem4f.oem4f (.data:ti_sysbios_knl_Task_Module__state__V)
                  20009e88    00000038     hello_pem4f.oem4f (.data:ti_sysbios_gates_GateMutex_Object__table__V)
                  20009ec0    00000034     hello_pem4f.oem4f (.data:ti_sysbios_family_arm_m3_Hwi_Module__state__V)
                  20009ef4    00000030     hello_pem4f.oem4f (.data:ti_sysbios_knl_Swi_Object__table__V)
                  20009f24    0000002c     drivers_msp432p401x.aem4f : PowerMSP432.oem4f (.data:PowerMSP432_module)
                  20009f50    0000002c     hello_pem4f.oem4f (.data:ti_sysbios_knl_Clock_Module__state__V)
                  20009f7c    00000024     hello_pem4f.oem4f (.data:ti_sysbios_BIOS_Module__state__V)
                  20009fa0    00000020     hello_pem4f.oem4f (.data:ti_sysbios_family_arm_msp432_Timer_Module_State_0_device__A)
                  20009fc0    00000020     hello_pem4f.oem4f (.data:xdc_runtime_Error_IgnoreBlock)
                  20009fe0    0000001c     hello_pem4f.oem4f (.data:ti_sysbios_knl_Swi_Module__state__V)
                  20009ffc    00000018     hello_pem4f.oem4f (.data:ti_sysbios_family_arm_m3_Hwi_Object__table__V)
                  2000a014    00000018     hello_pem4f.oem4f (.data:ti_sysbios_heaps_HeapMem_Object__table__V)
                  2000a02c    00000010     rtsv7M4_T_le_v4SPD16_eabi.lib : defs.c.obj (.data)
                  2000a03c    00000010     hello_pem4f.oem4f (.data:ti_sysbios_family_arm_msp432_Timer_Module_State_0_handles__A)
                  2000a04c    0000000c     rtsv7M4_T_le_v4SPD16_eabi.lib : exit.c.obj (.data:$O1$$)
                  2000a058    0000000c     hello_pem4f.oem4f (.data:ti_sysbios_family_arm_msp432_ClockFreqs_Module__state__V)
                  2000a064    0000000c     hello_pem4f.oem4f (.data:ti_sysbios_family_arm_msp432_Timer_Module__state__V)
                  2000a070    0000000c     hello_pem4f.oem4f (.data:xdc_runtime_SysMin_Module__state__V)
                  2000a07c    00000008     rtsv7M4_T_le_v4SPD16_eabi.lib : _lock.c.obj (.data:$O1$$)
                  2000a084    00000008     hello_pem4f.oem4f (.data:ti_sysbios_family_arm_m3_Hwi_Module__root__V)
                  2000a08c    00000008     hello_pem4f.oem4f (.data:ti_sysbios_gates_GateHwi_Module__root__V)
                  2000a094    00000008     hello_pem4f.oem4f (.data:ti_sysbios_gates_GateMutex_Module__root__V)
                  2000a09c    00000008     hello_pem4f.oem4f (.data:ti_sysbios_heaps_HeapMem_Module__root__V)
                  2000a0a4    00000008     hello_pem4f.oem4f (.data:ti_sysbios_knl_Clock_Module__root__V)
                  2000a0ac    00000008     hello_pem4f.oem4f (.data:ti_sysbios_knl_Queue_Module__root__V)
                  2000a0b4    00000008     hello_pem4f.oem4f (.data:ti_sysbios_knl_Semaphore_Module__root__V)
                  2000a0bc    00000008     hello_pem4f.oem4f (.data:ti_sysbios_knl_Task_Module__root__V)
                  2000a0c4    00000008     hello_pem4f.oem4f (.data:xdc_runtime_Registry_Module__state__V)
                  2000a0cc    00000008     hello_pem4f.oem4f (.data:xdc_runtime_Startup_Module__state__V)
                  2000a0d4    00000008     hello_pem4f.oem4f (.data:xdc_runtime_System_Module_State_0_atexitHandlers__A)
                  2000a0dc    00000008     hello_pem4f.oem4f (.data:xdc_runtime_System_Module__state__V)
                  2000a0e4    00000004     rtsv7M4_T_le_v4SPD16_eabi.lib : errno.c.obj (.data)
                  2000a0e8    00000004                                   : stkdepth_vars.c.obj (.data)
                  2000a0ec    00000004     hello_pem4f.oem4f (.data:ti_sysbios_family_arm_m3_Hwi_Module_State_0_excContext__A)
                  2000a0f0    00000004     hello_pem4f.oem4f (.data:ti_sysbios_family_arm_m3_Hwi_Module_State_0_excStack__A)
                  2000a0f4    00000004     hello_pem4f.oem4f (.data:ti_sysbios_gates_GateHwi_Object__table__V)
                  2000a0f8    00000004     hello_pem4f.oem4f (.data:ti_sysbios_knl_Task_Module_State_0_idleTask__A)
                  2000a0fc    00000004     hello_pem4f.oem4f (.data:xdc_runtime_Memory_Module__state__V)
                  2000a100    00000002     hello_pem4f.oem4f (.data:ti_sysbios_family_arm_m3_Hwi_Module_State_0_excActive__A)
                  2000a102    00000002     hello_pem4f.oem4f (.data:xdc_runtime_Error_Module__state__V)
                  2000a104    00000001     drivers_msp432p401x.aem4f : UART.oem4f (.data)

.priheap   0    20000140    00008000     UNINITIALIZED
                  20000140    00008000     --HOLE--

.stack     0    2000fc00    00000400     UNINITIALIZED
                  2000fc00    00000400     --HOLE--

.bootVecs 
*          0    00000000    00000008     DSECT
                  00000000    00000008     boot.aem4f : boot.oem4f (.bootVecs)

.resetVecs 
*          0    00000000    0000003c     
                  00000000    0000003c     hello_pem4f.oem4f (.resetVecs)

.vecs      0    20000000    00000140     NOLOAD SECTION
                  20000000    00000140     hello_pem4f.oem4f (.vecs)

xdc.meta   0    00000000    000000dc     COPY SECTION
                  00000000    000000dc     hello_pem4f.oem4f (xdc.meta)

__llvm_prf_cnts 
*          0    20000000    00000000     UNINITIALIZED

.binit     0    00000000    00000000     

MODULE SUMMARY

       Module                       code    ro data   rw data
       ------                       ----    -------   -------
    .\
       ex2_3.obj                    1298    0         8592   
    +--+----------------------------+-------+---------+---------+
       Total:                       1298    0         8592   
                                                             
    .\syscfg\
       ti_drivers_config.obj        14      177       320    
    +--+----------------------------+-------+---------+---------+
       Total:                       14      177       320    
                                                             
    D:\ti\ccs1010\workspace_v10\Lab7_Ex2.3\Debug\configPkg\package\cfg\
       hello_pem4f.oem4f            2138    7584      5360   
    +--+----------------------------+-------+---------+---------+
       Total:                       2138    7584      5360   
                                                             
    C:/ti/simplelink_msp432p4_sdk_3_40_01_02/kernel/tirtos/packages/ti/dpl/lib/dpl_msp432p401x.aem4f
       ClockP_tirtos.oem4f          114     0         8      
       PowerMSP432_tirtos.oem4f     122     0         0      
       SemaphoreP_tirtos.oem4f      102     0         0      
       HwiP_tirtos.oem4f            96      0         0      
    +--+----------------------------+-------+---------+---------+
       Total:                       434     0         8      
                                                             
    C:/ti/simplelink_msp432p4_sdk_3_40_01_02/source/ti/devices/msp432p4xx/driverlib/ccs/msp432p4xx_driverlib.lib
       pcm.o                        1770    0         0      
       cs.o                         1522    0         16     
       uart.o                       284     0         0      
       sysctl_a.o                   212     0         0      
       rtc_c.o                      44      0         0      
       wdt_a.o                      36      0         0      
       cpu.o                        28      0         0      
       sysctl.o                     16      0         0      
    +--+----------------------------+-------+---------+---------+
       Total:                       3912    0         16     
                                                             
    C:/ti/simplelink_msp432p4_sdk_3_40_01_02/source/ti/drivers/lib/drivers_msp432p401x.aem4f
       UARTMSP432.oem4f             3406    81        0      
       PowerMSP432.oem4f            2196    0         728    
       UART.oem4f                   166     36        2      
       RingBuf.oem4f                184     0         0      
       List.oem4f                   76      0         0      
    +--+----------------------------+-------+---------+---------+
       Total:                       6028    117       730    
                                                             
    C:\ti\simplelink_msp432p4_sdk_3_40_01_02\kernel\tirtos\packages\ti\targets\arm\rtsarm\lib\auto_init.aem4f
       auto_init.oem4f              160     0         0      
    +--+----------------------------+-------+---------+---------+
       Total:                       160     0         0      
                                                             
    C:\ti\simplelink_msp432p4_sdk_3_40_01_02\kernel\tirtos\packages\ti\targets\arm\rtsarm\lib\boot.aem4f
       boot.oem4f                   88      0         0      
    +--+----------------------------+-------+---------+---------+
       Total:                       88      0         0      
                                                             
    C:\ti\simplelink_msp432p4_sdk_3_40_01_02\kernel\tirtos\packages\ti\targets\arm\rtsarm\lib\ti.targets.arm.rtsarm.aem4f
       System.oem4f                 1249    0         0      
       Text.oem4f                   596     0         0      
       Error.oem4f                  500     0         0      
       Startup.oem4f                344     0         0      
       Core-mem.oem4f               334     0         0      
       SysMin.oem4f                 248     0         0      
       Core-smem.oem4f              204     0         0      
       Memory.oem4f                 180     0         0      
       Assert.oem4f                 76      0         0      
       Core-params.oem4f            72      0         0      
       Gate.oem4f                   28      0         0      
       Registry.oem4f               28      0         0      
    +--+----------------------------+-------+---------+---------+
       Total:                       3859    0         0      
                                                             
    D:\ti\ccs1010\ccs\tools\compiler\ti-cgt-arm_20.2.1.LTS\lib\rtsv7M4_T_le_v4SPD16_eabi.lib
       _printfi.c.obj               4851    0         0      
       defs.c.obj                   0       0         832    
       trgmsg.c.obj                 108     0         576    
[...]
000093cf  HwiP_delete                                                     
000093dd  Power_getConstraintMask                                         
000093e9  Power_getPerformanceLevel                                       
000093f5  SemaphoreP_delete                                               
00009401  _register_lock                                                  
0000940d  _register_unlock                                                
00009419  __TI_zero_init                                                  
00009425  ti_sysbios_family_arm_m3_Hwi_Params__init__S                    
00009425  ti_sysbios_hal_Hwi_HwiProxy_Params__init__S                     
00009431  ti_sysbios_family_arm_m3_Hwi_disableFxn__E                      
00009431  ti_sysbios_hal_Hwi_HwiProxy_disable__E                          
00009441  ti_sysbios_family_arm_m3_TaskSupport_checkStack__E              
00009441  ti_sysbios_knl_Task_SupportProxy_checkStack__E                  
00009451  ti_sysbios_family_arm_m3_TaskSupport_getStackAlignment__E       
00009451  ti_sysbios_knl_Task_SupportProxy_getStackAlignment__E           
00009461  ti_sysbios_family_arm_msp432_Timer_getMaxTicks__E               
00009471  ti_sysbios_gates_GateHwi_enter__E                               
0000947d  ti_sysbios_knl_Clock_Params__init__S                            
00009489  ti_sysbios_knl_Queue_Object__get__S                             
00009495  ti_sysbios_knl_Semaphore_Params__init__S                        
000094a1  ti_sysbios_knl_Task_Params__init__S                             
000094ad  xdc_runtime_Gate_enterSystem__E                                 
000094b9  xdc_runtime_Memory_calloc__E                                    
000094c5  xdc_runtime_Memory_getMaxDefaultTypeAlign__E                    
000094d1  xdc_runtime_Startup_rtsDone__E                                  
000094dd  ClockP_Params_init                                              
000094e7  UART_write                                                      
000094fb  xdc_runtime_Memory_HeapProxy_alloc__E                           
00009505  xdc_runtime_Memory_HeapProxy_free__E                            
0000950f  SemaphoreP_Params_init                                          
00009519  __aeabi_errno_addr                                              
00009529  ti_sysbios_family_arm_m3_Hwi_doSwiRestore__I                    
00009531  ti_sysbios_family_arm_m3_Hwi_startup__E                         
00009531  ti_sysbios_hal_Hwi_HwiProxy_startup__E                          
00009531  ti_sysbios_hal_Hwi_startup__E                                   
00009549  ti_sysbios_family_arm_m3_Hwi_doTaskRestore__I                   
00009551  HwiP_restore                                                    
00009551  ti_sysbios_family_arm_m3_Hwi_restoreFxn__E                      
00009551  ti_sysbios_hal_Hwi_HwiProxy_restore__E                          
00009559  ti_sysbios_gates_GateHwi_leave__E                               
00009561  ti_sysbios_heaps_HeapMem_isBlocking__E                          
00009569  ti_sysbios_knl_Clock_stop__E                                    
00009571  ti_sysbios_knl_Queue_Instance_init__E                           
00009579  ti_sysbios_knl_Swi_startup__E                                   
00009581  ti_sysbios_gates_GateHwi_query__E                               
00009581  xdc_runtime_Main_Module_GateProxy_query__E                      
00009581  xdc_runtime_System_Module_GateProxy_query__E                    
00009589  ti_sysbios_BIOS_RtsGateProxy_query__E                           
00009589  ti_sysbios_gates_GateMutex_query__E                             
00009589  ti_sysbios_heaps_HeapMem_Module_GateProxy_query__E              
00009591  ti_sysbios_knl_Clock_setTimeout__E                              
00009599  ti_sysbios_knl_Task_startup__E                                  
000095a1  ti_sysbios_BIOS_linkedWithIncorrectBootLibrary__E               
000095a9  ti_sysbios_gates_GateHwi_Instance_init__E                       
000095b1  ti_sysbios_knl_Clock_logTick__E                                 
000095b4  xdc_runtime_Text_charTab__A                                     
0000ae3b  _ctypes_                                                        
0000af3c  xdc_runtime_Text_nodeTab__A                                     
0000b030  ti_sysbios_knl_Task_Object__PARAMS__C                           
0000b06c  PowerMSP432_config                                              
0000b0a4  ti_sysbios_family_arm_m3_Hwi_Object__PARAMS__C                  
0000b100  UARTMSP432_fxnTable                                             
0000b128  ti_sysbios_heaps_HeapMem_Module__FXNS__C                        
0000b150  UART_defaultParams                                              
0000b174  ti_sysbios_gates_GateHwi_Module__FXNS__C                        
0000b198  ti_sysbios_gates_GateMutex_Module__FXNS__C                      
0000b1bc  ti_sysbios_heaps_HeapMem_Object__PARAMS__C                      
0000b1e0  ti_sysbios_knl_Clock_Object__PARAMS__C                          
0000b204  ti_sysbios_knl_Semaphore_Object__PARAMS__C                      
0000b248  ti_sysbios_family_arm_m3_Hwi_Object__DESC__C                    
0000b268  ti_sysbios_gates_GateHwi_Object__DESC__C                        
0000b288  ti_sysbios_gates_GateMutex_Object__DESC__C                      
0000b2a8  ti_sysbios_heaps_HeapMem_Object__DESC__C                        
0000b2c8  ti_sysbios_knl_Clock_Object__DESC__C                            
0000b2e8  ti_sysbios_knl_Queue_Object__DESC__C                            
0000b308  ti_sysbios_knl_Semaphore_Object__DESC__C                        
0000b328  ti_sysbios_knl_Task_Object__DESC__C                             
0000b348  xdc_runtime_Startup_sfxnTab__A                                  
0000b368  ti_sysbios_gates_GateHwi_Object__PARAMS__C                      
0000b380  ti_sysbios_gates_GateMutex_Object__PARAMS__C                    
0000b398  ti_sysbios_knl_Queue_Object__PARAMS__C                          
0000b3b0  xdc_runtime_Startup_sfxnRts__A                                  
0000b3c0  UART_config                                                     
0000b3cc  xdc_runtime_Startup_firstFxns__A                                
0000b3d8  ti_sysbios_family_arm_m3_Hwi_excHookFuncs__A                    
0000b3e0  ti_sysbios_knl_Idle_funcList__A                                 
0000b3e8  ti_sysbios_knl_Idle_funcList__C                                 
0000b3f0  xdc_runtime_Startup_firstFxns__C                                
0000b3f8  xdc_runtime_Startup_lastFxns__C                                 
0000b405  UART_count                                                      
0000b40a  ti_sysbios_family_arm_m3_Hwi_Module__id__C                      
0000b40c  ti_sysbios_family_arm_m3_Hwi_E_NMI__C                           
0000b410  ti_sysbios_family_arm_m3_Hwi_E_alreadyDefined__C                
0000b414  ti_sysbios_family_arm_m3_Hwi_E_badIntNum__C                     
0000b418  ti_sysbios_family_arm_m3_Hwi_E_busFault__C                      
0000b41c  ti_sysbios_family_arm_m3_Hwi_E_debugMon__C                      
0000b420  ti_sysbios_family_arm_m3_Hwi_E_hardFault__C                     
0000b424  ti_sysbios_family_arm_m3_Hwi_E_memFault__C                      
0000b428  ti_sysbios_family_arm_m3_Hwi_E_noIsr__C                         
0000b42c  ti_sysbios_family_arm_m3_Hwi_E_reserved__C                      
0000b430  ti_sysbios_family_arm_m3_Hwi_E_svCall__C                        
0000b434  ti_sysbios_family_arm_m3_Hwi_E_usageFault__C                    
0000b438  ti_sysbios_family_arm_m3_Hwi_NUM_INTERRUPTS__C                  
0000b43c  ti_sysbios_family_arm_m3_Hwi_Object__count__C                   
0000b440  ti_sysbios_family_arm_m3_Hwi_ccr__C                             
0000b444  ti_sysbios_family_arm_m3_Hwi_excHandlerFunc__C                  
0000b448  ti_sysbios_family_arm_m3_Hwi_excHookFuncs__C                    
0000b44c  ti_sysbios_family_arm_m3_Hwi_nullIsrFunc__C                     
0000b450  ti_sysbios_family_arm_m3_Hwi_priGroup__C                        
0000b454  ti_sysbios_family_arm_m3_Hwi_swiDisable__C                      
0000b458  ti_sysbios_family_arm_m3_Hwi_swiRestore__C                      
0000b45c  ti_sysbios_family_arm_m3_TaskSupport_stackAlignment__C          
0000b460  ti_sysbios_family_arm_msp432_Timer_numTimerDevices__C           
0000b464  ti_sysbios_family_arm_msp432_Timer_startupNeeded__C             
0000b468  ti_sysbios_gates_GateMutex_Instance_State_sem__O                
0000b46c  ti_sysbios_hal_Hwi_E_stackOverflow__C                           
0000b470  ti_sysbios_heaps_HeapMem_E_memory__C                            
0000b474  ti_sysbios_heaps_HeapMem_Module__gateObj__C                     
0000b478  ti_sysbios_heaps_HeapMem_Object__count__C                       
0000b47c  ti_sysbios_heaps_HeapMem_primaryHeapBaseAddr__C                 
0000b480  ti_sysbios_heaps_HeapMem_primaryHeapEndAddr__C                  
0000b484  ti_sysbios_heaps_HeapMem_reqAlign__C                            
0000b488  ti_sysbios_knl_Clock_Module_State_clockQ__O                     
0000b48c  ti_sysbios_knl_Clock_tickPeriod__C                              
0000b490  ti_sysbios_knl_Semaphore_Instance_State_pendQ__O                
0000b494  ti_sysbios_knl_Swi_Object__count__C                             
0000b498  ti_sysbios_knl_Task_E_spOutOfBounds__C                          
0000b49c  ti_sysbios_knl_Task_E_stackOverflow__C                          
0000b4a0  ti_sysbios_knl_Task_Module_State_inactiveQ__O                   
0000b4a4  ti_sysbios_knl_Task_Object__count__C                            
0000b4a8  ti_sysbios_knl_Task_allBlockedFunc__C                           
0000b4ac  ti_sysbios_knl_Task_defaultStackHeap__C                         
0000b4b0  ti_sysbios_knl_Task_defaultStackSize__C                         
0000b4b4  ti_sysbios_knl_Task_numConstructedTasks__C                      
0000b4b8  xdc_runtime_Assert_E_assertFailed__C                            
0000b4bc  xdc_runtime_Core_A_initializedParams__C                         
0000b4c0  xdc_runtime_Core_Module__diagsEnabled__C                        
0000b4c4  xdc_runtime_Core_Module__diagsIncluded__C                       
0000b4c8  xdc_runtime_Core_Module__diagsMask__C                           
0000b4cc  xdc_runtime_Error_E_memory__C                                   
0000b4d0  xdc_runtime_Error_policyFxn__C                                  
0000b4d4  xdc_runtime_Error_raiseHook__C                                  
0000b4d8  xdc_runtime_IGateProvider_Interface__BASE__C                    
0000b4dc  xdc_runtime_IHeap_Interface__BASE__C                            
0000b4e0  xdc_runtime_IModule_Interface__BASE__C                          
0000b4e4  xdc_runtime_Memory_defaultHeapInstance__C                       
0000b4e8  xdc_runtime_Startup_execImpl__C                                 
0000b4ec  xdc_runtime_Startup_maxPasses__C                                
0000b4f0  xdc_runtime_Startup_sfxnRts__C                                  
0000b4f4  xdc_runtime_Startup_sfxnTab__C                                  
0000b4f8  xdc_runtime_SysMin_bufSize__C                                   
0000b4fc  xdc_runtime_SysMin_outputFunc__C                                
0000b500  xdc_runtime_System_Module__gateObj__C                           
0000b504  xdc_runtime_System_abortFxn__C                                  
0000b508  xdc_runtime_System_exitFxn__C                                   
0000b50c  xdc_runtime_System_extendFxn__C                                 
0000b510  xdc_runtime_System_maxAtexitHandlers__C                         
0000b514  xdc_runtime_Text_charTab__C                                     
0000b518  xdc_runtime_Text_nodeTab__C                                     
0000b51c  xdc_runtime_Text_visitRopeFxn__C                                
0000b520  ti_sysbios_family_arm_msp432_init_Boot_bypassHFXT__C            
0000b522  ti_sysbios_family_arm_msp432_init_Boot_bypassLFXT__C            
0000b524  ti_sysbios_family_arm_msp432_init_Boot_enableHFXT__C            
0000b526  ti_sysbios_family_arm_msp432_init_Boot_enableLFXT__C            
0000b528  ti_sysbios_hal_Hwi_Module__id__C                                
0000b52a  ti_sysbios_heaps_HeapMem_Module__id__C                          
0000b52c  ti_sysbios_knl_Task_Module__id__C                               
0000b52e  xdc_runtime_Core_Module__id__C                                  
0000b530  xdc_runtime_Error_Module__loggerDefined__C                      
0000b532  xdc_runtime_Error_maxDepth__C                                   
0000b534  xdc_runtime_Memory_Module__id__C                                
0000b536  xdc_runtime_SysMin_flushAtExit__C                               
0000b538  xdc_runtime_Text_isLoaded__C                                    
0000b53a  xdc_runtime_Text_registryModsLastId__C                          
0000b53c  xdc_runtime_Text_unnamedModsLastId__C                           
0000b53e  xdc_runtime_Error_policy__C                                     
0000b540  __TI_static_base__                                              
0000b794  __TI_Handler_Table_Base                                         
0000b7a0  __TI_Handler_Table_Limit                                        
0000b7a8  __TI_CINIT_Base                                                 
0000b7b8  __TI_CINIT_Limit                                                
20000000  __start___llvm_prf_cnts                                         
20000000  __stop___llvm_prf_cnts                                          
20000000  ti_sysbios_family_arm_m3_Hwi_ramVectors                         
20000140  __primary_heap_start__                                          
20008140  __primary_heap_end__                                            
20008140  task1Stack                                                      
20008940  task2Stack                                                      
20009140  ti_sysbios_knl_Task_Instance_State_0_stack__A                   
20009340  xdc_runtime_SysMin_Module_State_0_outbuf__A                     
20009540  ti_sysbios_family_arm_m3_Hwi_dispatchTable                      
20009680  __CIOBUF_                                                       
200097a0  __TI_tmpnams                                                    
20009840  uartMSP432Objects                                               
200098c0  task1Struct                                                     
20009910  task2Struct                                                     
20009960  uartParams                                                      
200099ac  parmbuf                                                         
200099b4  ClockP_tickPeriod                                               
200099b8  uart                                                            
200099bc  PowerMSP432_perfLevels                                          
20009afc  _ftable                                                         
20009bec  ti_sysbios_knl_Swi_Module_State_0_readyQ__A                     
20009c6c  ti_sysbios_knl_Task_Module_State_0_readyQ__A                    
20009cec  _device                                                         
20009d64  _stream                                                         
20009db4  ti_sysbios_knl_Task_Object__table__V                            
20009e00  ti_sysbios_family_arm_msp432_Timer_Object__table__V             
20009e44  ti_sysbios_knl_Task_Module__state__V                            
20009e88  ti_sysbios_gates_GateMutex_Object__table__V                     
20009ec0  ti_sysbios_family_arm_m3_Hwi_Module__state__V                   
20009ef4  ti_sysbios_knl_Swi_Object__table__V                             
20009f24  PowerMSP432_module                                              
20009f50  ti_sysbios_knl_Clock_Module__state__V                           
20009f7c  ti_sysbios_BIOS_Module__state__V                                
20009fa0  ti_sysbios_family_arm_msp432_Timer_Module_State_0_device__A     
20009fc0  xdc_runtime_Error_IgnoreBlock                                   
20009fe0  ti_sysbios_knl_Swi_Module__state__V                             
20009ffc  ti_sysbios_family_arm_m3_Hwi_Object__table__V                   
2000a014  ti_sysbios_heaps_HeapMem_Object__table__V                       
2000a02c  __TI_ft_end                                                     
2000a030  __aeabi_stdin                                                   
2000a034  __aeabi_stdout                                                  
2000a038  __aeabi_stderr                                                  
2000a03c  ti_sysbios_family_arm_msp432_Timer_Module_State_0_handles__A    
2000a04c  __TI_cleanup_ptr                                                
2000a050  __TI_dtors_ptr                                                  
2000a054  __TI_enable_exit_profile_output                                 
2000a058  ti_sysbios_family_arm_msp432_ClockFreqs_Module__state__V        
2000a064  ti_sysbios_family_arm_msp432_Timer_Module__state__V             
2000a070  xdc_runtime_SysMin_Module__state__V                             
2000a07c  _lock                                                           
2000a080  _unlock                                                         
2000a084  ti_sysbios_family_arm_m3_Hwi_Module__root__V                    
2000a08c  ti_sysbios_gates_GateHwi_Module__root__V                        
2000a094  ti_sysbios_gates_GateMutex_Module__root__V                      
2000a09c  ti_sysbios_heaps_HeapMem_Module__root__V                        
2000a0a4  ti_sysbios_knl_Clock_Module__root__V                            
2000a0ac  ti_sysbios_knl_Queue_Module__root__V                            
2000a0b4  ti_sysbios_knl_Semaphore_Module__root__V                        
2000a0bc  ti_sysbios_knl_Task_Module__root__V                             
2000a0c4  xdc_runtime_Registry_Module__state__V                           
2000a0cc  xdc_runtime_Startup_Module__state__V                            
2000a0d4  xdc_runtime_System_Module_State_0_atexitHandlers__A             
2000a0dc  xdc_runtime_System_Module__state__V                             
2000a0e4  errno                                                           
2000a0e8  main_func_sp                                                    
2000a0ec  ti_sysbios_family_arm_m3_Hwi_Module_State_0_excContext__A       
2000a0f0  ti_sysbios_family_arm_m3_Hwi_Module_State_0_excStack__A         
2000a0f4  ti_sysbios_gates_GateHwi_Object__table__V                       
2000a0f8  ti_sysbios_knl_Task_Module_State_0_idleTask__A                  
2000a0fc  xdc_runtime_Memory_Module__state__V                             
2000a100  ti_sysbios_family_arm_m3_Hwi_Module_State_0_excActive__A        
2000a102  xdc_runtime_Error_Module__state__V                              
2000fc00  __stack                                                         
20010000  __STACK_END                                                     
4000480c  WDTCTL_SYM                                                      
e000e000  ti_sysbios_family_arm_m3_Hwi_nvic                               
ffffffff  __TI_pprof_out_hndl                                             
ffffffff  __TI_prof_data_size                                             
ffffffff  __TI_prof_data_start                                            
ffffffff  __binit__                                                       
ffffffff  __c_args__                                                      
ffffffff  binit                                                           
UNDEFED   SHT$$INIT_ARRAY$$Base                                           
UNDEFED   SHT$$INIT_ARRAY$$Limit                                          

[675 symbols]
